Running frontier nodes=32 ranks_per_node=9 dist=hierarchical mode=fixed expected_us=10 max_upper_fanout=4
RESULT distributor=hierarchical mode=fixed expected_us=10 nodes=32 world_size=288 max_upper_fanout=4 total_tasks=19689610 elapsed_s=20.0013 throughput_tasks_per_s=984416
MPICH Notice [Rank 0] [job id 5138958.0] [Sun Aug  2 04:25:38 2026] [frontier03195] - Abort(0) (rank 0 in comm 0): application called MPI_Abort(MPI_COMM_WORLD, 0) - process 0

aborting job:
application called MPI_Abort(MPI_COMM_WORLD, 0) - process 0
srun: error: frontier03195: task 0: Exited with exit code 255
srun: Terminating StepId=5138958.0
[2026-08-02T04:25:39.025] error: *** STEP 5138958.0 ON frontier03195 CANCELLED AT 2026-08-02T04:25:39 DUE TO TASK FAILURE ***
srun: error: frontier04472: tasks 18-26: Terminated
srun: error: frontier07386: tasks 198-206: Terminated
srun: error: frontier04215: tasks 9-17: Terminated
srun: error: frontier05740: tasks 90-98: Terminated
srun: error: frontier07245: tasks 189-197: Terminated
srun: error: frontier03195: tasks 1-8: Terminated
srun: error: frontier05494: tasks 72-80: Terminated
srun: error: frontier07931: tasks 225-233: Terminated
srun: error: frontier08567: tasks 261-269: Terminated
srun: error: frontier04735: tasks 36-44: Terminated
srun: error: frontier07130: tasks 180-188: Terminated
srun: error: frontier04576: tasks 27-35: Terminated
srun: error: frontier08695: tasks 270-278: Terminated
srun: error: frontier06363: tasks 126-134: Terminated
srun: error: frontier05626: tasks 81-89: Terminated
srun: error: frontier06528: tasks 135-143: Terminated
srun: error: frontier05100: tasks 54-62: Terminated
srun: error: frontier08319: tasks 252-260: Terminated
srun: error: frontier05881: tasks 99-107: Terminated
srun: error: frontier04843: tasks 45-53: Terminated
srun: error: frontier08827: tasks 279-287: Terminated
srun: error: frontier06732: tasks 153-161: Terminated
srun: error: frontier07642: tasks 216-224: Terminated
srun: error: frontier05368: tasks 63-71: Terminated
srun: error: frontier06227: tasks 117-125: Terminated
srun: error: frontier06996: tasks 171-179: Terminated
srun: error: frontier08185: tasks 243-251: Terminated
srun: error: frontier06885: tasks 162-170: Terminated
srun: error: frontier08025: tasks 234-242: Terminated
srun: error: frontier07514: tasks 207-215: Terminated
srun: error: frontier06009: tasks 108-116: Terminated
srun: error: frontier06621: tasks 144-152: Terminated
srun: Force Terminated StepId=5138958.0
Running frontier nodes=32 ranks_per_node=9 dist=hierarchical mode=fixed expected_us=100 max_upper_fanout=4
srun: Step created for StepId=5138958.1
RESULT distributor=hierarchical mode=fixed expected_us=100 nodes=32 world_size=288 max_upper_fanout=4 total_tasks=19300020 elapsed_s=20.0014 throughput_tasks_per_s=964933
MPICH Notice [Rank 0] [job id 5138958.1] [Sun Aug  2 04:26:00 2026] [frontier03195] - Abort(0) (rank 0 in comm 0): application called MPI_Abort(MPI_COMM_WORLD, 0) - process 0

aborting job:
application called MPI_Abort(MPI_COMM_WORLD, 0) - process 0
srun: error: frontier03195: task 0: Exited with exit code 255
srun: Terminating StepId=5138958.1
[2026-08-02T04:26:00.265] error: *** STEP 5138958.1 ON frontier03195 CANCELLED AT 2026-08-02T04:26:00 DUE TO TASK FAILURE ***
srun: error: frontier04735: tasks 36-44: Terminated
srun: error: frontier05881: tasks 99-107: Terminated
srun: error: frontier06363: tasks 126-134: Terminated
srun: error: frontier08827: tasks 279-287: Terminated
srun: error: frontier08185: tasks 243-251: Terminated
srun: error: frontier06528: tasks 135-143: Terminated
srun: error: frontier05100: tasks 54-62: Terminated
srun: error: frontier08695: tasks 270-278: Terminated
srun: error: frontier07642: tasks 216-224: Terminated
srun: error: frontier03195: tasks 1-8: Terminated
srun: error: frontier06732: tasks 153-161: Terminated
srun: error: frontier04215: tasks 9-17: Terminated
srun: error: frontier04576: tasks 27-35: Terminated
srun: error: frontier04472: tasks 18-26: Terminated
srun: error: frontier05368: tasks 63-71: Terminated
srun: error: frontier07931: tasks 225-233: Terminated
srun: error: frontier06996: tasks 171-179: Terminated
srun: error: frontier08319: tasks 252-260: Terminated
srun: error: frontier07514: tasks 207-215: Terminated
srun: error: frontier06227: tasks 117-125: Terminated
srun: error: frontier05626: tasks 81-89: Terminated
srun: error: frontier06009: tasks 108-116: Terminated
srun: error: frontier06885: tasks 162-170: Terminated
srun: error: frontier08567: tasks 261-269: Terminated
srun: error: frontier04843: tasks 45-53: Terminated
srun: error: frontier08025: tasks 234-242: Terminated
srun: error: frontier05494: tasks 72-80: Terminated
srun: error: frontier06621: tasks 144-152: Terminated
srun: error: frontier07245: tasks 189-197: Terminated
srun: error: frontier07130: tasks 180-188: Terminated
srun: error: frontier07386: tasks 198-206: Terminated
srun: error: frontier05740: tasks 90-98: Terminated
srun: Force Terminated StepId=5138958.1
Running frontier nodes=32 ranks_per_node=9 dist=hierarchical mode=fixed expected_us=1000 max_upper_fanout=4
srun: Step created for StepId=5138958.2
RESULT distributor=hierarchical mode=fixed expected_us=1000 nodes=32 world_size=288 max_upper_fanout=4 total_tasks=5084204 elapsed_s=20.0082 throughput_tasks_per_s=254107
MPICH Notice [Rank 0] [job id 5138958.2] [Sun Aug  2 04:26:32 2026] [frontier03195] - Abort(0) (rank 0 in comm 0): application called MPI_Abort(MPI_COMM_WORLD, 0) - process 0

aborting job:
application called MPI_Abort(MPI_COMM_WORLD, 0) - process 0
srun: error: frontier03195: task 0: Exited with exit code 255
srun: Terminating StepId=5138958.2
[2026-08-02T04:26:32.569] error: *** STEP 5138958.2 ON frontier03195 CANCELLED AT 2026-08-02T04:26:32 DUE TO TASK FAILURE ***
srun: error: frontier03195: tasks 1-8: Terminated
srun: error: frontier04843: tasks 45-53: Terminated
srun: error: frontier04472: tasks 18-26: Terminated
srun: error: frontier05740: tasks 90-98: Terminated
srun: error: frontier08827: tasks 279-287: Terminated
srun: error: frontier06363: tasks 126-134: Terminated
srun: error: frontier06732: tasks 153-161: Terminated
srun: error: frontier06621: tasks 144-152: Terminated
srun: error: frontier06528: tasks 135-143: Terminated
srun: error: frontier07514: tasks 207-215: Terminated
srun: error: frontier08025: tasks 234-242: Terminated
srun: error: frontier07642: tasks 216-224: Terminated
srun: error: frontier04576: tasks 27-35: Terminated
srun: error: frontier08695: tasks 270-278: Terminated
srun: error: frontier06009: tasks 108-116: Terminated
srun: error: frontier06996: tasks 171-179: Terminated
srun: error: frontier07245: tasks 189-197: Terminated
srun: error: frontier06885: tasks 162-170: Terminated
srun: error: frontier07386: tasks 198-206: Terminated
srun: error: frontier05494: tasks 72-80: Terminated
srun: error: frontier04735: tasks 36-44: Terminated
srun: error: frontier05881: tasks 99-107: Terminated
srun: error: frontier04215: tasks 9-17: Terminated
srun: error: frontier05100: tasks 54-62: Terminated
srun: error: frontier08185: tasks 243-250: Terminated
srun: error: frontier08185: task 251: Terminated
srun: error: frontier08319: tasks 252-260: Terminated
srun: error: frontier08567: tasks 261-269: Terminated
srun: error: frontier07931: tasks 225-233: Terminated
srun: error: frontier07130: tasks 180-188: Terminated
srun: error: frontier05368: tasks 63-71: Terminated
srun: error: frontier06227: tasks 117-125: Terminated
srun: error: frontier05626: tasks 81-89: Terminated
srun: Force Terminated StepId=5138958.2
Running frontier nodes=32 ranks_per_node=9 dist=hierarchical mode=random expected_us=10 max_upper_fanout=4
srun: Step created for StepId=5138958.3
RESULT distributor=hierarchical mode=random expected_us=10 nodes=32 world_size=288 max_upper_fanout=4 total_tasks=19872982 elapsed_s=20.001 throughput_tasks_per_s=993597
MPICH Notice [Rank 0] [job id 5138958.3] [Sun Aug  2 04:26:55 2026] [frontier03195] - Abort(0) (rank 0 in comm 0): application called MPI_Abort(MPI_COMM_WORLD, 0) - process 0

aborting job:
application called MPI_Abort(MPI_COMM_WORLD, 0) - process 0
srun: error: frontier03195: task 0: Exited with exit code 255
srun: Terminating StepId=5138958.3
[2026-08-02T04:26:55.165] error: *** STEP 5138958.3 ON frontier03195 CANCELLED AT 2026-08-02T04:26:55 DUE TO TASK FAILURE ***
srun: error: frontier03195: tasks 1-8: Terminated
srun: error: frontier05881: tasks 99-107: Terminated
srun: error: frontier04735: tasks 36-44: Terminated
srun: error: frontier07386: tasks 198-206: Terminated
srun: error: frontier08695: tasks 270-278: Terminated
srun: error: frontier04472: tasks 18-26: Terminated
srun: error: frontier08827: tasks 279-287: Terminated
srun: error: frontier04215: tasks 9-17: Terminated
srun: error: frontier08319: tasks 252-260: Terminated
srun: error: frontier04576: tasks 27-35: Terminated
srun: error: frontier06363: tasks 126-134: Terminated
srun: error: frontier07245: tasks 189-197: Terminated
srun: error: frontier06009: tasks 108-116: Terminated
srun: error: frontier06732: tasks 153-161: Terminated
srun: error: frontier06528: tasks 135-143: Terminated
srun: error: frontier07642: tasks 216-224: Terminated
srun: error: frontier06996: tasks 171-179: Terminated
srun: error: frontier05494: tasks 72-80: Terminated
srun: error: frontier05740: tasks 90-98: Terminated
srun: error: frontier06885: tasks 162-170: Terminated
srun: error: frontier08567: tasks 261-269: Terminated
srun: error: frontier07130: tasks 180-188: Terminated
srun: error: frontier06227: tasks 117-125: Terminated
srun: error: frontier05626: tasks 81-89: Terminated
srun: error: frontier05368: tasks 63-71: Terminated
srun: error: frontier07931: tasks 225-233: Terminated
srun: error: frontier07514: tasks 207-215: Terminated
srun: error: frontier08025: tasks 234-242: Terminated
srun: error: frontier05100: tasks 54-62: Terminated
srun: error: frontier08185: tasks 243-251: Terminated
srun: error: frontier06621: tasks 144-152: Terminated
srun: error: frontier04843: tasks 45-53: Terminated
srun: Force Terminated StepId=5138958.3
Running frontier nodes=32 ranks_per_node=9 dist=hierarchical mode=random expected_us=100 max_upper_fanout=4
srun: Step created for StepId=5138958.4
RESULT distributor=hierarchical mode=random expected_us=100 nodes=32 world_size=288 max_upper_fanout=4 total_tasks=19994036 elapsed_s=20.0013 throughput_tasks_per_s=999636
MPICH Notice [Rank 0] [job id 5138958.4] [Sun Aug  2 04:27:16 2026] [frontier03195] - Abort(0) (rank 0 in comm 0): application called MPI_Abort(MPI_COMM_WORLD, 0) - process 0

aborting job:
application called MPI_Abort(MPI_COMM_WORLD, 0) - process 0
srun: error: frontier03195: task 0: Exited with exit code 255
srun: Terminating StepId=5138958.4
[2026-08-02T04:27:16.753] error: *** STEP 5138958.4 ON frontier03195 CANCELLED AT 2026-08-02T04:27:16 DUE TO TASK FAILURE ***
srun: error: frontier03195: tasks 1-8: Terminated
srun: error: frontier04472: tasks 18-26: Terminated
srun: error: frontier04735: tasks 36-44: Terminated
srun: error: frontier07386: tasks 198-206: Terminated
srun: error: frontier05100: tasks 54-62: Terminated
srun: error: frontier08319: tasks 252-260: Terminated
srun: error: frontier05626: tasks 81-89: Terminated
srun: error: frontier08567: tasks 261-269: Terminated
srun: error: frontier07130: tasks 180-188: Terminated
srun: error: frontier06363: tasks 126-134: Terminated
srun: error: frontier08827: tasks 279-287: Terminated
srun: error: frontier04843: tasks 45-53: Terminated
srun: error: frontier07931: tasks 225-233: Terminated
srun: error: frontier05368: tasks 63-71: Terminated
srun: error: frontier04576: tasks 27-35: Terminated
srun: error: frontier07642: tasks 216-224: Terminated
srun: error: frontier08025: tasks 234-242: Terminated
srun: error: frontier08185: tasks 243-251: Terminated
srun: error: frontier06621: tasks 144-152: Terminated
srun: error: frontier07514: tasks 207-215: Terminated
srun: error: frontier06227: tasks 117-125: Terminated
srun: error: frontier04215: tasks 9-17: Terminated
srun: error: frontier06885: tasks 162-170: Terminated
srun: error: frontier06996: tasks 171-179: Terminated
srun: error: frontier07245: tasks 189-197: Terminated
srun: error: frontier05881: tasks 99-107: Terminated
srun: error: frontier05494: tasks 72-80: Terminated
srun: error: frontier08695: tasks 270-278: Terminated
srun: error: frontier06528: tasks 135-143: Terminated
srun: error: frontier06009: tasks 108-116: Terminated
srun: error: frontier06732: tasks 153-161: Terminated
srun: error: frontier05740: tasks 90-98: Terminated
srun: Force Terminated StepId=5138958.4
Running frontier nodes=32 ranks_per_node=9 dist=hierarchical mode=random expected_us=1000 max_upper_fanout=4
srun: Step created for StepId=5138958.5
RESULT distributor=hierarchical mode=random expected_us=1000 nodes=32 world_size=288 max_upper_fanout=4 total_tasks=5085816 elapsed_s=20.0107 throughput_tasks_per_s=254154
MPICH Notice [Rank 0] [job id 5138958.5] [Sun Aug  2 04:27:39 2026] [frontier03195] - Abort(0) (rank 0 in comm 0): application called MPI_Abort(MPI_COMM_WORLD, 0) - process 0

aborting job:
application called MPI_Abort(MPI_COMM_WORLD, 0) - process 0
srun: error: frontier03195: task 0: Exited with exit code 255
srun: Terminating StepId=5138958.5
[2026-08-02T04:27:40.155] error: *** STEP 5138958.5 ON frontier03195 CANCELLED AT 2026-08-02T04:27:40 DUE TO TASK FAILURE ***
srun: error: frontier05740: tasks 90-98: Terminated
srun: error: frontier03195: tasks 1-8: Terminated
srun: error: frontier04215: tasks 9-17: Terminated
srun: error: frontier07386: tasks 198-206: Terminated
srun: error: frontier05100: tasks 54-62: Terminated
srun: error: frontier07514: tasks 207-215: Terminated
srun: error: frontier08025: tasks 234-242: Terminated
srun: error: frontier08695: tasks 270-278: Terminated
srun: error: frontier06528: tasks 135-143: Terminated
srun: error: frontier06996: tasks 171-179: Terminated
srun: error: frontier07245: tasks 189-197: Terminated
srun: error: frontier04735: tasks 36-44: Terminated
srun: error: frontier04472: tasks 18-26: Terminated
srun: error: frontier06621: tasks 144-152: Terminated
srun: error: frontier04843: tasks 45-53: Terminated
srun: error: frontier07642: tasks 216-224: Terminated
srun: error: frontier06363: tasks 126-134: Terminated
srun: error: frontier06885: tasks 162-170: Terminated
srun: error: frontier05494: tasks 72-80: Terminated
srun: error: frontier08827: tasks 279-287: Terminated
srun: error: frontier05881: tasks 99-107: Terminated
srun: error: frontier06009: tasks 108-116: Terminated
srun: error: frontier06732: tasks 153-161: Terminated
srun: error: frontier04576: tasks 27-35: Terminated
srun: error: frontier08567: tasks 261-269: Terminated
srun: error: frontier08319: tasks 252-260: Terminated
srun: error: frontier08185: tasks 243-251: Terminated
srun: error: frontier06227: tasks 117-125: Terminated
srun: error: frontier07931: tasks 225-233: Terminated
srun: error: frontier07130: tasks 180-188: Terminated
srun: error: frontier05368: tasks 63-71: Terminated
srun: error: frontier05626: tasks 81-89: Terminated
srun: Force Terminated StepId=5138958.5
Running frontier nodes=32 ranks_per_node=9 dist=hierarchical_async_put_lockfree mode=fixed expected_us=10 max_upper_fanout=4
srun: Step created for StepId=5138958.6
RESULT distributor=hierarchical_async_put_lockfree mode=fixed expected_us=10 nodes=32 world_size=288 max_upper_fanout=4 total_tasks=8664960 elapsed_s=20.0001 throughput_tasks_per_s=433246
MPICH Notice [Rank 0] [job id 5138958.6] [Sun Aug  2 04:28:30 2026] [frontier03195] - Abort(0) (rank 0 in comm 0): application called MPI_Abort(MPI_COMM_WORLD, 0) - process 0

aborting job:
application called MPI_Abort(MPI_COMM_WORLD, 0) - process 0
srun: error: frontier03195: task 0: Exited with exit code 255
srun: Terminating StepId=5138958.6
[2026-08-02T04:28:31.416] error: *** STEP 5138958.6 ON frontier03195 CANCELLED AT 2026-08-02T04:28:31 DUE TO TASK FAILURE ***
srun: error: frontier07514: tasks 208,210-215: Terminated
srun: error: frontier04472: tasks 19-26: Terminated
srun: error: frontier07642: tasks 217-224: Terminated
srun: error: frontier07386: tasks 199-206: Terminated
srun: error: frontier06363: tasks 127-134: Terminated
srun: error: frontier06528: tasks 136-143: Terminated
srun: error: frontier07130: tasks 181-188: Terminated
srun: error: frontier07245: tasks 190-197: Terminated
srun: error: frontier05100: tasks 55-62: Terminated
srun: error: frontier08319: tasks 253-260: Terminated
srun: error: frontier04735: tasks 38-44: Terminated
srun: error: frontier05368: tasks 64-71: Terminated
srun: error: frontier08185: tasks 244-251: Terminated
srun: error: frontier07931: tasks 226-233: Terminated
srun: error: frontier06621: tasks 145-152: Terminated
srun: error: frontier08695: tasks 271-278: Terminated
srun: error: frontier08827: tasks 280-281,283,285,287: Terminated
srun: error: frontier05494: tasks 73-80: Terminated
srun: error: frontier06996: tasks 172-176,178-179: Terminated
srun: error: frontier06227: tasks 118-125: Terminated
srun: error: frontier08567: tasks 262-269: Terminated
srun: error: frontier06732: tasks 155-161: Terminated
srun: error: frontier08025: tasks 235-242: Terminated
srun: error: frontier04576: tasks 28-35: Terminated
srun: error: frontier06885: tasks 163-170: Terminated
srun: error: frontier05626: tasks 82-89: Terminated
srun: error: frontier06009: tasks 109-116: Terminated
srun: error: frontier05740: tasks 91-94,96-97: Terminated
srun: error: frontier04215: tasks 10-17: Terminated
srun: error: frontier04843: tasks 46-53: Terminated
srun: error: frontier03195: tasks 2-8: Terminated
srun: error: frontier07514: task 209: Terminated
srun: error: frontier05881: tasks 100-107: Terminated
srun: error: frontier04735: task 37: Terminated
srun: error: frontier08827: tasks 282,284,286: Terminated
srun: error: frontier06996: task 177: Terminated
srun: error: frontier06732: task 154: Terminated
srun: error: frontier05740: tasks 95,98: Terminated
srun: error: frontier04472: task 18: Terminated
srun: error: frontier06528: task 135: Terminated
srun: error: frontier06227: task 117: Terminated
srun: error: frontier06363: task 126: Terminated
srun: error: frontier07245: task 189: Terminated
srun: error: frontier07514: task 207: Terminated
srun: error: frontier08025: task 234: Terminated
srun: error: frontier06996: task 171: Terminated
srun: error: frontier04843: task 45: Terminated
srun: error: frontier05100: task 54: Terminated
srun: error: frontier05626: task 81: Terminated
srun: error: frontier08567: task 261: Terminated
srun: error: frontier06885: task 162: Terminated
srun: error: frontier08695: task 270: Terminated
srun: error: frontier07386: task 198: Terminated
srun: error: frontier05368: task 63: Terminated
srun: error: frontier04576: task 27: Terminated
srun: error: frontier06732: task 153: Terminated
srun: error: frontier07931: task 225: Terminated
srun: error: frontier08185: task 243: Terminated
srun: error: frontier08827: task 279: Terminated
srun: error: frontier04215: task 9: Terminated
srun: error: frontier05881: task 99: Terminated
srun: error: frontier05740: task 90: Terminated
srun: error: frontier07642: task 216: Terminated
srun: error: frontier05494: task 72: Terminated
srun: error: frontier08319: task 252: Terminated
srun: error: frontier04735: task 36: Terminated
srun: error: frontier07130: task 180: Terminated
srun: error: frontier06009: task 108: Terminated
srun: error: frontier06621: task 144: Terminated
srun: error: frontier03195: task 1: Terminated
srun: Force Terminated StepId=5138958.6
Running frontier nodes=32 ranks_per_node=9 dist=hierarchical_async_put_lockfree mode=fixed expected_us=100 max_upper_fanout=4
srun: Step created for StepId=5138958.7
RESULT distributor=hierarchical_async_put_lockfree mode=fixed expected_us=100 nodes=32 world_size=288 max_upper_fanout=4 total_tasks=7576916 elapsed_s=20.0001 throughput_tasks_per_s=378843
MPICH Notice [Rank 0] [job id 5138958.7] [Sun Aug  2 04:29:17 2026] [frontier03195] - Abort(0) (rank 0 in comm 0): application called MPI_Abort(MPI_COMM_WORLD, 0) - process 0

aborting job:
application called MPI_Abort(MPI_COMM_WORLD, 0) - process 0
srun: error: frontier03195: task 0: Exited with exit code 255
srun: Terminating StepId=5138958.7
[2026-08-02T04:29:18.580] error: *** STEP 5138958.7 ON frontier03195 CANCELLED AT 2026-08-02T04:29:18 DUE TO TASK FAILURE ***
srun: error: frontier03195: tasks 2-8: Terminated
srun: error: frontier08319: tasks 253-260: Terminated
srun: error: frontier05100: tasks 55-62: Terminated
srun: error: frontier04735: tasks 37-44: Terminated
srun: error: frontier06009: tasks 109-116: Terminated
srun: error: frontier04472: tasks 19-26: Terminated
srun: error: frontier06227: tasks 118-125: Terminated
srun: error: frontier06363: tasks 127-134: Terminated
srun: error: frontier06996: tasks 172-179: Terminated
srun: error: frontier05740: tasks 91-98: Terminated
srun: error: frontier05368: tasks 64-71: Terminated
srun: error: frontier07245: tasks 190-197: Terminated
srun: error: frontier06885: tasks 163-170: Terminated
srun: error: frontier06621: tasks 145-152: Terminated
srun: error: frontier05626: tasks 82-89: Terminated
srun: error: frontier08025: tasks 235-242: Terminated
srun: error: frontier08567: tasks 262-269: Terminated
srun: error: frontier07130: tasks 181-188: Terminated
srun: error: frontier04576: tasks 28-35: Terminated
srun: error: frontier06732: tasks 154-161: Terminated
srun: error: frontier07642: tasks 217-224: Terminated
srun: error: frontier04843: tasks 46-53: Terminated
srun: error: frontier05881: tasks 100-107: Terminated
srun: error: frontier06528: tasks 136-143: Terminated
srun: error: frontier08185: tasks 244-251: Terminated
srun: error: frontier07514: tasks 208-215: Terminated
srun: error: frontier05494: tasks 73-80: Terminated
srun: error: frontier07386: tasks 199-206: Terminated
srun: error: frontier04215: tasks 10-17: Terminated
srun: error: frontier08827: tasks 280-287: Terminated
srun: error: frontier07931: tasks 226-233: Terminated
srun: error: frontier08695: tasks 271-278: Terminated
srun: error: frontier04472: task 18: Terminated
srun: error: frontier06363: task 126: Terminated
srun: error: frontier07245: task 189: Terminated
srun: error: frontier08695: task 270: Terminated
srun: error: frontier06996: task 171: Terminated
srun: error: frontier06227: task 117: Terminated
srun: error: frontier08567: task 261: Terminated
srun: error: frontier05740: task 90: Terminated
srun: error: frontier07514: task 207: Terminated
srun: error: frontier05368: task 63: Terminated
srun: error: frontier08025: task 234: Terminated
srun: error: frontier05100: task 54: Terminated
srun: error: frontier05881: task 99: Terminated
srun: error: frontier06885: task 162: Terminated
srun: error: frontier04576: task 27: Terminated
srun: error: frontier04843: task 45: Terminated
srun: error: frontier07386: task 198: Terminated
srun: error: frontier06528: task 135: Terminated
srun: error: frontier06732: task 153: Terminated
srun: error: frontier08185: task 243: Terminated
srun: error: frontier05626: task 81: Terminated
srun: error: frontier04215: task 9: Terminated
srun: error: frontier07931: task 225: Terminated
srun: error: frontier08827: task 279: Terminated
srun: error: frontier06009: task 108: Terminated
srun: error: frontier08319: task 252: Terminated
srun: error: frontier07642: task 216: Terminated
srun: error: frontier05494: task 72: Terminated
srun: error: frontier04735: task 36: Terminated
srun: error: frontier07130: task 180: Terminated
srun: error: frontier06621: task 144: Terminated
srun: error: frontier03195: task 1: Terminated
srun: Force Terminated StepId=5138958.7
Running frontier nodes=32 ranks_per_node=9 dist=hierarchical_async_put_lockfree mode=fixed expected_us=1000 max_upper_fanout=4
RESULT distributor=hierarchical_async_put_lockfree mode=fixed expected_us=1000 nodes=32 world_size=288 max_upper_fanout=4 total_tasks=1870707 elapsed_s=20.0001 throughput_tasks_per_s=93534.7
MPICH Notice [Rank 0] [job id 5138958.8] [Sun Aug  2 04:30:05 2026] [frontier03195] - Abort(0) (rank 0 in comm 0): application called MPI_Abort(MPI_COMM_WORLD, 0) - process 0

aborting job:
application called MPI_Abort(MPI_COMM_WORLD, 0) - process 0
srun: error: frontier03195: task 0: Exited with exit code 255
srun: Terminating StepId=5138958.8
[2026-08-02T04:30:05.948] error: *** STEP 5138958.8 ON frontier03195 CANCELLED AT 2026-08-02T04:30:05 DUE TO TASK FAILURE ***
srun: error: frontier03195: tasks 2-8: Terminated
srun: error: frontier05100: tasks 55-62: Terminated
srun: error: frontier08025: tasks 235-242: Terminated
srun: error: frontier05740: tasks 91-98: Terminated
srun: error: frontier07386: tasks 199-206: Terminated
srun: error: frontier07514: tasks 208-215: Terminated
srun: error: frontier07642: tasks 217-224: Terminated
srun: error: frontier08695: tasks 271-278: Terminated
srun: error: frontier04215: tasks 10-17: Terminated
srun: error: frontier08025: task 234: Terminated
srun: error: frontier07386: task 198: Terminated
srun: error: frontier07514: task 207: Terminated
srun: error: frontier05740: task 90: Terminated
srun: error: frontier08695: task 270: Terminated
srun: error: frontier05100: task 54: Terminated
srun: error: frontier04215: task 9: Terminated
srun: error: frontier04843: tasks 46-53: Terminated
srun: error: frontier06621: tasks 145-152: Terminated
srun: error: frontier04735: tasks 37-44: Terminated
srun: error: frontier07245: tasks 190-197: Terminated
srun: error: frontier04472: tasks 19-26: Terminated
srun: error: frontier06528: tasks 136-143: Terminated
srun: error: frontier06996: tasks 172-179: Terminated
srun: error: frontier04843: task 45: Terminated
srun: error: frontier04472: task 18: Terminated
srun: error: frontier07245: task 189: Terminated
srun: error: frontier06528: task 135: Terminated
srun: error: frontier06996: task 171: Terminated
srun: error: frontier07642: task 216: Terminated
srun: error: frontier06885: tasks 163-170: Terminated
srun: error: frontier06363: tasks 127-134: Terminated
srun: error: frontier06732: tasks 154-161: Terminated
srun: error: frontier06009: tasks 109-116: Terminated
srun: error: frontier04576: tasks 28-35: Terminated
srun: error: frontier08827: tasks 280-287: Terminated
srun: error: frontier05494: tasks 73-80: Terminated
srun: error: frontier05881: tasks 100-107: Terminated
srun: error: frontier04735: task 36: Terminated
srun: error: frontier06363: task 126: Terminated
srun: error: frontier06885: task 162: Terminated
srun: error: frontier06732: task 153: Terminated
srun: error: frontier04576: task 27: Terminated
srun: error: frontier05881: task 99: Terminated
srun: error: frontier08827: task 279: Terminated
srun: error: frontier03195: task 1: Terminated
srun: error: frontier08567: tasks 262-269: Terminated
srun: error: frontier08319: tasks 253-260: Terminated
srun: error: frontier08185: tasks 244-251: Terminated
srun: error: frontier06621: task 144: Terminated
srun: error: frontier05494: task 72: Terminated
srun: error: frontier06009: task 108: Terminated
srun: error: frontier08185: task 243: Terminated
srun: error: frontier08567: task 261: Terminated
srun: error: frontier07130: tasks 181-188: Terminated
srun: error: frontier05626: tasks 82-89: Terminated
srun: error: frontier07931: tasks 226-233: Terminated
srun: error: frontier06227: tasks 118-125: Terminated
srun: error: frontier05368: tasks 64-71: Terminated
srun: error: frontier06227: task 117: Terminated
srun: error: frontier05368: task 63: Terminated
srun: error: frontier05626: task 81: Terminated
srun: error: frontier07931: task 225: Terminated
srun: error: frontier08319: task 252: Terminated
srun: error: frontier07130: task 180: Terminated
srun: Force Terminated StepId=5138958.8
Running frontier nodes=32 ranks_per_node=9 dist=hierarchical_async_put_lockfree mode=random expected_us=10 max_upper_fanout=4
srun: Step created for StepId=5138958.9
RESULT distributor=hierarchical_async_put_lockfree mode=random expected_us=10 nodes=32 world_size=288 max_upper_fanout=4 total_tasks=8590256 elapsed_s=20.0002 throughput_tasks_per_s=429508
MPICH Notice [Rank 0] [job id 5138958.9] [Sun Aug  2 04:30:53 2026] [frontier03195] - Abort(0) (rank 0 in comm 0): application called MPI_Abort(MPI_COMM_WORLD, 0) - process 0

aborting job:
application called MPI_Abort(MPI_COMM_WORLD, 0) - process 0
srun: error: frontier03195: task 0: Exited with exit code 255
srun: Terminating StepId=5138958.9
[2026-08-02T04:30:54.004] error: *** STEP 5138958.9 ON frontier03195 CANCELLED AT 2026-08-02T04:30:54 DUE TO TASK FAILURE ***
srun: error: frontier03195: tasks 2-8: Terminated
srun: error: frontier04735: tasks 37-44: Terminated
srun: error: frontier07245: tasks 190-197: Terminated
srun: error: frontier08185: tasks 244-251: Terminated
srun: error: frontier08025: tasks 235-242: Terminated
srun: error: frontier07642: tasks 217-224: Terminated
srun: error: frontier07514: tasks 208-215: Terminated
srun: error: frontier07386: tasks 199-206: Terminated
srun: error: frontier05881: tasks 100-107: Terminated
srun: error: frontier05626: tasks 82-89: Terminated
srun: error: frontier08827: tasks 280-287: Terminated
srun: error: frontier08695: tasks 271-278: Terminated
srun: error: frontier08319: tasks 253-260: Terminated
srun: error: frontier05368: tasks 64-71: Terminated
srun: error: frontier04215: tasks 10-17: Terminated
srun: error: frontier07130: tasks 181-188: Terminated
srun: error: frontier06732: tasks 154-161: Terminated
srun: error: frontier08567: tasks 262-269: Terminated
srun: error: frontier04472: tasks 19-26: Terminated
srun: error: frontier04843: tasks 46-53: Terminated
srun: error: frontier06885: tasks 163-170: Terminated
srun: error: frontier07931: tasks 226-233: Terminated
srun: error: frontier06996: tasks 172-179: Terminated
srun: error: frontier05100: tasks 55-62: Terminated
srun: error: frontier04576: tasks 28-35: Terminated
srun: error: frontier06528: tasks 136-143: Terminated
srun: error: frontier06621: tasks 145-152: Terminated
srun: error: frontier06009: tasks 109-116: Terminated
srun: error: frontier05494: tasks 73-80: Terminated
srun: error: frontier06363: tasks 127-134: Terminated
srun: error: frontier05740: tasks 91-98: Terminated
srun: error: frontier06227: tasks 118-125: Terminated
srun: error: frontier07245: task 189: Terminated
srun: error: frontier06363: task 126: Terminated
srun: error: frontier08025: task 234: Terminated
srun: error: frontier08695: task 270: Terminated
srun: error: frontier04472: task 18: Terminated
srun: error: frontier07514: task 207: Terminated
srun: error: frontier07386: task 198: Terminated
srun: error: frontier05740: task 90: Terminated
srun: error: frontier08185: task 243: Terminated
srun: error: frontier04843: task 45: Terminated
srun: error: frontier05368: task 63: Terminated
srun: error: frontier06732: task 153: Terminated
srun: error: frontier08567: task 261: Terminated
srun: error: frontier06528: task 135: Terminated
srun: error: frontier06227: task 117: Terminated
srun: error: frontier08827: task 279: Terminated
srun: error: frontier04576: task 27: Terminated
srun: error: frontier05100: task 54: Terminated
srun: error: frontier06996: task 171: Terminated
srun: error: frontier04215: task 9: Terminated
srun: error: frontier06885: task 162: Terminated
srun: error: frontier05626: task 81: Terminated
srun: error: frontier05881: task 99: Terminated
srun: error: frontier07931: task 225: Terminated
srun: error: frontier07642: task 216: Terminated
srun: error: frontier04735: task 36: Terminated
srun: error: frontier07130: task 180: Terminated
srun: error: frontier06009: task 108: Terminated
srun: error: frontier05494: task 72: Terminated
srun: error: frontier08319: task 252: Terminated
srun: error: frontier06621: task 144: Terminated
srun: error: frontier03195: task 1: Terminated
srun: Force Terminated StepId=5138958.9
Running frontier nodes=32 ranks_per_node=9 dist=hierarchical_async_put_lockfree mode=random expected_us=100 max_upper_fanout=4
srun: Step created for StepId=5138958.10
RESULT distributor=hierarchical_async_put_lockfree mode=random expected_us=100 nodes=32 world_size=288 max_upper_fanout=4 total_tasks=7578900 elapsed_s=20.0002 throughput_tasks_per_s=378942
MPICH Notice [Rank 0] [job id 5138958.10] [Sun Aug  2 04:31:39 2026] [frontier03195] - Abort(0) (rank 0 in comm 0): application called MPI_Abort(MPI_COMM_WORLD, 0) - process 0

aborting job:
application called MPI_Abort(MPI_COMM_WORLD, 0) - process 0
srun: error: frontier03195: task 0: Exited with exit code 255
srun: Terminating StepId=5138958.10
[2026-08-02T04:31:41.654] error: *** STEP 5138958.10 ON frontier03195 CANCELLED AT 2026-08-02T04:31:41 DUE TO TASK FAILURE ***
srun: error: frontier03195: tasks 2-8: Terminated
srun: error: frontier05626: tasks 82-89: Terminated
srun: error: frontier05100: tasks 55-62: Terminated
srun: error: frontier06528: tasks 136-143: Terminated
srun: error: frontier06009: tasks 109-116: Terminated
srun: error: frontier04843: tasks 46-53: Terminated
srun: error: frontier06621: tasks 145-152: Terminated
srun: error: frontier08567: tasks 262-269: Terminated
srun: error: frontier07386: tasks 199-206: Terminated
srun: error: frontier07245: tasks 190-197: Terminated
srun: error: frontier06732: tasks 154-161: Terminated
srun: error: frontier05881: tasks 100-107: Terminated
srun: error: frontier07514: tasks 208-215: Terminated
srun: error: frontier05494: tasks 73-80: Terminated
srun: error: frontier08319: tasks 253-260: Terminated
srun: error: frontier06363: tasks 127-134: Terminated
srun: error: frontier07931: tasks 226-233: Terminated
srun: error: frontier08695: tasks 271-278: Terminated
srun: error: frontier06227: tasks 118-125: Terminated
srun: error: frontier05740: tasks 91-98: Terminated
srun: error: frontier04735: tasks 37-44: Terminated
srun: error: frontier06885: tasks 163-170: Terminated
srun: error: frontier08827: tasks 280-287: Terminated
srun: error: frontier07130: tasks 181-188: Terminated
srun: error: frontier04215: tasks 10-17: Terminated
srun: error: frontier08185: tasks 244-251: Terminated
srun: error: frontier06996: tasks 172-179: Terminated
srun: error: frontier07642: tasks 217-224: Terminated
srun: error: frontier05368: tasks 64-71: Terminated
srun: error: frontier04472: tasks 19-26: Terminated
srun: error: frontier08025: tasks 235-242: Terminated
srun: error: frontier04576: tasks 28-35: Terminated
srun: error: frontier08567: task 261: Terminated
srun: error: frontier07245: task 189: Terminated
srun: error: frontier04472: task 18: Terminated
srun: error: frontier06528: task 135: Terminated
srun: error: frontier06363: task 126: Terminated
srun: error: frontier06227: task 117: Terminated
srun: error: frontier05881: task 99: Terminated
srun: error: frontier06732: task 153: Terminated
srun: error: frontier07386: task 198: Terminated
srun: error: frontier08025: task 234: Terminated
srun: error: frontier05368: task 63: Terminated
srun: error: frontier07514: task 207: Terminated
srun: error: frontier08185: task 243: Terminated
srun: error: frontier08695: task 270: Terminated
srun: error: frontier05740: task 90: Terminated
srun: error: frontier06885: task 162: Terminated
srun: error: frontier04843: task 45: Terminated
srun: error: frontier05100: task 54: Terminated
srun: error: frontier08827: task 279: Terminated
srun: error: frontier04576: task 27: Terminated
srun: error: frontier05626: task 81: Terminated
srun: error: frontier04215: task 9: Terminated
srun: error: frontier07931: task 225: Terminated
srun: error: frontier06996: task 171: Terminated
srun: error: frontier06009: task 108: Terminated
srun: error: frontier07642: task 216: Terminated
srun: error: frontier08319: task 252: Terminated
srun: error: frontier05494: task 72: Terminated
srun: error: frontier07130: task 180: Terminated
srun: error: frontier04735: task 36: Terminated
srun: error: frontier06621: task 144: Terminated
srun: error: frontier03195: task 1: Terminated
srun: Force Terminated StepId=5138958.10
Running frontier nodes=32 ranks_per_node=9 dist=hierarchical_async_put_lockfree mode=random expected_us=1000 max_upper_fanout=4
RESULT distributor=hierarchical_async_put_lockfree mode=random expected_us=1000 nodes=32 world_size=288 max_upper_fanout=4 total_tasks=1715502 elapsed_s=20.0003 throughput_tasks_per_s=85774
MPICH Notice [Rank 0] [job id 5138958.11] [Sun Aug  2 04:32:28 2026] [frontier03195] - Abort(0) (rank 0 in comm 0): application called MPI_Abort(MPI_COMM_WORLD, 0) - process 0

aborting job:
application called MPI_Abort(MPI_COMM_WORLD, 0) - process 0
srun: error: frontier03195: task 0: Exited with exit code 255
srun: Terminating StepId=5138958.11
[2026-08-02T04:32:29.024] error: *** STEP 5138958.11 ON frontier03195 CANCELLED AT 2026-08-02T04:32:29 DUE TO TASK FAILURE ***
srun: error: frontier04215: tasks 10-17: Terminated
srun: error: frontier05740: tasks 91-98: Terminated
srun: error: frontier04843: tasks 46-53: Terminated
srun: error: frontier08695: tasks 271-278: Terminated
srun: error: frontier06885: tasks 163-170: Terminated
srun: error: frontier07514: tasks 208-215: Terminated
srun: error: frontier07130: tasks 181-188: Terminated
srun: error: frontier08319: tasks 253-260: Terminated
srun: error: frontier06009: tasks 109-116: Terminated
srun: error: frontier06227: tasks 118-125: Terminated
srun: error: frontier03195: tasks 2-8: Terminated
srun: error: frontier06732: tasks 154-161: Terminated
srun: error: frontier05368: tasks 64-71: Terminated
srun: error: frontier08025: tasks 235-242: Terminated
srun: error: frontier05100: tasks 55-62: Terminated
srun: error: frontier04472: tasks 19-26: Terminated
srun: error: frontier08567: tasks 262-269: Terminated
srun: error: frontier05626: tasks 82-89: Terminated
srun: error: frontier04576: tasks 28-35: Terminated
srun: error: frontier05881: tasks 100-107: Terminated
srun: error: frontier07642: tasks 217-224: Terminated
srun: error: frontier04735: tasks 37-44: Terminated
srun: error: frontier06996: tasks 172-179: Terminated
srun: error: frontier07931: tasks 226-233: Terminated
srun: error: frontier06363: tasks 127-134: Terminated
srun: error: frontier06621: tasks 145-152: Terminated
srun: error: frontier07245: tasks 190-197: Terminated
srun: error: frontier08827: tasks 280-287: Terminated
srun: error: frontier08185: tasks 244-251: Terminated
srun: error: frontier07386: tasks 199-206: Terminated
srun: error: frontier06528: tasks 136-143: Terminated
srun: error: frontier05494: tasks 73-80: Terminated
srun: error: frontier05368: task 63: Terminated
srun: error: frontier07386: task 198: Terminated
srun: error: frontier04472: task 18: Terminated
srun: error: frontier06227: task 117: Terminated
srun: error: frontier07245: task 189: Terminated
srun: error: frontier08695: task 270: Terminated
srun: error: frontier08025: task 234: Terminated
srun: error: frontier07514: task 207: Terminated
srun: error: frontier08567: task 261: Terminated
srun: error: frontier05100: task 54: Terminated
srun: error: frontier06363: task 126: Terminated
srun: error: frontier06996: task 171: Terminated
srun: error: frontier06732: task 153: Terminated
srun: error: frontier05740: task 90: Terminated
srun: error: frontier08185: task 243: Terminated
srun: error: frontier04215: task 9: Terminated
srun: error: frontier05881: task 99: Terminated
srun: error: frontier04576: task 27: Terminated
srun: error: frontier06885: task 162: Terminated
srun: error: frontier05626: task 81: Terminated
srun: error: frontier04843: task 45: Terminated
srun: error: frontier08827: task 279: Terminated
srun: error: frontier07931: task 225: Terminated
srun: error: frontier06528: task 135: Terminated
srun: error: frontier07642: task 216: Terminated
srun: error: frontier06009: task 108: Terminated
srun: error: frontier05494: task 72: Terminated
srun: error: frontier03195: task 1: Terminated
srun: error: frontier06621: task 144: Terminated
srun: error: frontier04735: task 36: Terminated
srun: error: frontier07130: task 180: Terminated
srun: error: frontier08319: task 252: Terminated
srun: Force Terminated StepId=5138958.11
Running frontier nodes=32 ranks_per_node=56 dist=hierarchical mode=fixed expected_us=10 max_upper_fanout=4
srun: Step created for StepId=5138958.12
RESULT distributor=hierarchical mode=fixed expected_us=10 nodes=32 world_size=1792 max_upper_fanout=4 total_tasks=33824898 elapsed_s=20.0049 throughput_tasks_per_s=1.69083e+06
MPICH Notice [Rank 0] [job id 5138958.12] [Sun Aug  2 04:33:10 2026] [frontier03195] - Abort(0) (rank 0 in comm 0): application called MPI_Abort(MPI_COMM_WORLD, 0) - process 0

aborting job:
application called MPI_Abort(MPI_COMM_WORLD, 0) - process 0
srun: error: frontier03195: task 0: Exited with exit code 255
srun: Terminating StepId=5138958.12
[2026-08-02T04:33:10.972] error: *** STEP 5138958.12 ON frontier03195 CANCELLED AT 2026-08-02T04:33:10 DUE TO TASK FAILURE ***
srun: error: frontier03195: tasks 1-55: Terminated
srun: error: frontier06227: tasks 728-783: Terminated
srun: error: frontier04735: tasks 224-279: Terminated
srun: error: frontier05881: tasks 616-671: Terminated
srun: error: frontier07130: tasks 1120-1175: Terminated
srun: error: frontier08827: tasks 1736-1791: Terminated
srun: error: frontier08319: tasks 1568-1623: Terminated
srun: error: frontier07931: tasks 1400-1455: Terminated
srun: error: frontier05494: tasks 448-503: Terminated
srun: error: frontier05100: tasks 336-391: Terminated
srun: error: frontier05368: tasks 392-447: Terminated
srun: error: frontier06528: tasks 840-895: Terminated
srun: error: frontier07514: tasks 1288-1343: Terminated
srun: error: frontier04843: tasks 280-335: Terminated
srun: error: frontier06621: tasks 896-951: Terminated
srun: error: frontier08025: tasks 1456-1511: Terminated
srun: error: frontier06009: tasks 672-727: Terminated
srun: error: frontier04576: tasks 168-223: Terminated
srun: error: frontier06996: tasks 1064-1119: Terminated
srun: error: frontier05740: tasks 560-615: Terminated
srun: error: frontier06363: tasks 784-839: Terminated
srun: error: frontier08695: tasks 1680-1735: Terminated
srun: error: frontier06885: tasks 1008-1063: Terminated
srun: error: frontier07642: tasks 1344-1399: Terminated
srun: error: frontier04215: tasks 56-111: Terminated
srun: error: frontier08567: tasks 1624-1679: Terminated
srun: error: frontier04472: tasks 112-167: Terminated
srun: error: frontier08185: tasks 1512-1567: Terminated
srun: error: frontier06732: tasks 952-1007: Terminated
srun: error: frontier07386: tasks 1232-1287: Terminated
srun: error: frontier05626: tasks 504-559: Terminated
srun: error: frontier07245: tasks 1176-1231: Terminated
srun: Force Terminated StepId=5138958.12
Running frontier nodes=32 ranks_per_node=56 dist=hierarchical mode=fixed expected_us=100 max_upper_fanout=4
srun: Step created for StepId=5138958.13
RESULT distributor=hierarchical mode=fixed expected_us=100 nodes=32 world_size=1792 max_upper_fanout=4 total_tasks=23069728 elapsed_s=20.0063 throughput_tasks_per_s=1.15313e+06
MPICH Notice [Rank 0] [job id 5138958.13] [Sun Aug  2 04:33:33 2026] [frontier03195] - Abort(0) (rank 0 in comm 0): application called MPI_Abort(MPI_COMM_WORLD, 0) - process 0

aborting job:
application called MPI_Abort(MPI_COMM_WORLD, 0) - process 0
srun: error: frontier03195: task 0: Exited with exit code 255
srun: Terminating StepId=5138958.13
[2026-08-02T04:33:33.234] error: *** STEP 5138958.13 ON frontier03195 CANCELLED AT 2026-08-02T04:33:33 DUE TO TASK FAILURE ***
srun: error: frontier03195: tasks 1-55: Terminated
srun: error: frontier04472: tasks 112-167: Terminated
srun: error: frontier06528: tasks 840-895: Terminated
srun: error: frontier07931: tasks 1400-1455: Terminated
srun: error: frontier04735: tasks 224-279: Terminated
srun: error: frontier08827: tasks 1736-1791: Terminated
srun: error: frontier04843: tasks 280-335: Terminated
srun: error: frontier05368: tasks 392-447: Terminated
srun: error: frontier04576: tasks 168-223: Terminated
srun: error: frontier05740: tasks 560-615: Terminated
srun: error: frontier08319: tasks 1568-1623: Terminated
srun: error: frontier06363: tasks 784-839: Terminated
srun: error: frontier04215: tasks 56-111: Terminated
srun: error: frontier07642: tasks 1344-1399: Terminated
srun: error: frontier06227: tasks 728-783: Terminated
srun: error: frontier08025: tasks 1456-1511: Terminated
srun: error: frontier06732: tasks 952-1007: Terminated
srun: error: frontier07130: tasks 1120-1175: Terminated
srun: error: frontier06621: tasks 896-951: Terminated
srun: error: frontier06009: tasks 672-727: Terminated
srun: error: frontier05100: tasks 336-391: Terminated
srun: error: frontier07386: tasks 1232-1287: Terminated
srun: error: frontier08185: tasks 1512-1567: Terminated
srun: error: frontier07245: tasks 1176-1231: Terminated
srun: error: frontier05881: tasks 616-671: Terminated
srun: error: frontier08695: tasks 1680-1735: Terminated
srun: error: frontier08567: tasks 1624-1679: Terminated
srun: error: frontier05494: tasks 448-503: Terminated
srun: error: frontier07514: tasks 1288-1343: Terminated
srun: error: frontier05626: tasks 504-559: Terminated
srun: error: frontier06885: tasks 1008-1063: Terminated
srun: error: frontier06996: tasks 1064-1119: Terminated
srun: Force Terminated StepId=5138958.13
Running frontier nodes=32 ranks_per_node=56 dist=hierarchical mode=fixed expected_us=1000 max_upper_fanout=4
srun: Step created for StepId=5138958.14
RESULT distributor=hierarchical mode=fixed expected_us=1000 nodes=32 world_size=1792 max_upper_fanout=4 total_tasks=35049550 elapsed_s=20.0082 throughput_tasks_per_s=1.75176e+06
MPICH Notice [Rank 0] [job id 5138958.14] [Sun Aug  2 04:34:08 2026] [frontier03195] - Abort(0) (rank 0 in comm 0): application called MPI_Abort(MPI_COMM_WORLD, 0) - process 0

aborting job:
application called MPI_Abort(MPI_COMM_WORLD, 0) - process 0
srun: error: frontier03195: task 0: Exited with exit code 255
srun: Terminating StepId=5138958.14
[2026-08-02T04:34:08.665] error: *** STEP 5138958.14 ON frontier03195 CANCELLED AT 2026-08-02T04:34:08 DUE TO TASK FAILURE ***
srun: error: frontier03195: tasks 1-55: Terminated
srun: error: frontier06528: tasks 840-895: Terminated
srun: error: frontier04472: tasks 112-167: Terminated
srun: error: frontier06996: tasks 1064-1119: Terminated
srun: error: frontier07245: tasks 1176-1231: Terminated
srun: error: frontier05100: tasks 336-391: Terminated
srun: error: frontier07386: tasks 1232-1287: Terminated
srun: error: frontier08695: tasks 1680-1735: Terminated
srun: error: frontier04735: tasks 224-279: Terminated
srun: error: frontier05740: tasks 560-615: Terminated
srun: error: frontier08025: tasks 1456-1511: Terminated
srun: error: frontier04215: tasks 56-111: Terminated
srun: error: frontier07642: tasks 1344-1399: Terminated
srun: error: frontier07514: tasks 1288-1343: Terminated
srun: error: frontier06009: tasks 672-727: Terminated
srun: error: frontier04576: tasks 168-223: Terminated
srun: error: frontier05881: tasks 616-671: Terminated
srun: error: frontier05494: tasks 448-503: Terminated
srun: error: frontier06732: tasks 952-1007: Terminated
srun: error: frontier08827: tasks 1736-1791: Terminated
srun: error: frontier06885: tasks 1008-1063: Terminated
srun: error: frontier06363: tasks 784-839: Terminated
srun: error: frontier04843: tasks 280-335: Terminated
srun: error: frontier06621: tasks 896-951: Terminated
srun: error: frontier08567: tasks 1624-1679: Terminated
srun: error: frontier08319: tasks 1568-1623: Terminated
srun: error: frontier08185: tasks 1512-1567: Terminated
srun: error: frontier05626: tasks 504-559: Terminated
srun: error: frontier07931: tasks 1400-1455: Terminated
srun: error: frontier07130: tasks 1120-1175: Terminated
srun: error: frontier06227: tasks 728-783: Terminated
srun: error: frontier05368: tasks 392-447: Terminated
srun: Force Terminated StepId=5138958.14
Running frontier nodes=32 ranks_per_node=56 dist=hierarchical mode=random expected_us=10 max_upper_fanout=4
srun: Step created for StepId=5138958.15
RESULT distributor=hierarchical mode=random expected_us=10 nodes=32 world_size=1792 max_upper_fanout=4 total_tasks=34306322 elapsed_s=20.0043 throughput_tasks_per_s=1.71494e+06
MPICH Notice [Rank 0] [job id 5138958.15] [Sun Aug  2 04:34:33 2026] [frontier03195] - Abort(0) (rank 0 in comm 0): application called MPI_Abort(MPI_COMM_WORLD, 0) - process 0

aborting job:
application called MPI_Abort(MPI_COMM_WORLD, 0) - process 0
srun: error: frontier03195: task 0: Exited with exit code 255
srun: Terminating StepId=5138958.15
[2026-08-02T04:34:37.945] error: *** STEP 5138958.15 ON frontier03195 CANCELLED AT 2026-08-02T04:34:37 DUE TO TASK FAILURE ***
srun: error: frontier03195: tasks 1-55: Terminated
srun: error: frontier04576: tasks 168-223: Terminated
srun: error: frontier05626: tasks 504-559: Terminated
srun: error: frontier07130: tasks 1120-1175: Terminated
srun: error: frontier04735: tasks 224-279: Terminated
srun: error: frontier07931: tasks 1400-1455: Terminated
srun: error: frontier06528: tasks 840-895: Terminated
srun: error: frontier07245: tasks 1176-1231: Terminated
srun: error: frontier06227: tasks 728-783: Terminated
srun: error: frontier08695: tasks 1680-1735: Terminated
srun: error: frontier04472: tasks 112-167: Terminated
srun: error: frontier05368: tasks 392-447: Terminated
srun: error: frontier05100: tasks 336-391: Terminated
srun: error: frontier05881: tasks 616-671: Terminated
srun: error: frontier05494: tasks 448-503: Terminated
srun: error: frontier08567: tasks 1624-1679: Terminated
srun: error: frontier08185: tasks 1512-1567: Terminated
srun: error: frontier07386: tasks 1232-1287: Terminated
srun: error: frontier08827: tasks 1736-1791: Terminated
srun: error: frontier08319: tasks 1568-1623: Terminated
srun: error: frontier04843: tasks 280-335: Terminated
srun: error: frontier05740: tasks 560-615: Terminated
srun: error: frontier06885: tasks 1008-1063: Terminated
srun: error: frontier06621: tasks 896-951: Terminated
srun: error: frontier06363: tasks 784-839: Terminated
srun: error: frontier08025: tasks 1456-1511: Terminated
srun: error: frontier06009: tasks 672-727: Terminated
srun: error: frontier04215: tasks 56-111: Terminated
srun: error: frontier06732: tasks 952-1007: Terminated
srun: error: frontier07514: tasks 1288-1343: Terminated
srun: error: frontier07642: tasks 1344-1399: Terminated
srun: error: frontier06996: tasks 1064-1119: Terminated
srun: Force Terminated StepId=5138958.15
Running frontier nodes=32 ranks_per_node=56 dist=hierarchical mode=random expected_us=100 max_upper_fanout=4
srun: Step created for StepId=5138958.16
RESULT distributor=hierarchical mode=random expected_us=100 nodes=32 world_size=1792 max_upper_fanout=4 total_tasks=22736228 elapsed_s=20.0081 throughput_tasks_per_s=1.13635e+06
MPICH Notice [Rank 0] [job id 5138958.16] [Sun Aug  2 04:35:00 2026] [frontier03195] - Abort(0) (rank 0 in comm 0): application called MPI_Abort(MPI_COMM_WORLD, 0) - process 0

aborting job:
application called MPI_Abort(MPI_COMM_WORLD, 0) - process 0
srun: error: frontier03195: task 0: Exited with exit code 255
srun: Terminating StepId=5138958.16
[2026-08-02T04:35:00.595] error: *** STEP 5138958.16 ON frontier03195 CANCELLED AT 2026-08-02T04:35:00 DUE TO TASK FAILURE ***
srun: error: frontier03195: tasks 1-55: Terminated
srun: error: frontier06528: tasks 840-895: Terminated
srun: error: frontier06996: tasks 1064-1119: Terminated
srun: error: frontier07245: tasks 1176-1231: Terminated
srun: error: frontier04843: tasks 280-335: Terminated
srun: error: frontier07130: tasks 1120-1175: Terminated
srun: error: frontier05100: tasks 336-391: Terminated
srun: error: frontier08319: tasks 1568-1623: Terminated
srun: error: frontier04472: tasks 112-167: Terminated
srun: error: frontier08025: tasks 1456-1511: Terminated
srun: error: frontier06227: tasks 728-783: Terminated
srun: error: frontier08185: tasks 1512-1567: Terminated
srun: error: frontier06732: tasks 952-1007: Terminated
srun: error: frontier06009: tasks 672-727: Terminated
srun: error: frontier07514: tasks 1288-1343: Terminated
srun: error: frontier04215: tasks 56-111: Terminated
srun: error: frontier06885: tasks 1008-1063: Terminated
srun: error: frontier07642: tasks 1344-1399: Terminated
srun: error: frontier06621: tasks 896-951: Terminated
srun: error: frontier05368: tasks 392-447: Terminated
srun: error: frontier08567: tasks 1624-1679: Terminated
srun: error: frontier05881: tasks 616-671: Terminated
srun: error: frontier05494: tasks 448-503: Terminated
srun: error: frontier07931: tasks 1400-1455: Terminated
srun: error: frontier05626: tasks 504-559: Terminated
srun: error: frontier08827: tasks 1736-1791: Terminated
srun: error: frontier05740: tasks 560-615: Terminated
srun: error: frontier04735: tasks 224-279: Terminated
srun: error: frontier08695: tasks 1680-1735: Terminated
srun: error: frontier07386: tasks 1232-1287: Terminated
srun: error: frontier04576: tasks 168-223: Terminated
srun: error: frontier06363: tasks 784-839: Terminated
srun: Force Terminated StepId=5138958.16
Running frontier nodes=32 ranks_per_node=56 dist=hierarchical mode=random expected_us=1000 max_upper_fanout=4
srun: Step created for StepId=5138958.17
RESULT distributor=hierarchical mode=random expected_us=1000 nodes=32 world_size=1792 max_upper_fanout=4 total_tasks=35063354 elapsed_s=20.0087 throughput_tasks_per_s=1.7524e+06
MPICH Notice [Rank 0] [job id 5138958.17] [Sun Aug  2 04:35:43 2026] [frontier03195] - Abort(0) (rank 0 in comm 0): application called MPI_Abort(MPI_COMM_WORLD, 0) - process 0

aborting job:
application called MPI_Abort(MPI_COMM_WORLD, 0) - process 0
srun: error: frontier03195: task 0: Exited with exit code 255
srun: Terminating StepId=5138958.17
[2026-08-02T04:35:43.290] error: *** STEP 5138958.17 ON frontier03195 CANCELLED AT 2026-08-02T04:35:43 DUE TO TASK FAILURE ***
srun: error: frontier03195: tasks 1-55: Terminated
srun: error: frontier05368: tasks 392-447: Terminated
srun: error: frontier08695: tasks 1680-1735: Terminated
srun: error: frontier04843: tasks 280-335: Terminated
srun: error: frontier04735: tasks 224-279: Terminated
srun: error: frontier07514: tasks 1288-1343: Terminated
srun: error: frontier04472: tasks 112-167: Terminated
srun: error: frontier07931: tasks 1400-1455: Terminated
srun: error: frontier08827: tasks 1736-1791: Terminated
srun: error: frontier08185: tasks 1512-1567: Terminated
srun: error: frontier06528: tasks 840-895: Terminated
srun: error: frontier07642: tasks 1344-1399: Terminated
srun: error: frontier06732: tasks 952-1007: Terminated
srun: error: frontier08567: tasks 1624-1679: Terminated
srun: error: frontier06363: tasks 784-839: Terminated
srun: error: frontier08025: tasks 1456-1511: Terminated
srun: error: frontier08319: tasks 1568-1623: Terminated
srun: error: frontier07130: tasks 1120-1175: Terminated
srun: error: frontier04576: tasks 168-223: Terminated
srun: error: frontier05881: tasks 616-671: Terminated
srun: error: frontier05494: tasks 448-503: Terminated
srun: error: frontier05740: tasks 560-615: Terminated
srun: error: frontier06227: tasks 728-783: Terminated
srun: error: frontier06009: tasks 672-727: Terminated
srun: error: frontier07386: tasks 1232-1287: Terminated
srun: error: frontier04215: tasks 56-111: Terminated
srun: error: frontier05626: tasks 504-559: Terminated
srun: error: frontier05100: tasks 336-391: Terminated
srun: error: frontier06621: tasks 896-951: Terminated
srun: error: frontier07245: tasks 1176-1231: Terminated
srun: error: frontier06885: tasks 1008-1063: Terminated
srun: error: frontier06996: tasks 1064-1119: Terminated
srun: Force Terminated StepId=5138958.17
Running frontier nodes=32 ranks_per_node=56 dist=hierarchical_async_put_lockfree mode=fixed expected_us=10 max_upper_fanout=4
srun: Step created for StepId=5138958.18
RESULT distributor=hierarchical_async_put_lockfree mode=fixed expected_us=10 nodes=32 world_size=1792 max_upper_fanout=4 total_tasks=27951604 elapsed_s=20.0012 throughput_tasks_per_s=1.3975e+06
MPICH Notice [Rank 0] [job id 5138958.18] [Sun Aug  2 04:36:32 2026] [frontier03195] - Abort(0) (rank 0 in comm 0): application called MPI_Abort(MPI_COMM_WORLD, 0) - process 0

aborting job:
application called MPI_Abort(MPI_COMM_WORLD, 0) - process 0
srun: error: frontier03195: task 0: Exited with exit code 255
srun: Terminating StepId=5138958.18
[2026-08-02T04:36:33.224] error: *** STEP 5138958.18 ON frontier03195 CANCELLED AT 2026-08-02T04:36:33 DUE TO TASK FAILURE ***
srun: error: frontier03195: tasks 2-55: Terminated
srun: error: frontier06009: tasks 673-727: Terminated
srun: error: frontier04843: tasks 281-335: Terminated
srun: error: frontier05881: tasks 617-671: Terminated
srun: error: frontier07386: tasks 1233-1287: Terminated
srun: error: frontier05494: tasks 449-503: Terminated
srun: error: frontier08567: tasks 1625-1679: Terminated
srun: error: frontier08827: tasks 1737-1791: Terminated
srun: error: frontier06363: tasks 785-839: Terminated
srun: error: frontier08185: tasks 1513-1567: Terminated
srun: error: frontier06732: tasks 953-1007: Terminated
srun: error: frontier06528: tasks 841-895: Terminated
srun: error: frontier04735: tasks 225-279: Terminated
srun: error: frontier07642: tasks 1345-1399: Terminated
srun: error: frontier08025: tasks 1457-1511: Terminated
srun: error: frontier05740: tasks 561-615: Terminated
srun: error: frontier05100: tasks 337-391: Terminated
srun: error: frontier04576: tasks 169-223: Terminated
srun: error: frontier04215: tasks 57-111: Terminated
srun: error: frontier06885: tasks 1009-1063: Terminated
srun: error: frontier06996: tasks 1065-1119: Terminated
srun: error: frontier04472: tasks 113-167: Terminated
srun: error: frontier07514: tasks 1289-1343: Terminated
srun: error: frontier06621: tasks 897-951: Terminated
srun: error: frontier07245: tasks 1177-1231: Terminated
srun: error: frontier08319: tasks 1569-1623: Terminated
srun: error: frontier08695: tasks 1681-1735: Terminated
srun: error: frontier05626: tasks 505-559: Terminated
srun: error: frontier07931: tasks 1401-1455: Terminated
srun: error: frontier05368: tasks 393-447: Terminated
srun: error: frontier07130: tasks 1121-1175: Terminated
srun: error: frontier06227: tasks 729-783: Terminated
srun: error: frontier07386: task 1232: Terminated
srun: error: frontier04843: task 280: Terminated
srun: error: frontier06363: task 784: Terminated
srun: error: frontier08567: task 1624: Terminated
srun: error: frontier08185: task 1512: Terminated
srun: error: frontier05881: task 616: Terminated
srun: error: frontier08827: task 1736: Terminated
srun: error: frontier06528: task 840: Terminated
srun: error: frontier06227: task 728: Terminated
srun: error: frontier05368: task 392: Terminated
srun: error: frontier08025: task 1456: Terminated
srun: error: frontier04472: task 112: Terminated
srun: error: frontier06732: task 952: Terminated
srun: error: frontier04576: task 168: Terminated
srun: error: frontier06996: task 1064: Terminated
srun: error: frontier04215: task 56: Terminated
srun: error: frontier06885: task 1008: Terminated
srun: error: frontier05740: task 560: Terminated
srun: error: frontier07514: task 1288: Terminated
srun: error: frontier07245: task 1176: Terminated
srun: error: frontier05100: task 336: Terminated
srun: error: frontier08695: task 1680: Terminated
srun: error: frontier05626: task 504: Terminated
srun: error: frontier07931: task 1400: Terminated
srun: error: frontier06009: task 672: Terminated
srun: error: frontier05494: task 448: Terminated
srun: error: frontier07642: task 1344: Terminated
srun: error: frontier04735: task 224: Terminated
srun: error: frontier07130: task 1120: Terminated
srun: error: frontier08319: task 1568: Terminated
srun: error: frontier03195: task 1: Terminated
srun: error: frontier06621: task 896: Terminated
srun: Force Terminated StepId=5138958.18
Running frontier nodes=32 ranks_per_node=56 dist=hierarchical_async_put_lockfree mode=fixed expected_us=100 max_upper_fanout=4
srun: Step created for StepId=5138958.19
RESULT distributor=hierarchical_async_put_lockfree mode=fixed expected_us=100 nodes=32 world_size=1792 max_upper_fanout=4 total_tasks=28852908 elapsed_s=20.0004 throughput_tasks_per_s=1.44262e+06
MPICH Notice [Rank 0] [job id 5138958.19] [Sun Aug  2 04:37:23 2026] [frontier03195] - Abort(0) (rank 0 in comm 0): application called MPI_Abort(MPI_COMM_WORLD, 0) - process 0

aborting job:
application called MPI_Abort(MPI_COMM_WORLD, 0) - process 0
srun: error: frontier03195: task 0: Exited with exit code 255
srun: Terminating StepId=5138958.19
[2026-08-02T04:37:24.236] error: *** STEP 5138958.19 ON frontier03195 CANCELLED AT 2026-08-02T04:37:24 DUE TO TASK FAILURE ***
srun: error: frontier04735: tasks 225-279: Terminated
srun: error: frontier05881: tasks 617-671: Terminated
srun: error: frontier08827: tasks 1737-1791: Terminated
srun: error: frontier03195: tasks 2-55: Terminated
srun: error: frontier05368: tasks 393-447: Terminated
srun: error: frontier07386: tasks 1233-1287: Terminated
srun: error: frontier05740: tasks 561-615: Terminated
srun: error: frontier06621: tasks 897-951: Terminated
srun: error: frontier06528: tasks 841-895: Terminated
srun: error: frontier04472: tasks 113-167: Terminated
srun: error: frontier06009: tasks 673-727: Terminated
srun: error: frontier06363: tasks 785-839: Terminated
srun: error: frontier04576: tasks 169-223: Terminated
srun: error: frontier07245: tasks 1177-1231: Terminated
srun: error: frontier07642: tasks 1345-1399: Terminated
srun: error: frontier07514: tasks 1289-1343: Terminated
srun: error: frontier04843: tasks 281-335: Terminated
srun: error: frontier05100: tasks 337-391: Terminated
srun: error: frontier06227: tasks 729-783: Terminated
srun: error: frontier05626: tasks 505-559: Terminated
srun: error: frontier08025: tasks 1457-1511: Terminated
srun: error: frontier05494: tasks 449-503: Terminated
srun: error: frontier07931: tasks 1401-1455: Terminated
srun: error: frontier06996: tasks 1065-1119: Terminated
srun: error: frontier06732: tasks 953-1007: Terminated
srun: error: frontier07130: tasks 1121-1175: Terminated
srun: error: frontier06885: tasks 1009-1063: Terminated
srun: error: frontier08567: tasks 1625-1679: Terminated
srun: error: frontier08185: tasks 1513-1567: Terminated
srun: error: frontier08319: tasks 1569-1623: Terminated
srun: error: frontier04215: tasks 57-111: Terminated
srun: error: frontier08695: tasks 1681-1735: Terminated
srun: error: frontier05368: task 392: Terminated
srun: error: frontier07386: task 1232: Terminated
srun: error: frontier05740: task 560: Terminated
srun: error: frontier08827: task 1736: Terminated
srun: error: frontier07514: task 1288: Terminated
srun: error: frontier07245: task 1176: Terminated
srun: error: frontier05881: task 616: Terminated
srun: error: frontier06363: task 784: Terminated
srun: error: frontier04843: task 280: Terminated
srun: error: frontier06227: task 728: Terminated
srun: error: frontier08025: task 1456: Terminated
srun: error: frontier05100: task 336: Terminated
srun: error: frontier05626: task 504: Terminated
srun: error: frontier04472: task 112: Terminated
srun: error: frontier06528: task 840: Terminated
srun: error: frontier04215: task 56: Terminated
srun: error: frontier06732: task 952: Terminated
srun: error: frontier06996: task 1064: Terminated
srun: error: frontier08695: task 1680: Terminated
srun: error: frontier06885: task 1008: Terminated
srun: error: frontier08567: task 1624: Terminated
srun: error: frontier07931: task 1400: Terminated
srun: error: frontier08185: task 1512: Terminated
srun: error: frontier04576: task 168: Terminated
srun: error: frontier04735: task 224: Terminated
srun: error: frontier06009: task 672: Terminated
srun: error: frontier08319: task 1568: Terminated
srun: error: frontier07642: task 1344: Terminated
srun: error: frontier05494: task 448: Terminated
srun: error: frontier07130: task 1120: Terminated
srun: error: frontier03195: task 1: Terminated
srun: error: frontier06621: task 896: Terminated
srun: Force Terminated StepId=5138958.19
Running frontier nodes=32 ranks_per_node=56 dist=hierarchical_async_put_lockfree mode=fixed expected_us=1000 max_upper_fanout=4
srun: Step created for StepId=5138958.20
RESULT distributor=hierarchical_async_put_lockfree mode=fixed expected_us=1000 nodes=32 world_size=1792 max_upper_fanout=4 total_tasks=12727635 elapsed_s=20.0002 throughput_tasks_per_s=636375
MPICH Notice [Rank 0] [job id 5138958.20] [Sun Aug  2 04:38:34 2026] [frontier03195] - Abort(0) (rank 0 in comm 0): application called MPI_Abort(MPI_COMM_WORLD, 0) - process 0

aborting job:
application called MPI_Abort(MPI_COMM_WORLD, 0) - process 0
srun: error: frontier03195: task 0: Exited with exit code 255
srun: Terminating StepId=5138958.20
[2026-08-02T04:38:35.168] error: *** STEP 5138958.20 ON frontier03195 CANCELLED AT 2026-08-02T04:38:35 DUE TO TASK FAILURE ***
srun: error: frontier05626: tasks 505-559: Terminated
srun: error: frontier03195: tasks 2-55: Terminated
srun: error: frontier05740: tasks 561-615: Terminated
srun: error: frontier05881: tasks 617-671: Terminated
srun: error: frontier07642: tasks 1345-1399: Terminated
srun: error: frontier05494: tasks 449-503: Terminated
srun: error: frontier06732: tasks 953-1007: Terminated
srun: error: frontier08319: tasks 1569-1623: Terminated
srun: error: frontier06363: tasks 785-839: Terminated
srun: error: frontier08695: tasks 1681-1735: Terminated
srun: error: frontier06621: tasks 897-951: Terminated
srun: error: frontier06009: tasks 673-727: Terminated
srun: error: frontier05100: tasks 337-391: Terminated
srun: error: frontier05368: tasks 393-447: Terminated
srun: error: frontier06996: tasks 1065-1119: Terminated
srun: error: frontier08185: tasks 1513-1567: Terminated
srun: error: frontier04843: tasks 281-335: Terminated
srun: error: frontier07514: tasks 1289-1343: Terminated
srun: error: frontier06227: tasks 729-783: Terminated
srun: error: frontier06528: tasks 841-895: Terminated
srun: error: frontier07130: tasks 1121-1175: Terminated
srun: error: frontier04215: tasks 57-111: Terminated
srun: error: frontier08567: tasks 1625-1679: Terminated
srun: error: frontier08827: tasks 1737-1791: Terminated
srun: error: frontier04576: tasks 169-223: Terminated
srun: error: frontier08025: tasks 1457-1511: Terminated
srun: error: frontier06885: tasks 1009-1063: Terminated
srun: error: frontier04735: tasks 225-279: Terminated
srun: error: frontier07931: tasks 1401-1455: Terminated
srun: error: frontier04472: tasks 113-167: Terminated
srun: error: frontier07245: tasks 1177-1231: Terminated
srun: error: frontier07386: tasks 1233-1287: Terminated
srun: error: frontier05881: task 616: Terminated
srun: error: frontier05626: task 504: Terminated
srun: error: frontier05368: task 392: Terminated
srun: error: frontier06363: task 784: Terminated
srun: error: frontier05740: task 560: Terminated
srun: error: frontier06732: task 952: Terminated
srun: error: frontier08185: task 1512: Terminated
srun: error: frontier06528: task 840: Terminated
srun: error: frontier06996: task 1064: Terminated
srun: error: frontier04843: task 280: Terminated
srun: error: frontier07514: task 1288: Terminated
srun: error: frontier05100: task 336: Terminated
srun: error: frontier08567: task 1624: Terminated
srun: error: frontier06227: task 728: Terminated
srun: error: frontier04215: task 56: Terminated
srun: error: frontier08695: task 1680: Terminated
srun: error: frontier04576: task 168: Terminated
srun: error: frontier07386: task 1232: Terminated
srun: error: frontier04472: task 112: Terminated
srun: error: frontier08827: task 1736: Terminated
srun: error: frontier06885: task 1008: Terminated
srun: error: frontier07245: task 1176: Terminated
srun: error: frontier08025: task 1456: Terminated
srun: error: frontier07931: task 1400: Terminated
srun: error: frontier07642: task 1344: Terminated
srun: error: frontier05494: task 448: Terminated
srun: error: frontier08319: task 1568: Terminated
srun: error: frontier06009: task 672: Terminated
srun: error: frontier04735: task 224: Terminated
srun: error: frontier07130: task 1120: Terminated
srun: error: frontier03195: task 1: Terminated
srun: error: frontier06621: task 896: Terminated
srun: Force Terminated StepId=5138958.20
Running frontier nodes=32 ranks_per_node=56 dist=hierarchical_async_put_lockfree mode=random expected_us=10 max_upper_fanout=4
srun: Step created for StepId=5138958.21
RESULT distributor=hierarchical_async_put_lockfree mode=random expected_us=10 nodes=32 world_size=1792 max_upper_fanout=4 total_tasks=27975172 elapsed_s=20.0012 throughput_tasks_per_s=1.39867e+06
MPICH Notice [Rank 0] [job id 5138958.21] [Sun Aug  2 04:39:53 2026] [frontier03195] - Abort(0) (rank 0 in comm 0): application called MPI_Abort(MPI_COMM_WORLD, 0) - process 0

aborting job:
application called MPI_Abort(MPI_COMM_WORLD, 0) - process 0
srun: error: frontier03195: task 0: Exited with exit code 255
srun: Terminating StepId=5138958.21
[2026-08-02T04:39:55.023] error: *** STEP 5138958.21 ON frontier03195 CANCELLED AT 2026-08-02T04:39:55 DUE TO TASK FAILURE ***
srun: error: frontier06227: tasks 729-783: Terminated
srun: error: frontier04735: tasks 225-279: Terminated
srun: error: frontier08025: tasks 1457-1511: Terminated
srun: error: frontier05626: tasks 505-559: Terminated
srun: error: frontier03195: tasks 2-55: Terminated
srun: error: frontier06363: tasks 785-839: Terminated
srun: error: frontier05494: tasks 449-503: Terminated
srun: error: frontier06009: tasks 673-727: Terminated
srun: error: frontier08695: tasks 1681-1735: Terminated
srun: error: frontier07130: tasks 1121-1175: Terminated
srun: error: frontier08185: tasks 1513-1567: Terminated
srun: error: frontier08827: tasks 1737-1791: Terminated
srun: error: frontier08319: tasks 1569-1623: Terminated
srun: error: frontier04843: tasks 281-335: Terminated
srun: error: frontier04576: tasks 169-223: Terminated
srun: error: frontier07931: tasks 1401-1455: Terminated
srun: error: frontier05881: tasks 617-671: Terminated
srun: error: frontier05368: tasks 393-447: Terminated
srun: error: frontier06885: tasks 1009-1063: Terminated
srun: error: frontier07514: tasks 1289-1343: Terminated
srun: error: frontier07642: tasks 1345-1399: Terminated
srun: error: frontier06621: tasks 897-951: Terminated
srun: error: frontier08567: tasks 1625-1679: Terminated
srun: error: frontier07245: tasks 1177-1231: Terminated
srun: error: frontier04472: tasks 113-167: Terminated
srun: error: frontier05100: tasks 337-391: Terminated
srun: error: frontier06996: tasks 1065-1119: Terminated
srun: error: frontier06732: tasks 953-1007: Terminated
srun: error: frontier06528: tasks 841-895: Terminated
srun: error: frontier04215: tasks 57-111: Terminated
srun: error: frontier07386: tasks 1233-1287: Terminated
srun: error: frontier05740: tasks 561-615: Terminated
srun: error: frontier06227: task 728: Terminated
srun: error: frontier06363: task 784: Terminated
srun: error: frontier08695: task 1680: Terminated
srun: error: frontier08185: task 1512: Terminated
srun: error: frontier08025: task 1456: Terminated
srun: error: frontier04843: task 280: Terminated
srun: error: frontier04576: task 168: Terminated
srun: error: frontier05626: task 504: Terminated
srun: error: frontier05368: task 392: Terminated
srun: error: frontier05881: task 616: Terminated
srun: error: frontier08827: task 1736: Terminated
srun: error: frontier06885: task 1008: Terminated
srun: error: frontier04472: task 112: Terminated
srun: error: frontier07514: task 1288: Terminated
srun: error: frontier08567: task 1624: Terminated
srun: error: frontier07245: task 1176: Terminated
srun: error: frontier06996: task 1064: Terminated
srun: error: frontier06732: task 952: Terminated
srun: error: frontier05100: task 336: Terminated
srun: error: frontier07931: task 1400: Terminated
srun: error: frontier07386: task 1232: Terminated
srun: error: frontier05740: task 560: Terminated
srun: error: frontier06528: task 840: Terminated
srun: error: frontier04215: task 56: Terminated
srun: error: frontier04735: task 224: Terminated
srun: error: frontier08319: task 1568: Terminated
srun: error: frontier05494: task 448: Terminated
srun: error: frontier06009: task 672: Terminated
srun: error: frontier07130: task 1120: Terminated
srun: error: frontier07642: task 1344: Terminated
srun: error: frontier03195: task 1: Terminated
srun: error: frontier06621: task 896: Terminated
srun: Force Terminated StepId=5138958.21
Running frontier nodes=32 ranks_per_node=56 dist=hierarchical_async_put_lockfree mode=random expected_us=100 max_upper_fanout=4
srun: Step created for StepId=5138958.22
RESULT distributor=hierarchical_async_put_lockfree mode=random expected_us=100 nodes=32 world_size=1792 max_upper_fanout=4 total_tasks=27465219 elapsed_s=20.0007 throughput_tasks_per_s=1.37321e+06
MPICH Notice [Rank 0] [job id 5138958.22] [Sun Aug  2 04:40:45 2026] [frontier03195] - Abort(0) (rank 0 in comm 0): application called MPI_Abort(MPI_COMM_WORLD, 0) - process 0

aborting job:
application called MPI_Abort(MPI_COMM_WORLD, 0) - process 0
srun: error: frontier03195: task 0: Exited with exit code 255
srun: Terminating StepId=5138958.22
[2026-08-02T04:40:46.163] error: *** STEP 5138958.22 ON frontier03195 CANCELLED AT 2026-08-02T04:40:46 DUE TO TASK FAILURE ***
srun: error: frontier04843: tasks 281-335: Terminated
srun: error: frontier03195: tasks 2-55: Terminated
srun: error: frontier07642: tasks 1345-1399: Terminated
srun: error: frontier05368: tasks 393-447: Terminated
srun: error: frontier07245: tasks 1177-1231: Terminated
srun: error: frontier05494: tasks 449-503: Terminated
srun: error: frontier04472: tasks 113-167: Terminated
srun: error: frontier06363: tasks 785-839: Terminated
srun: error: frontier05740: tasks 561-615: Terminated
srun: error: frontier06621: tasks 897-951: Terminated
srun: error: frontier05100: tasks 337-391: Terminated
srun: error: frontier05881: tasks 617-671: Terminated
srun: error: frontier04735: tasks 225-279: Terminated
srun: error: frontier06009: tasks 673-727: Terminated
srun: error: frontier04576: tasks 169-223: Terminated
srun: error: frontier06732: tasks 953-1007: Terminated
srun: error: frontier04215: tasks 57-111: Terminated
srun: error: frontier08319: tasks 1569-1623: Terminated
srun: error: frontier06227: tasks 729-783: Terminated
srun: error: frontier06885: tasks 1009-1063: Terminated
srun: error: frontier08827: tasks 1737-1791: Terminated
srun: error: frontier07386: tasks 1233-1287: Terminated
srun: error: frontier05626: tasks 505-559: Terminated
srun: error: frontier08695: tasks 1681-1735: Terminated
srun: error: frontier07514: tasks 1289-1343: Terminated
srun: error: frontier07130: tasks 1121-1175: Terminated
srun: error: frontier06996: tasks 1065-1119: Terminated
srun: error: frontier06528: tasks 841-895: Terminated
srun: error: frontier08025: tasks 1457-1511: Terminated
srun: error: frontier07931: tasks 1401-1455: Terminated
srun: error: frontier08185: tasks 1513-1567: Terminated
srun: error: frontier08567: tasks 1625-1679: Terminated
srun: error: frontier05368: task 392: Terminated
srun: error: frontier04843: task 280: Terminated
srun: error: frontier07245: task 1176: Terminated
srun: error: frontier05740: task 560: Terminated
srun: error: frontier05881: task 616: Terminated
srun: error: frontier06363: task 784: Terminated
srun: error: frontier05100: task 336: Terminated
srun: error: frontier04472: task 112: Terminated
srun: error: frontier06732: task 952: Terminated
srun: error: frontier06885: task 1008: Terminated
srun: error: frontier06227: task 728: Terminated
srun: error: frontier04576: task 168: Terminated
srun: error: frontier08695: task 1680: Terminated
srun: error: frontier08567: task 1624: Terminated
srun: error: frontier08827: task 1736: Terminated
srun: error: frontier04215: task 56: Terminated
srun: error: frontier07386: task 1232: Terminated
srun: error: frontier07514: task 1288: Terminated
srun: error: frontier06996: task 1064: Terminated
srun: error: frontier05626: task 504: Terminated
srun: error: frontier06528: task 840: Terminated
srun: error: frontier08025: task 1456: Terminated
srun: error: frontier08185: task 1512: Terminated
srun: error: frontier07931: task 1400: Terminated
srun: error: frontier07642: task 1344: Terminated
srun: error: frontier05494: task 448: Terminated
srun: error: frontier04735: task 224: Terminated
srun: error: frontier06009: task 672: Terminated
srun: error: frontier08319: task 1568: Terminated
srun: error: frontier07130: task 1120: Terminated
srun: error: frontier03195: task 1: Terminated
srun: error: frontier06621: task 896: Terminated
srun: Force Terminated StepId=5138958.22
Running frontier nodes=32 ranks_per_node=56 dist=hierarchical_async_put_lockfree mode=random expected_us=1000 max_upper_fanout=4
srun: Step created for StepId=5138958.23
RESULT distributor=hierarchical_async_put_lockfree mode=random expected_us=1000 nodes=32 world_size=1792 max_upper_fanout=4 total_tasks=11599873 elapsed_s=20.0009 throughput_tasks_per_s=579967
MPICH Notice [Rank 0] [job id 5138958.23] [Sun Aug  2 04:41:49 2026] [frontier03195] - Abort(0) (rank 0 in comm 0): application called MPI_Abort(MPI_COMM_WORLD, 0) - process 0

aborting job:
application called MPI_Abort(MPI_COMM_WORLD, 0) - process 0
srun: error: frontier03195: task 0: Exited with exit code 255
srun: Terminating StepId=5138958.23
[2026-08-02T04:41:50.800] error: *** STEP 5138958.23 ON frontier03195 CANCELLED AT 2026-08-02T04:41:50 DUE TO TASK FAILURE ***
srun: error: frontier03195: tasks 2-55: Terminated
srun: error: frontier05881: tasks 617-671: Terminated
srun: error: frontier06009: tasks 673-727: Terminated
srun: error: frontier04735: tasks 225-279: Terminated
srun: error: frontier08567: tasks 1625-1679: Terminated
srun: error: frontier08695: tasks 1681-1735: Terminated
srun: error: frontier05100: tasks 337-391: Terminated
srun: error: frontier04472: tasks 113-167: Terminated
srun: error: frontier05494: tasks 449-503: Terminated
srun: error: frontier08827: tasks 1737-1791: Terminated
srun: error: frontier04215: tasks 57-111: Terminated
srun: error: frontier06732: tasks 953-1007: Terminated
srun: error: frontier06996: tasks 1065-1119: Terminated
srun: error: frontier06363: tasks 785-839: Terminated
srun: error: frontier06528: tasks 841-895: Terminated
srun: error: frontier08319: tasks 1569-1623: Terminated
srun: error: frontier08025: tasks 1457-1511: Terminated
srun: error: frontier04576: tasks 169-223: Terminated
srun: error: frontier07386: tasks 1233-1287: Terminated
srun: error: frontier06621: tasks 897-951: Terminated
srun: error: frontier07642: tasks 1345-1399: Terminated
srun: error: frontier07514: tasks 1289-1343: Terminated
srun: error: frontier05740: tasks 561-615: Terminated
srun: error: frontier07245: tasks 1177-1231: Terminated
srun: error: frontier04843: tasks 281-335: Terminated
srun: error: frontier06885: tasks 1009-1063: Terminated
srun: error: frontier08185: tasks 1513-1567: Terminated
srun: error: frontier05881: task 616: Terminated
srun: error: frontier04472: task 112: Terminated
srun: error: frontier08695: task 1680: Terminated
srun: error: frontier05100: task 336: Terminated
srun: error: frontier06363: task 784: Terminated
srun: error: frontier06732: task 952: Terminated
srun: error: frontier06996: task 1064: Terminated
srun: error: frontier04215: task 56: Terminated
srun: error: frontier08567: task 1624: Terminated
srun: error: frontier06528: task 840: Terminated
srun: error: frontier07931: tasks 1401-1455: Terminated
srun: error: frontier07514: task 1288: Terminated
srun: error: frontier06227: tasks 729-783: Terminated
srun: error: frontier05626: tasks 505-559: Terminated
srun: error: frontier05368: tasks 393-447: Terminated
srun: error: frontier08025: task 1456: Terminated
srun: error: frontier07386: task 1232: Terminated
srun: error: frontier07245: task 1176: Terminated
srun: error: frontier06885: task 1008: Terminated
srun: error: frontier05740: task 560: Terminated
srun: error: frontier04843: task 280: Terminated
srun: error: frontier08827: task 1736: Terminated
srun: error: frontier08185: task 1512: Terminated
srun: error: frontier07130: tasks 1121-1175: Terminated
srun: error: frontier04576: task 168: Terminated
srun: error: frontier05368: task 392: Terminated
srun: error: frontier06227: task 728: Terminated
srun: error: frontier05626: task 504: Terminated
srun: error: frontier07931: task 1400: Terminated
srun: error: frontier06009: task 672: Terminated
srun: error: frontier05494: task 448: Terminated
srun: error: frontier04735: task 224: Terminated
srun: error: frontier08319: task 1568: Terminated
srun: error: frontier07642: task 1344: Terminated
srun: error: frontier07130: task 1120: Terminated
srun: error: frontier03195: task 1: Terminated
srun: error: frontier06621: task 896: Terminated
srun: Force Terminated StepId=5138958.23
