Running frontier nodes=1 ranks_per_node=9 dist=hierarchical mode=fixed expected_us=10 max_upper_fanout=4
RESULT distributor=hierarchical mode=fixed expected_us=10 nodes=1 world_size=9 max_upper_fanout=4 total_tasks=11979192 elapsed_s=20.0001 throughput_tasks_per_s=598958
MPICH Notice [Rank 0] [job id 5138953.0] [Sun Aug  2 04:25:38 2026] [frontier04459] - Abort(0) (rank 0 in comm 0): application called MPI_Abort(MPI_COMM_WORLD, 0) - process 0

aborting job:
application called MPI_Abort(MPI_COMM_WORLD, 0) - process 0
srun: error: frontier04459: task 0: Exited with exit code 255
srun: Terminating StepId=5138953.0
[2026-08-02T04:25:38.221] error: *** STEP 5138953.0 ON frontier04459 CANCELLED AT 2026-08-02T04:25:38 DUE TO TASK FAILURE ***
srun: error: frontier04459: tasks 1-8: Terminated
srun: Force Terminated StepId=5138953.0
Running frontier nodes=1 ranks_per_node=9 dist=hierarchical mode=fixed expected_us=100 max_upper_fanout=4
RESULT distributor=hierarchical mode=fixed expected_us=100 nodes=1 world_size=9 max_upper_fanout=4 total_tasks=1377860 elapsed_s=20.0003 throughput_tasks_per_s=68891.9
MPICH Notice [Rank 0] [job id 5138953.1] [Sun Aug  2 04:25:58 2026] [frontier04459] - Abort(0) (rank 0 in comm 0): application called MPI_Abort(MPI_COMM_WORLD, 0) - process 0

aborting job:
application called MPI_Abort(MPI_COMM_WORLD, 0) - process 0
srun: error: frontier04459: task 0: Exited with exit code 255
srun: Terminating StepId=5138953.1
[2026-08-02T04:25:58.645] error: *** STEP 5138953.1 ON frontier04459 CANCELLED AT 2026-08-02T04:25:58 DUE TO TASK FAILURE ***
srun: error: frontier04459: tasks 1-8: Terminated
srun: Force Terminated StepId=5138953.1
Running frontier nodes=1 ranks_per_node=9 dist=hierarchical mode=fixed expected_us=1000 max_upper_fanout=4
RESULT distributor=hierarchical mode=fixed expected_us=1000 nodes=1 world_size=9 max_upper_fanout=4 total_tasks=139812 elapsed_s=20.0048 throughput_tasks_per_s=6988.93
MPICH Notice [Rank 0] [job id 5138953.2] [Sun Aug  2 04:26:32 2026] [frontier04459] - Abort(0) (rank 0 in comm 0): application called MPI_Abort(MPI_COMM_WORLD, 0) - process 0

aborting job:
application called MPI_Abort(MPI_COMM_WORLD, 0) - process 0
srun: error: frontier04459: task 0: Exited with exit code 255
srun: Terminating StepId=5138953.2
[2026-08-02T04:26:32.568] error: *** STEP 5138953.2 ON frontier04459 CANCELLED AT 2026-08-02T04:26:32 DUE TO TASK FAILURE ***
srun: error: frontier04459: tasks 1-8: Terminated
srun: Force Terminated StepId=5138953.2
Running frontier nodes=1 ranks_per_node=9 dist=hierarchical mode=random expected_us=10 max_upper_fanout=4
RESULT distributor=hierarchical mode=random expected_us=10 nodes=1 world_size=9 max_upper_fanout=4 total_tasks=11738868 elapsed_s=20.0001 throughput_tasks_per_s=586941
MPICH Notice [Rank 0] [job id 5138953.3] [Sun Aug  2 04:26:53 2026] [frontier04459] - Abort(0) (rank 0 in comm 0): application called MPI_Abort(MPI_COMM_WORLD, 0) - process 0

aborting job:
application called MPI_Abort(MPI_COMM_WORLD, 0) - process 0
srun: error: frontier04459: task 0: Exited with exit code 255
srun: Terminating StepId=5138953.3
[2026-08-02T04:26:53.560] error: *** STEP 5138953.3 ON frontier04459 CANCELLED AT 2026-08-02T04:26:53 DUE TO TASK FAILURE ***
srun: error: frontier04459: tasks 1-8: Terminated
srun: Force Terminated StepId=5138953.3
Running frontier nodes=1 ranks_per_node=9 dist=hierarchical mode=random expected_us=100 max_upper_fanout=4
RESULT distributor=hierarchical mode=random expected_us=100 nodes=1 world_size=9 max_upper_fanout=4 total_tasks=1380492 elapsed_s=20.0007 throughput_tasks_per_s=69022.3
MPICH Notice [Rank 0] [job id 5138953.4] [Sun Aug  2 04:27:14 2026] [frontier04459] - Abort(0) (rank 0 in comm 0): application called MPI_Abort(MPI_COMM_WORLD, 0) - process 0

aborting job:
application called MPI_Abort(MPI_COMM_WORLD, 0) - process 0
srun: error: frontier04459: task 0: Exited with exit code 255
srun: Terminating StepId=5138953.4
[2026-08-02T04:27:14.881] error: *** STEP 5138953.4 ON frontier04459 CANCELLED AT 2026-08-02T04:27:14 DUE TO TASK FAILURE ***
srun: error: frontier04459: tasks 1-8: Terminated
srun: Force Terminated StepId=5138953.4
Running frontier nodes=1 ranks_per_node=9 dist=hierarchical mode=random expected_us=1000 max_upper_fanout=4
RESULT distributor=hierarchical mode=random expected_us=1000 nodes=1 world_size=9 max_upper_fanout=4 total_tasks=139896 elapsed_s=20.0045 throughput_tasks_per_s=6993.24
MPICH Notice [Rank 0] [job id 5138953.5] [Sun Aug  2 04:27:39 2026] [frontier04459] - Abort(0) (rank 0 in comm 0): application called MPI_Abort(MPI_COMM_WORLD, 0) - process 0

aborting job:
application called MPI_Abort(MPI_COMM_WORLD, 0) - process 0
srun: error: frontier04459: task 0: Exited with exit code 255
srun: Terminating StepId=5138953.5
[2026-08-02T04:27:39.579] error: *** STEP 5138953.5 ON frontier04459 CANCELLED AT 2026-08-02T04:27:39 DUE TO TASK FAILURE ***
srun: error: frontier04459: tasks 1-8: Terminated
srun: Force Terminated StepId=5138953.5
Running frontier nodes=1 ranks_per_node=9 dist=hierarchical_async_put_lockfree mode=fixed expected_us=10 max_upper_fanout=4
RESULT distributor=hierarchical_async_put_lockfree mode=fixed expected_us=10 nodes=1 world_size=9 max_upper_fanout=4 total_tasks=1143504 elapsed_s=20.0001 throughput_tasks_per_s=57174.9
MPICH Notice [Rank 0] [job id 5138953.6] [Sun Aug  2 04:28:11 2026] [frontier04459] - Abort(0) (rank 0 in comm 0): application called MPI_Abort(MPI_COMM_WORLD, 0) - process 0

aborting job:
application called MPI_Abort(MPI_COMM_WORLD, 0) - process 0
srun: error: frontier04459: task 0: Exited with exit code 255
srun: Terminating StepId=5138953.6
[2026-08-02T04:28:12.562] error: *** STEP 5138953.6 ON frontier04459 CANCELLED AT 2026-08-02T04:28:12 DUE TO TASK FAILURE ***
srun: error: frontier04459: tasks 2-8: Terminated
srun: error: frontier04459: task 1: Terminated
srun: Force Terminated StepId=5138953.6
Running frontier nodes=1 ranks_per_node=9 dist=hierarchical_async_put_lockfree mode=fixed expected_us=100 max_upper_fanout=4
RESULT distributor=hierarchical_async_put_lockfree mode=fixed expected_us=100 nodes=1 world_size=9 max_upper_fanout=4 total_tasks=1060487 elapsed_s=20.0001 throughput_tasks_per_s=53024.1
MPICH Notice [Rank 0] [job id 5138953.7] [Sun Aug  2 04:28:52 2026] [frontier04459] - Abort(0) (rank 0 in comm 0): application called MPI_Abort(MPI_COMM_WORLD, 0) - process 0

aborting job:
application called MPI_Abort(MPI_COMM_WORLD, 0) - process 0
srun: error: frontier04459: task 0: Exited with exit code 255
srun: Terminating StepId=5138953.7
[2026-08-02T04:28:52.578] error: *** STEP 5138953.7 ON frontier04459 CANCELLED AT 2026-08-02T04:28:52 DUE TO TASK FAILURE ***
srun: error: frontier04459: tasks 2-8: Terminated
srun: error: frontier04459: task 1: Terminated
srun: Force Terminated StepId=5138953.7
Running frontier nodes=1 ranks_per_node=9 dist=hierarchical_async_put_lockfree mode=fixed expected_us=1000 max_upper_fanout=4
RESULT distributor=hierarchical_async_put_lockfree mode=fixed expected_us=1000 nodes=1 world_size=9 max_upper_fanout=4 total_tasks=134223 elapsed_s=20 throughput_tasks_per_s=6711.13
MPICH Notice [Rank 0] [job id 5138953.8] [Sun Aug  2 04:29:23 2026] [frontier04459] - Abort(0) (rank 0 in comm 0): application called MPI_Abort(MPI_COMM_WORLD, 0) - process 0

aborting job:
application called MPI_Abort(MPI_COMM_WORLD, 0) - process 0
srun: error: frontier04459: task 0: Exited with exit code 255
srun: Terminating StepId=5138953.8
[2026-08-02T04:29:24.469] error: *** STEP 5138953.8 ON frontier04459 CANCELLED AT 2026-08-02T04:29:24 DUE TO TASK FAILURE ***
srun: error: frontier04459: tasks 2-8: Terminated
srun: error: frontier04459: task 1: Terminated
srun: Force Terminated StepId=5138953.8
Running frontier nodes=1 ranks_per_node=9 dist=hierarchical_async_put_lockfree mode=random expected_us=10 max_upper_fanout=4
RESULT distributor=hierarchical_async_put_lockfree mode=random expected_us=10 nodes=1 world_size=9 max_upper_fanout=4 total_tasks=1138688 elapsed_s=20.0001 throughput_tasks_per_s=56934.2
MPICH Notice [Rank 0] [job id 5138953.9] [Sun Aug  2 04:30:05 2026] [frontier04459] - Abort(0) (rank 0 in comm 0): application called MPI_Abort(MPI_COMM_WORLD, 0) - process 0

aborting job:
application called MPI_Abort(MPI_COMM_WORLD, 0) - process 0
srun: error: frontier04459: task 0: Exited with exit code 255
srun: Terminating StepId=5138953.9
[2026-08-02T04:30:05.540] error: *** STEP 5138953.9 ON frontier04459 CANCELLED AT 2026-08-02T04:30:05 DUE TO TASK FAILURE ***
srun: error: frontier04459: tasks 2-8: Terminated
srun: error: frontier04459: task 1: Terminated
srun: Force Terminated StepId=5138953.9
Running frontier nodes=1 ranks_per_node=9 dist=hierarchical_async_put_lockfree mode=random expected_us=100 max_upper_fanout=4
RESULT distributor=hierarchical_async_put_lockfree mode=random expected_us=100 nodes=1 world_size=9 max_upper_fanout=4 total_tasks=1111008 elapsed_s=20.0001 throughput_tasks_per_s=55550.1
MPICH Notice [Rank 0] [job id 5138953.10] [Sun Aug  2 04:30:36 2026] [frontier04459] - Abort(0) (rank 0 in comm 0): application called MPI_Abort(MPI_COMM_WORLD, 0) - process 0

aborting job:
application called MPI_Abort(MPI_COMM_WORLD, 0) - process 0
srun: error: frontier04459: task 0: Exited with exit code 255
srun: Terminating StepId=5138953.10
[2026-08-02T04:30:37.463] error: *** STEP 5138953.10 ON frontier04459 CANCELLED AT 2026-08-02T04:30:37 DUE TO TASK FAILURE ***
srun: error: frontier04459: tasks 2-8: Terminated
srun: error: frontier04459: task 1: Terminated
srun: Force Terminated StepId=5138953.10
Running frontier nodes=1 ranks_per_node=9 dist=hierarchical_async_put_lockfree mode=random expected_us=1000 max_upper_fanout=4
RESULT distributor=hierarchical_async_put_lockfree mode=random expected_us=1000 nodes=1 world_size=9 max_upper_fanout=4 total_tasks=134988 elapsed_s=20.0003 throughput_tasks_per_s=6749.29
MPICH Notice [Rank 0] [job id 5138953.11] [Sun Aug  2 04:31:26 2026] [frontier04459] - Abort(0) (rank 0 in comm 0): application called MPI_Abort(MPI_COMM_WORLD, 0) - process 0

aborting job:
application called MPI_Abort(MPI_COMM_WORLD, 0) - process 0
srun: error: frontier04459: task 0: Exited with exit code 255
srun: Terminating StepId=5138953.11
[2026-08-02T04:31:26.529] error: *** STEP 5138953.11 ON frontier04459 CANCELLED AT 2026-08-02T04:31:26 DUE TO TASK FAILURE ***
srun: error: frontier04459: tasks 2-8: Terminated
srun: error: frontier04459: task 1: Terminated
srun: Force Terminated StepId=5138953.11
Running frontier nodes=1 ranks_per_node=56 dist=hierarchical mode=fixed expected_us=10 max_upper_fanout=4
RESULT distributor=hierarchical mode=fixed expected_us=10 nodes=1 world_size=56 max_upper_fanout=4 total_tasks=25156448 elapsed_s=20.0001 throughput_tasks_per_s=1.25781e+06
MPICH Notice [Rank 0] [job id 5138953.12] [Sun Aug  2 04:31:47 2026] [frontier04459] - Abort(0) (rank 0 in comm 0): application called MPI_Abort(MPI_COMM_WORLD, 0) - process 0

aborting job:
application called MPI_Abort(MPI_COMM_WORLD, 0) - process 0
srun: error: frontier04459: task 0: Exited with exit code 255
srun: Terminating StepId=5138953.12
[2026-08-02T04:31:47.534] error: *** STEP 5138953.12 ON frontier04459 CANCELLED AT 2026-08-02T04:31:47 DUE TO TASK FAILURE ***
srun: error: frontier04459: tasks 1-55: Terminated
srun: Force Terminated StepId=5138953.12
Running frontier nodes=1 ranks_per_node=56 dist=hierarchical mode=fixed expected_us=100 max_upper_fanout=4
RESULT distributor=hierarchical mode=fixed expected_us=100 nodes=1 world_size=56 max_upper_fanout=4 total_tasks=10598912 elapsed_s=20.0005 throughput_tasks_per_s=529932
MPICH Notice [Rank 0] [job id 5138953.13] [Sun Aug  2 04:32:10 2026] [frontier04459] - Abort(0) (rank 0 in comm 0): application called MPI_Abort(MPI_COMM_WORLD, 0) - process 0

aborting job:
application called MPI_Abort(MPI_COMM_WORLD, 0) - process 0
srun: error: frontier04459: task 0: Exited with exit code 255
srun: Terminating StepId=5138953.13
[2026-08-02T04:32:10.854] error: *** STEP 5138953.13 ON frontier04459 CANCELLED AT 2026-08-02T04:32:10 DUE TO TASK FAILURE ***
srun: error: frontier04459: tasks 1-55: Terminated
srun: Force Terminated StepId=5138953.13
Running frontier nodes=1 ranks_per_node=56 dist=hierarchical mode=fixed expected_us=1000 max_upper_fanout=4
RESULT distributor=hierarchical mode=fixed expected_us=1000 nodes=1 world_size=56 max_upper_fanout=4 total_tasks=1078280 elapsed_s=20.0043 throughput_tasks_per_s=53902.4
MPICH Notice [Rank 0] [job id 5138953.14] [Sun Aug  2 04:32:45 2026] [frontier04459] - Abort(0) (rank 0 in comm 0): application called MPI_Abort(MPI_COMM_WORLD, 0) - process 0

aborting job:
application called MPI_Abort(MPI_COMM_WORLD, 0) - process 0
srun: error: frontier04459: task 0: Exited with exit code 255
srun: Terminating StepId=5138953.14
[2026-08-02T04:32:46.001] error: *** STEP 5138953.14 ON frontier04459 CANCELLED AT 2026-08-02T04:32:45 DUE TO TASK FAILURE ***
srun: error: frontier04459: tasks 1-55: Terminated
srun: Force Terminated StepId=5138953.14
Running frontier nodes=1 ranks_per_node=56 dist=hierarchical mode=random expected_us=10 max_upper_fanout=4
RESULT distributor=hierarchical mode=random expected_us=10 nodes=1 world_size=56 max_upper_fanout=4 total_tasks=26432576 elapsed_s=20.0002 throughput_tasks_per_s=1.32161e+06
MPICH Notice [Rank 0] [job id 5138953.15] [Sun Aug  2 04:33:06 2026] [frontier04459] - Abort(0) (rank 0 in comm 0): application called MPI_Abort(MPI_COMM_WORLD, 0) - process 0

aborting job:
application called MPI_Abort(MPI_COMM_WORLD, 0) - process 0
srun: error: frontier04459: task 0: Exited with exit code 255
srun: Terminating StepId=5138953.15
[2026-08-02T04:33:07.120] error: *** STEP 5138953.15 ON frontier04459 CANCELLED AT 2026-08-02T04:33:07 DUE TO TASK FAILURE ***
srun: error: frontier04459: tasks 1-55: Terminated
srun: Force Terminated StepId=5138953.15
Running frontier nodes=1 ranks_per_node=56 dist=hierarchical mode=random expected_us=100 max_upper_fanout=4
RESULT distributor=hierarchical mode=random expected_us=100 nodes=1 world_size=56 max_upper_fanout=4 total_tasks=10581416 elapsed_s=20.0005 throughput_tasks_per_s=529057
MPICH Notice [Rank 0] [job id 5138953.16] [Sun Aug  2 04:33:27 2026] [frontier04459] - Abort(0) (rank 0 in comm 0): application called MPI_Abort(MPI_COMM_WORLD, 0) - process 0

aborting job:
application called MPI_Abort(MPI_COMM_WORLD, 0) - process 0
srun: error: frontier04459: task 0: Exited with exit code 255
srun: Terminating StepId=5138953.16
[2026-08-02T04:33:28.655] error: *** STEP 5138953.16 ON frontier04459 CANCELLED AT 2026-08-02T04:33:28 DUE TO TASK FAILURE ***
srun: error: frontier04459: tasks 1-55: Terminated
srun: Force Terminated StepId=5138953.16
Running frontier nodes=1 ranks_per_node=56 dist=hierarchical mode=random expected_us=1000 max_upper_fanout=4
RESULT distributor=hierarchical mode=random expected_us=1000 nodes=1 world_size=56 max_upper_fanout=4 total_tasks=1078712 elapsed_s=20.0043 throughput_tasks_per_s=53924
MPICH Notice [Rank 0] [job id 5138953.17] [Sun Aug  2 04:33:49 2026] [frontier04459] - Abort(0) (rank 0 in comm 0): application called MPI_Abort(MPI_COMM_WORLD, 0) - process 0

aborting job:
application called MPI_Abort(MPI_COMM_WORLD, 0) - process 0
srun: error: frontier04459: task 0: Exited with exit code 255
srun: Terminating StepId=5138953.17
[2026-08-02T04:33:49.403] error: *** STEP 5138953.17 ON frontier04459 CANCELLED AT 2026-08-02T04:33:49 DUE TO TASK FAILURE ***
srun: error: frontier04459: tasks 1-55: Terminated
srun: Force Terminated StepId=5138953.17
Running frontier nodes=1 ranks_per_node=56 dist=hierarchical_async_put_lockfree mode=fixed expected_us=10 max_upper_fanout=4
RESULT distributor=hierarchical_async_put_lockfree mode=fixed expected_us=10 nodes=1 world_size=56 max_upper_fanout=4 total_tasks=5130336 elapsed_s=20.0001 throughput_tasks_per_s=256516
MPICH Notice [Rank 0] [job id 5138953.18] [Sun Aug  2 04:34:42 2026] [frontier04459] - Abort(0) (rank 0 in comm 0): application called MPI_Abort(MPI_COMM_WORLD, 0) - process 0

aborting job:
application called MPI_Abort(MPI_COMM_WORLD, 0) - process 0
srun: error: frontier04459: task 0: Exited with exit code 255
srun: Terminating StepId=5138953.18
[2026-08-02T04:34:42.572] error: *** STEP 5138953.18 ON frontier04459 CANCELLED AT 2026-08-02T04:34:42 DUE TO TASK FAILURE ***
srun: error: frontier04459: tasks 2-55: Terminated
srun: error: frontier04459: task 1: Terminated
srun: Force Terminated StepId=5138953.18
Running frontier nodes=1 ranks_per_node=56 dist=hierarchical_async_put_lockfree mode=fixed expected_us=100 max_upper_fanout=4
RESULT distributor=hierarchical_async_put_lockfree mode=fixed expected_us=100 nodes=1 world_size=56 max_upper_fanout=4 total_tasks=7533407 elapsed_s=20.0001 throughput_tasks_per_s=376669
MPICH Notice [Rank 0] [job id 5138953.19] [Sun Aug  2 04:35:19 2026] [frontier04459] - Abort(0) (rank 0 in comm 0): application called MPI_Abort(MPI_COMM_WORLD, 0) - process 0

aborting job:
application called MPI_Abort(MPI_COMM_WORLD, 0) - process 0
srun: error: frontier04459: task 0: Exited with exit code 255
srun: Terminating StepId=5138953.19
[2026-08-02T04:35:20.293] error: *** STEP 5138953.19 ON frontier04459 CANCELLED AT 2026-08-02T04:35:20 DUE TO TASK FAILURE ***
srun: error: frontier04459: tasks 2-55: Terminated
srun: error: frontier04459: task 1: Terminated
srun: Force Terminated StepId=5138953.19
Running frontier nodes=1 ranks_per_node=56 dist=hierarchical_async_put_lockfree mode=fixed expected_us=1000 max_upper_fanout=4
RESULT distributor=hierarchical_async_put_lockfree mode=fixed expected_us=1000 nodes=1 world_size=56 max_upper_fanout=4 total_tasks=1034334 elapsed_s=20.0001 throughput_tasks_per_s=51716.5
MPICH Notice [Rank 0] [job id 5138953.20] [Sun Aug  2 04:35:54 2026] [frontier04459] - Abort(0) (rank 0 in comm 0): application called MPI_Abort(MPI_COMM_WORLD, 0) - process 0

aborting job:
application called MPI_Abort(MPI_COMM_WORLD, 0) - process 0
srun: error: frontier04459: task 0: Exited with exit code 255
srun: Terminating StepId=5138953.20
[2026-08-02T04:35:55.579] error: *** STEP 5138953.20 ON frontier04459 CANCELLED AT 2026-08-02T04:35:55 DUE TO TASK FAILURE ***
srun: error: frontier04459: tasks 2-55: Terminated
srun: error: frontier04459: task 1: Terminated
srun: Force Terminated StepId=5138953.20
Running frontier nodes=1 ranks_per_node=56 dist=hierarchical_async_put_lockfree mode=random expected_us=10 max_upper_fanout=4
RESULT distributor=hierarchical_async_put_lockfree mode=random expected_us=10 nodes=1 world_size=56 max_upper_fanout=4 total_tasks=5142594 elapsed_s=20.0001 throughput_tasks_per_s=257129
MPICH Notice [Rank 0] [job id 5138953.21] [Sun Aug  2 04:36:32 2026] [frontier04459] - Abort(0) (rank 0 in comm 0): application called MPI_Abort(MPI_COMM_WORLD, 0) - process 0

aborting job:
application called MPI_Abort(MPI_COMM_WORLD, 0) - process 0
srun: error: frontier04459: task 0: Exited with exit code 255
srun: Terminating StepId=5138953.21
[2026-08-02T04:36:32.727] error: *** STEP 5138953.21 ON frontier04459 CANCELLED AT 2026-08-02T04:36:32 DUE TO TASK FAILURE ***
srun: error: frontier04459: tasks 2-55: Terminated
srun: error: frontier04459: task 1: Terminated
srun: Force Terminated StepId=5138953.21
Running frontier nodes=1 ranks_per_node=56 dist=hierarchical_async_put_lockfree mode=random expected_us=100 max_upper_fanout=4
RESULT distributor=hierarchical_async_put_lockfree mode=random expected_us=100 nodes=1 world_size=56 max_upper_fanout=4 total_tasks=6387722 elapsed_s=20.0001 throughput_tasks_per_s=319385
MPICH Notice [Rank 0] [job id 5138953.22] [Sun Aug  2 04:37:06 2026] [frontier04459] - Abort(0) (rank 0 in comm 0): application called MPI_Abort(MPI_COMM_WORLD, 0) - process 0

aborting job:
application called MPI_Abort(MPI_COMM_WORLD, 0) - process 0
srun: error: frontier04459: task 0: Exited with exit code 255
srun: Terminating StepId=5138953.22
[2026-08-02T04:37:06.873] error: *** STEP 5138953.22 ON frontier04459 CANCELLED AT 2026-08-02T04:37:06 DUE TO TASK FAILURE ***
srun: error: frontier04459: tasks 2-55: Terminated
srun: error: frontier04459: task 1: Terminated
srun: Force Terminated StepId=5138953.22
Running frontier nodes=1 ranks_per_node=56 dist=hierarchical_async_put_lockfree mode=random expected_us=1000 max_upper_fanout=4
RESULT distributor=hierarchical_async_put_lockfree mode=random expected_us=1000 nodes=1 world_size=56 max_upper_fanout=4 total_tasks=1051621 elapsed_s=20.0001 throughput_tasks_per_s=52580.8
MPICH Notice [Rank 0] [job id 5138953.23] [Sun Aug  2 04:37:42 2026] [frontier04459] - Abort(0) (rank 0 in comm 0): application called MPI_Abort(MPI_COMM_WORLD, 0) - process 0

aborting job:
application called MPI_Abort(MPI_COMM_WORLD, 0) - process 0
srun: error: frontier04459: task 0: Exited with exit code 255
srun: Terminating StepId=5138953.23
[2026-08-02T04:37:42.986] error: *** STEP 5138953.23 ON frontier04459 CANCELLED AT 2026-08-02T04:37:42 DUE TO TASK FAILURE ***
srun: error: frontier04459: tasks 2-55: Terminated
srun: error: frontier04459: task 1: Terminated
srun: Force Terminated StepId=5138953.23
