Running frontier nodes=1024 ranks_per_node=9 dist=naive
RESULT distributor=naive nodes=1024 max_upper_fanout=-1 world_size=9216 workers=9215 time_per_shutdown_us=38903.3 iterations=255
Running frontier nodes=1024 ranks_per_node=9 dist=hierarchical
srun: Step created for StepId=5137559.1
RESULT distributor=hierarchical nodes=1024 max_upper_fanout=-1 world_size=9216 workers=9215 time_per_shutdown_us=137.081 iterations=2038
Running frontier nodes=1024 ranks_per_node=9 dist=lockfree_rma
srun: Step created for StepId=5137559.2
RESULT distributor=lockfree_rma nodes=1024 max_upper_fanout=-1 world_size=9216 workers=9215 time_per_shutdown_us=27920.6 iterations=304
Running frontier nodes=1024 ranks_per_node=9 dist=hierarchical_lockfree_rma
srun: Step created for StepId=5137559.3
RESULT distributor=hierarchical_lockfree_rma nodes=1024 max_upper_fanout=-1 world_size=9216 workers=9215 time_per_shutdown_us=3678.3 iterations=791
Running frontier nodes=1024 ranks_per_node=56 dist=naive
srun: Step created for StepId=5137559.4
RESULT distributor=naive nodes=1024 max_upper_fanout=-1 world_size=57344 workers=57343 time_per_shutdown_us=514527 iterations=20
Running frontier nodes=1024 ranks_per_node=56 dist=hierarchical
srun: Step created for StepId=5137559.5
RESULT distributor=hierarchical nodes=1024 max_upper_fanout=-1 world_size=57344 workers=57343 time_per_shutdown_us=150.138 iterations=506
Running frontier nodes=1024 ranks_per_node=56 dist=lockfree_rma
srun: Step created for StepId=5137559.6
RESULT distributor=lockfree_rma nodes=1024 max_upper_fanout=-1 world_size=57344 workers=57343 time_per_shutdown_us=928878 iterations=11
Running frontier nodes=1024 ranks_per_node=56 dist=hierarchical_lockfree_rma
srun: Step created for StepId=5137559.7
RESULT distributor=hierarchical_lockfree_rma nodes=1024 max_upper_fanout=-1 world_size=57344 workers=57343 time_per_shutdown_us=3574.6 iterations=323
Results written to /autofs/nccs-svm1_home2/ryan/DynaMPI/benchmark/results/frontier/1024-dynampi_shutdown_frontier_1024-5137559/shutdown_frontier.csv
