##### dist=hierarchical_lockfree_rma fanout=-1 nodes=1024 mode=uniform expected_us=100 rpn=7 #####
RESULT distributor=hierarchical_lockfree_rma mode=uniform expected_us=100 nodes=1024 world_size=7168 max_upper_fanout=-1 total_tasks=286000000 elapsed_s=20.0112 throughput_tasks_per_s=1.4292e+07
Abort(0) on node 0 (rank 0 in comm 0): application called MPI_Abort(MPI_COMM_WORLD, 0) - process 0
Rank 0 aborted with code 0: application called MPI_Abort(MPI_COMM_WORLD, 0) - process 0
x4405c6s1b0n0.hsn.cm.aurora.alcf.anl.gov: rank 3 died from signal 15
exit=143
##### dist=hierarchical_lockfree_rma fanout=-1 nodes=1024 mode=uniform expected_us=1000 rpn=7 #####
RESULT distributor=hierarchical_lockfree_rma mode=uniform expected_us=1000 nodes=1024 world_size=7168 max_upper_fanout=-1 total_tasks=107378412 elapsed_s=20.0011 throughput_tasks_per_s=5.36863e+06
Abort(0) on node 0 (rank 0 in comm 0): application called MPI_Abort(MPI_COMM_WORLD, 0) - process 0
Rank 0 aborted with code 0: application called MPI_Abort(MPI_COMM_WORLD, 0) - process 0
x4405c6s1b0n0.hsn.cm.aurora.alcf.anl.gov: rank 4 died from signal 15
exit=143
##### dist=hierarchical_lockfree_rma fanout=-1 nodes=1024 mode=uniform expected_us=10000 rpn=7 #####
RESULT distributor=hierarchical_lockfree_rma mode=uniform expected_us=10000 nodes=1024 world_size=7168 max_upper_fanout=-1 total_tasks=11904517 elapsed_s=20.0016 throughput_tasks_per_s=595177
Abort(0) on node 0 (rank 0 in comm 0): application called MPI_Abort(MPI_COMM_WORLD, 0) - process 0
Rank 0 aborted with code 0: application called MPI_Abort(MPI_COMM_WORLD, 0) - process 0
x4405c6s1b0n0.hsn.cm.aurora.alcf.anl.gov: rank 4 died from signal 15
exit=143
##### dist=hierarchical_lockfree_rma fanout=-1 nodes=1024 mode=uniform expected_us=100000 rpn=7 #####
RESULT distributor=hierarchical_lockfree_rma mode=uniform expected_us=100000 nodes=1024 world_size=7168 max_upper_fanout=-1 total_tasks=1190868 elapsed_s=20.001 throughput_tasks_per_s=59540.4
Abort(0) on node 0 (rank 0 in comm 0): application called MPI_Abort(MPI_COMM_WORLD, 0) - process 0
Rank 0 aborted with code 0: application called MPI_Abort(MPI_COMM_WORLD, 0) - process 0
x4405c6s1b0n0.hsn.cm.aurora.alcf.anl.gov: rank 4 died from signal 15
exit=143
##### dist=hierarchical_lockfree_rma fanout=-1 nodes=1024 mode=uniform expected_us=1000000 rpn=7 #####
RESULT distributor=hierarchical_lockfree_rma mode=uniform expected_us=1000000 nodes=1024 world_size=7168 max_upper_fanout=-1 total_tasks=96779 elapsed_s=20.0001 throughput_tasks_per_s=4838.93
Abort(0) on node 0 (rank 0 in comm 0): application called MPI_Abort(MPI_COMM_WORLD, 0) - process 0
Rank 0 aborted with code 0: application called MPI_Abort(MPI_COMM_WORLD, 0) - process 0
x4405c6s1b0n0.hsn.cm.aurora.alcf.anl.gov: rank 6 died from signal 15
exit=143
ALL DONE
