Running frontier nodes=128 ranks_per_node=9 dist=naive
RESULT distributor=naive nodes=128 max_upper_fanout=-1 world_size=1152 workers=1151 time_per_shutdown_us=4641.23 iterations=2087
Running frontier nodes=128 ranks_per_node=9 dist=hierarchical
srun: Step created for StepId=5137481.1
RESULT distributor=hierarchical nodes=128 max_upper_fanout=-1 world_size=1152 workers=1151 time_per_shutdown_us=32.4826 iterations=7100
Running frontier nodes=128 ranks_per_node=9 dist=lockfree_rma
srun: Step created for StepId=5137481.2
RESULT distributor=lockfree_rma nodes=128 max_upper_fanout=-1 world_size=1152 workers=1151 time_per_shutdown_us=4834.99 iterations=1455
Running frontier nodes=128 ranks_per_node=9 dist=hierarchical_lockfree_rma
srun: Step created for StepId=5137481.3
RESULT distributor=hierarchical_lockfree_rma nodes=128 max_upper_fanout=-1 world_size=1152 workers=1151 time_per_shutdown_us=2503.62 iterations=1603
Running frontier nodes=128 ranks_per_node=56 dist=naive
srun: Step created for StepId=5137481.4
RESULT distributor=naive nodes=128 max_upper_fanout=-1 world_size=7168 workers=7167 time_per_shutdown_us=30382.8 iterations=327
Running frontier nodes=128 ranks_per_node=56 dist=hierarchical
srun: Step created for StepId=5137481.5
RESULT distributor=hierarchical nodes=128 max_upper_fanout=-1 world_size=7168 workers=7167 time_per_shutdown_us=35.8581 iterations=2906
Running frontier nodes=128 ranks_per_node=56 dist=lockfree_rma
srun: Step created for StepId=5137481.6
RESULT distributor=lockfree_rma nodes=128 max_upper_fanout=-1 world_size=7168 workers=7167 time_per_shutdown_us=23246.6 iterations=368
Running frontier nodes=128 ranks_per_node=56 dist=hierarchical_lockfree_rma
srun: Step created for StepId=5137481.7
RESULT distributor=hierarchical_lockfree_rma nodes=128 max_upper_fanout=-1 world_size=7168 workers=7167 time_per_shutdown_us=2933.55 iterations=1065
Results written to /autofs/nccs-svm1_home2/ryan/DynaMPI/benchmark/results/frontier/128-dynampi_shutdown_frontier_128-5137481/shutdown_frontier.csv
