Allocated cores per node: 102
Running aurora nodes=1024 ranks_per_node=102 dist=naive mode=fixed expected_us=10 max_upper_fanout=0
RESULT distributor=naive mode=fixed expected_us=10 nodes=1024 world_size=104448 max_upper_fanout=0 total_tasks=14396285 elapsed_s=20.8167 throughput_tasks_per_s=691574
Running aurora nodes=1024 ranks_per_node=102 dist=naive mode=fixed expected_us=100 max_upper_fanout=0
RESULT distributor=naive mode=fixed expected_us=100 nodes=1024 world_size=104448 max_upper_fanout=0 total_tasks=12006303 elapsed_s=20.8161 throughput_tasks_per_s=576780
Running aurora nodes=1024 ranks_per_node=102 dist=naive mode=fixed expected_us=1000 max_upper_fanout=0
RESULT distributor=naive mode=fixed expected_us=1000 nodes=1024 world_size=104448 max_upper_fanout=0 total_tasks=7338647 elapsed_s=21.2423 throughput_tasks_per_s=345474
Running aurora nodes=1024 ranks_per_node=102 dist=naive mode=fixed expected_us=10000 max_upper_fanout=0
RESULT distributor=naive mode=fixed expected_us=10000 nodes=1024 world_size=104448 max_upper_fanout=0 total_tasks=7070439 elapsed_s=21.2313 throughput_tasks_per_s=333019
Running aurora nodes=1024 ranks_per_node=102 dist=naive mode=fixed expected_us=100000 max_upper_fanout=0
RESULT distributor=naive mode=fixed expected_us=100000 nodes=1024 world_size=104448 max_upper_fanout=0 total_tasks=7412033 elapsed_s=21.5402 throughput_tasks_per_s=344103
Running aurora nodes=1024 ranks_per_node=102 dist=naive mode=fixed expected_us=1000000 max_upper_fanout=0
RESULT distributor=naive mode=fixed expected_us=1000000 nodes=1024 world_size=104448 max_upper_fanout=0 total_tasks=2495309 elapsed_s=25.0057 throughput_tasks_per_s=99789.6
Running aurora nodes=1024 ranks_per_node=102 dist=hierarchical mode=fixed expected_us=10 max_upper_fanout=0
RESULT distributor=hierarchical mode=fixed expected_us=10 nodes=1024 world_size=104448 max_upper_fanout=0 total_tasks=26489858 elapsed_s=20.6794 throughput_tasks_per_s=1.28098e+06
Running aurora nodes=1024 ranks_per_node=102 dist=hierarchical mode=fixed expected_us=100 max_upper_fanout=0
RESULT distributor=hierarchical mode=fixed expected_us=100 nodes=1024 world_size=104448 max_upper_fanout=0 total_tasks=29539780 elapsed_s=20.6386 throughput_tasks_per_s=1.43129e+06
Running aurora nodes=1024 ranks_per_node=102 dist=hierarchical mode=fixed expected_us=1000 max_upper_fanout=0
RESULT distributor=hierarchical mode=fixed expected_us=1000 nodes=1024 world_size=104448 max_upper_fanout=0 total_tasks=19696368 elapsed_s=20.6726 throughput_tasks_per_s=952775
Running aurora nodes=1024 ranks_per_node=102 dist=hierarchical mode=fixed expected_us=10000 max_upper_fanout=0
RESULT distributor=hierarchical mode=fixed expected_us=10000 nodes=1024 world_size=104448 max_upper_fanout=0 total_tasks=19385738 elapsed_s=20.9744 throughput_tasks_per_s=924258
Running aurora nodes=1024 ranks_per_node=102 dist=hierarchical mode=fixed expected_us=100000 max_upper_fanout=0
RESULT distributor=hierarchical mode=fixed expected_us=100000 nodes=1024 world_size=104448 max_upper_fanout=0 total_tasks=19132696 elapsed_s=21.1501 throughput_tasks_per_s=904616
Running aurora nodes=1024 ranks_per_node=102 dist=hierarchical mode=fixed expected_us=1000000 max_upper_fanout=0
RESULT distributor=hierarchical mode=fixed expected_us=1000000 nodes=1024 world_size=104448 max_upper_fanout=0 total_tasks=2898324 elapsed_s=30.1063 throughput_tasks_per_s=96269.7
Running aurora nodes=1024 ranks_per_node=102 dist=hierarchical mode=fixed expected_us=10 max_upper_fanout=-1
RESULT distributor=hierarchical mode=fixed expected_us=10 nodes=1024 world_size=104448 max_upper_fanout=-1 total_tasks=24392896 elapsed_s=20.5793 throughput_tasks_per_s=1.18531e+06
Running aurora nodes=1024 ranks_per_node=102 dist=hierarchical mode=fixed expected_us=100 max_upper_fanout=-1
RESULT distributor=hierarchical mode=fixed expected_us=100 nodes=1024 world_size=104448 max_upper_fanout=-1 total_tasks=25597846 elapsed_s=20.7444 throughput_tasks_per_s=1.23397e+06
Running aurora nodes=1024 ranks_per_node=102 dist=hierarchical mode=fixed expected_us=1000 max_upper_fanout=-1
RESULT distributor=hierarchical mode=fixed expected_us=1000 nodes=1024 world_size=104448 max_upper_fanout=-1 total_tasks=42913772 elapsed_s=20.4952 throughput_tasks_per_s=2.09385e+06
Running aurora nodes=1024 ranks_per_node=102 dist=hierarchical mode=fixed expected_us=10000 max_upper_fanout=-1
RESULT distributor=hierarchical mode=fixed expected_us=10000 nodes=1024 world_size=104448 max_upper_fanout=-1 total_tasks=60323306 elapsed_s=20.7151 throughput_tasks_per_s=2.91205e+06
Running aurora nodes=1024 ranks_per_node=102 dist=hierarchical mode=fixed expected_us=100000 max_upper_fanout=-1
RESULT distributor=hierarchical mode=fixed expected_us=100000 nodes=1024 world_size=104448 max_upper_fanout=-1 total_tasks=15192622 elapsed_s=21.5325 throughput_tasks_per_s=705567
Running aurora nodes=1024 ranks_per_node=102 dist=hierarchical mode=fixed expected_us=1000000 max_upper_fanout=-1
RESULT distributor=hierarchical mode=fixed expected_us=1000000 nodes=1024 world_size=104448 max_upper_fanout=-1 total_tasks=2713250 elapsed_s=29.5053 throughput_tasks_per_s=91958.1
Running aurora nodes=1024 ranks_per_node=102 dist=lockfree_rma mode=fixed expected_us=10 max_upper_fanout=0
RESULT distributor=lockfree_rma mode=fixed expected_us=10 nodes=1024 world_size=104448 max_upper_fanout=0 total_tasks=417613 elapsed_s=20.2291 throughput_tasks_per_s=20644.2
Running aurora nodes=1024 ranks_per_node=102 dist=lockfree_rma mode=fixed expected_us=100 max_upper_fanout=0
RESULT distributor=lockfree_rma mode=fixed expected_us=100 nodes=1024 world_size=104448 max_upper_fanout=0 total_tasks=104697 elapsed_s=20.3675 throughput_tasks_per_s=5140.39
Running aurora nodes=1024 ranks_per_node=102 dist=lockfree_rma mode=fixed expected_us=1000 max_upper_fanout=0
RESULT distributor=lockfree_rma mode=fixed expected_us=1000 nodes=1024 world_size=104448 max_upper_fanout=0 total_tasks=781830 elapsed_s=20.3559 throughput_tasks_per_s=38408
Running aurora nodes=1024 ranks_per_node=102 dist=lockfree_rma mode=fixed expected_us=10000 max_upper_fanout=0
RESULT distributor=lockfree_rma mode=fixed expected_us=10000 nodes=1024 world_size=104448 max_upper_fanout=0 total_tasks=655770 elapsed_s=20.1636 throughput_tasks_per_s=32522.5
Running aurora nodes=1024 ranks_per_node=102 dist=lockfree_rma mode=fixed expected_us=100000 max_upper_fanout=0
RESULT distributor=lockfree_rma mode=fixed expected_us=100000 nodes=1024 world_size=104448 max_upper_fanout=0 total_tasks=251011 elapsed_s=20.0791 throughput_tasks_per_s=12501.1
Running aurora nodes=1024 ranks_per_node=102 dist=lockfree_rma mode=fixed expected_us=1000000 max_upper_fanout=0
RESULT distributor=lockfree_rma mode=fixed expected_us=1000000 nodes=1024 world_size=104448 max_upper_fanout=0 total_tasks=1849087 elapsed_s=20.0009 throughput_tasks_per_s=92450.1
Running aurora nodes=1024 ranks_per_node=102 dist=hierarchical_lockfree_rma mode=fixed expected_us=10 max_upper_fanout=0
RESULT distributor=hierarchical_lockfree_rma mode=fixed expected_us=10 nodes=1024 world_size=104448 max_upper_fanout=0 total_tasks=190808527 elapsed_s=20.0007 throughput_tasks_per_s=9.54008e+06
Running aurora nodes=1024 ranks_per_node=102 dist=hierarchical_lockfree_rma mode=fixed expected_us=100 max_upper_fanout=0
RESULT distributor=hierarchical_lockfree_rma mode=fixed expected_us=100 nodes=1024 world_size=104448 max_upper_fanout=0 total_tasks=197582404 elapsed_s=20.0014 throughput_tasks_per_s=9.87842e+06
Running aurora nodes=1024 ranks_per_node=102 dist=hierarchical_lockfree_rma mode=fixed expected_us=1000 max_upper_fanout=0
RESULT distributor=hierarchical_lockfree_rma mode=fixed expected_us=1000 nodes=1024 world_size=104448 max_upper_fanout=0 total_tasks=207924615 elapsed_s=20.0026 throughput_tasks_per_s=1.03949e+07
Running aurora nodes=1024 ranks_per_node=102 dist=hierarchical_lockfree_rma mode=fixed expected_us=10000 max_upper_fanout=0
RESULT distributor=hierarchical_lockfree_rma mode=fixed expected_us=10000 nodes=1024 world_size=104448 max_upper_fanout=0 total_tasks=174104230 elapsed_s=20.0015 throughput_tasks_per_s=8.70457e+06
Running aurora nodes=1024 ranks_per_node=102 dist=hierarchical_lockfree_rma mode=fixed expected_us=100000 max_upper_fanout=0
RESULT distributor=hierarchical_lockfree_rma mode=fixed expected_us=100000 nodes=1024 world_size=104448 max_upper_fanout=0 total_tasks=19654685 elapsed_s=20.0029 throughput_tasks_per_s=982592
Running aurora nodes=1024 ranks_per_node=102 dist=hierarchical_lockfree_rma mode=fixed expected_us=1000000 max_upper_fanout=0
RESULT distributor=hierarchical_lockfree_rma mode=fixed expected_us=1000000 nodes=1024 world_size=104448 max_upper_fanout=0 total_tasks=1861694 elapsed_s=20.1582 throughput_tasks_per_s=92354
Running aurora nodes=1024 ranks_per_node=102 dist=hierarchical_lockfree_rma mode=fixed expected_us=10 max_upper_fanout=-1
RESULT distributor=hierarchical_lockfree_rma mode=fixed expected_us=10 nodes=1024 world_size=104448 max_upper_fanout=-1 total_tasks=367377045 elapsed_s=20.0012 throughput_tasks_per_s=1.83677e+07
Running aurora nodes=1024 ranks_per_node=102 dist=hierarchical_lockfree_rma mode=fixed expected_us=100 max_upper_fanout=-1
RESULT distributor=hierarchical_lockfree_rma mode=fixed expected_us=100 nodes=1024 world_size=104448 max_upper_fanout=-1 total_tasks=378773010 elapsed_s=20.001 throughput_tasks_per_s=1.89377e+07
Running aurora nodes=1024 ranks_per_node=102 dist=hierarchical_lockfree_rma mode=fixed expected_us=1000 max_upper_fanout=-1
RESULT distributor=hierarchical_lockfree_rma mode=fixed expected_us=1000 nodes=1024 world_size=104448 max_upper_fanout=-1 total_tasks=440487766 elapsed_s=20.0005 throughput_tasks_per_s=2.20238e+07
Running aurora nodes=1024 ranks_per_node=102 dist=hierarchical_lockfree_rma mode=fixed expected_us=10000 max_upper_fanout=-1
RESULT distributor=hierarchical_lockfree_rma mode=fixed expected_us=10000 nodes=1024 world_size=104448 max_upper_fanout=-1 total_tasks=167757657 elapsed_s=20.0019 throughput_tasks_per_s=8.38709e+06
Running aurora nodes=1024 ranks_per_node=102 dist=hierarchical_lockfree_rma mode=fixed expected_us=100000 max_upper_fanout=-1
RESULT distributor=hierarchical_lockfree_rma mode=fixed expected_us=100000 nodes=1024 world_size=104448 max_upper_fanout=-1 total_tasks=19528217 elapsed_s=20.0014 throughput_tasks_per_s=976345
Running aurora nodes=1024 ranks_per_node=102 dist=hierarchical_lockfree_rma mode=fixed expected_us=1000000 max_upper_fanout=-1
RESULT distributor=hierarchical_lockfree_rma mode=fixed expected_us=1000000 nodes=1024 world_size=104448 max_upper_fanout=-1 total_tasks=1861485 elapsed_s=20.0017 throughput_tasks_per_s=93066.3
