Allocated cores per node: 7
Running aurora nodes=1024 ranks_per_node=7 dist=naive mode=uniform expected_us=10 max_upper_fanout=0
RESULT distributor=naive mode=uniform expected_us=10 nodes=1024 world_size=7168 max_upper_fanout=0 total_tasks=15270494 elapsed_s=20.04 throughput_tasks_per_s=762001
Running aurora nodes=1024 ranks_per_node=7 dist=naive mode=uniform expected_us=100 max_upper_fanout=0
RESULT distributor=naive mode=uniform expected_us=100 nodes=1024 world_size=7168 max_upper_fanout=0 total_tasks=13803913 elapsed_s=20.0308 throughput_tasks_per_s=689134
Running aurora nodes=1024 ranks_per_node=7 dist=naive mode=uniform expected_us=1000 max_upper_fanout=0
RESULT distributor=naive mode=uniform expected_us=1000 nodes=1024 world_size=7168 max_upper_fanout=0 total_tasks=13531407 elapsed_s=20.0322 throughput_tasks_per_s=675483
Running aurora nodes=1024 ranks_per_node=7 dist=naive mode=uniform expected_us=10000 max_upper_fanout=0
RESULT distributor=naive mode=uniform expected_us=10000 nodes=1024 world_size=7168 max_upper_fanout=0 total_tasks=13657101 elapsed_s=20.0435 throughput_tasks_per_s=681374
Running aurora nodes=1024 ranks_per_node=7 dist=naive mode=uniform expected_us=100000 max_upper_fanout=0
RESULT distributor=naive mode=uniform expected_us=100000 nodes=1024 world_size=7168 max_upper_fanout=0 total_tasks=1459832 elapsed_s=20.5125 throughput_tasks_per_s=71168
Running aurora nodes=1024 ranks_per_node=7 dist=naive mode=uniform expected_us=1000000 max_upper_fanout=0
RESULT distributor=naive mode=uniform expected_us=1000000 nodes=1024 world_size=7168 max_upper_fanout=0 total_tasks=176201 elapsed_s=25.8952 throughput_tasks_per_s=6804.38
Running aurora nodes=1024 ranks_per_node=7 dist=hierarchical mode=uniform expected_us=10 max_upper_fanout=0
RESULT distributor=hierarchical mode=uniform expected_us=10 nodes=1024 world_size=7168 max_upper_fanout=0 total_tasks=32741444 elapsed_s=20.0214 throughput_tasks_per_s=1.63532e+06
Running aurora nodes=1024 ranks_per_node=7 dist=hierarchical mode=uniform expected_us=100 max_upper_fanout=0
RESULT distributor=hierarchical mode=uniform expected_us=100 nodes=1024 world_size=7168 max_upper_fanout=0 total_tasks=27780126 elapsed_s=20.0202 throughput_tasks_per_s=1.38761e+06
Running aurora nodes=1024 ranks_per_node=7 dist=hierarchical mode=uniform expected_us=1000 max_upper_fanout=0
RESULT distributor=hierarchical mode=uniform expected_us=1000 nodes=1024 world_size=7168 max_upper_fanout=0 total_tasks=27036614 elapsed_s=20.0252 throughput_tasks_per_s=1.35013e+06
Running aurora nodes=1024 ranks_per_node=7 dist=hierarchical mode=uniform expected_us=10000 max_upper_fanout=0
RESULT distributor=hierarchical mode=uniform expected_us=10000 nodes=1024 world_size=7168 max_upper_fanout=0 total_tasks=12332428 elapsed_s=20.1131 throughput_tasks_per_s=613155
Running aurora nodes=1024 ranks_per_node=7 dist=hierarchical mode=uniform expected_us=100000 max_upper_fanout=0
RESULT distributor=hierarchical mode=uniform expected_us=100000 nodes=1024 world_size=7168 max_upper_fanout=0 total_tasks=1276722 elapsed_s=21.0979 throughput_tasks_per_s=60514.1
Running aurora nodes=1024 ranks_per_node=7 dist=hierarchical mode=uniform expected_us=1000000 max_upper_fanout=0
RESULT distributor=hierarchical mode=uniform expected_us=1000000 nodes=1024 world_size=7168 max_upper_fanout=0 total_tasks=174420 elapsed_s=31.5125 throughput_tasks_per_s=5534.95
Running aurora nodes=1024 ranks_per_node=7 dist=hierarchical mode=uniform expected_us=10 max_upper_fanout=-1
RESULT distributor=hierarchical mode=uniform expected_us=10 nodes=1024 world_size=7168 max_upper_fanout=-1 total_tasks=48525024 elapsed_s=20.0091 throughput_tasks_per_s=2.42514e+06
Running aurora nodes=1024 ranks_per_node=7 dist=hierarchical mode=uniform expected_us=100 max_upper_fanout=-1
RESULT distributor=hierarchical mode=uniform expected_us=100 nodes=1024 world_size=7168 max_upper_fanout=-1 total_tasks=63238968 elapsed_s=20.0075 throughput_tasks_per_s=3.16077e+06
Running aurora nodes=1024 ranks_per_node=7 dist=hierarchical mode=uniform expected_us=1000 max_upper_fanout=-1
RESULT distributor=hierarchical mode=uniform expected_us=1000 nodes=1024 world_size=7168 max_upper_fanout=-1 total_tasks=81104312 elapsed_s=20.0146 throughput_tasks_per_s=4.05225e+06
Running aurora nodes=1024 ranks_per_node=7 dist=hierarchical mode=uniform expected_us=10000 max_upper_fanout=-1
RESULT distributor=hierarchical mode=uniform expected_us=10000 nodes=1024 world_size=7168 max_upper_fanout=-1 total_tasks=12336114 elapsed_s=20.1188 throughput_tasks_per_s=613163
Running aurora nodes=1024 ranks_per_node=7 dist=hierarchical mode=uniform expected_us=100000 max_upper_fanout=-1
RESULT distributor=hierarchical mode=uniform expected_us=100000 nodes=1024 world_size=7168 max_upper_fanout=-1 total_tasks=1276030 elapsed_s=21.1137 throughput_tasks_per_s=60436
Running aurora nodes=1024 ranks_per_node=7 dist=hierarchical mode=uniform expected_us=1000000 max_upper_fanout=-1
RESULT distributor=hierarchical mode=uniform expected_us=1000000 nodes=1024 world_size=7168 max_upper_fanout=-1 total_tasks=176910 elapsed_s=31.7337 throughput_tasks_per_s=5574.83
Running aurora nodes=1024 ranks_per_node=7 dist=lockfree_rma mode=uniform expected_us=10 max_upper_fanout=0
RESULT distributor=lockfree_rma mode=uniform expected_us=10 nodes=1024 world_size=7168 max_upper_fanout=0 total_tasks=7377092 elapsed_s=20.002 throughput_tasks_per_s=368818
Running aurora nodes=1024 ranks_per_node=7 dist=lockfree_rma mode=uniform expected_us=100 max_upper_fanout=0
RESULT distributor=lockfree_rma mode=uniform expected_us=100 nodes=1024 world_size=7168 max_upper_fanout=0 total_tasks=7031621 elapsed_s=20.0103 throughput_tasks_per_s=351400
Running aurora nodes=1024 ranks_per_node=7 dist=lockfree_rma mode=uniform expected_us=1000 max_upper_fanout=0
RESULT distributor=lockfree_rma mode=uniform expected_us=1000 nodes=1024 world_size=7168 max_upper_fanout=0 total_tasks=7055552 elapsed_s=20.0102 throughput_tasks_per_s=352598
Running aurora nodes=1024 ranks_per_node=7 dist=lockfree_rma mode=uniform expected_us=10000 max_upper_fanout=0
RESULT distributor=lockfree_rma mode=uniform expected_us=10000 nodes=1024 world_size=7168 max_upper_fanout=0 total_tasks=6575869 elapsed_s=20.0063 throughput_tasks_per_s=328689
Running aurora nodes=1024 ranks_per_node=7 dist=lockfree_rma mode=uniform expected_us=100000 max_upper_fanout=0
RESULT distributor=lockfree_rma mode=uniform expected_us=100000 nodes=1024 world_size=7168 max_upper_fanout=0 total_tasks=1414841 elapsed_s=20.0006 throughput_tasks_per_s=70740.1
Running aurora nodes=1024 ranks_per_node=7 dist=lockfree_rma mode=uniform expected_us=1000000 max_upper_fanout=0
RESULT distributor=lockfree_rma mode=uniform expected_us=1000000 nodes=1024 world_size=7168 max_upper_fanout=0 total_tasks=133177 elapsed_s=20.0001 throughput_tasks_per_s=6658.83
Running aurora nodes=1024 ranks_per_node=7 dist=hierarchical_lockfree_rma mode=uniform expected_us=10 max_upper_fanout=0
RESULT distributor=hierarchical_lockfree_rma mode=uniform expected_us=10 nodes=1024 world_size=7168 max_upper_fanout=0 total_tasks=36684889 elapsed_s=20.0005 throughput_tasks_per_s=1.8342e+06
Running aurora nodes=1024 ranks_per_node=7 dist=hierarchical_lockfree_rma mode=uniform expected_us=100 max_upper_fanout=0
RESULT distributor=hierarchical_lockfree_rma mode=uniform expected_us=100 nodes=1024 world_size=7168 max_upper_fanout=0 total_tasks=36147304 elapsed_s=20.0014 throughput_tasks_per_s=1.80724e+06
Running aurora nodes=1024 ranks_per_node=7 dist=hierarchical_lockfree_rma mode=uniform expected_us=1000 max_upper_fanout=0
RESULT distributor=hierarchical_lockfree_rma mode=uniform expected_us=1000 nodes=1024 world_size=7168 max_upper_fanout=0 total_tasks=42000000 elapsed_s=20.0146 throughput_tasks_per_s=2.09847e+06
Running aurora nodes=1024 ranks_per_node=7 dist=hierarchical_lockfree_rma mode=uniform expected_us=10000 max_upper_fanout=0
RESULT distributor=hierarchical_lockfree_rma mode=uniform expected_us=10000 nodes=1024 world_size=7168 max_upper_fanout=0 total_tasks=12009142 elapsed_s=20.0006 throughput_tasks_per_s=600440
Running aurora nodes=1024 ranks_per_node=7 dist=hierarchical_lockfree_rma mode=uniform expected_us=100000 max_upper_fanout=0
RESULT distributor=hierarchical_lockfree_rma mode=uniform expected_us=100000 nodes=1024 world_size=7168 max_upper_fanout=0 total_tasks=1206066 elapsed_s=20.002 throughput_tasks_per_s=60297.3
Running aurora nodes=1024 ranks_per_node=7 dist=hierarchical_lockfree_rma mode=uniform expected_us=1000000 max_upper_fanout=0
RESULT distributor=hierarchical_lockfree_rma mode=uniform expected_us=1000000 nodes=1024 world_size=7168 max_upper_fanout=0 total_tasks=102738 elapsed_s=20.0004 throughput_tasks_per_s=5136.79
Running aurora nodes=1024 ranks_per_node=7 dist=hierarchical_lockfree_rma mode=uniform expected_us=10 max_upper_fanout=-1
RESULT distributor=hierarchical_lockfree_rma mode=uniform expected_us=10 nodes=1024 world_size=7168 max_upper_fanout=-1 total_tasks=298775532 elapsed_s=20.0005 throughput_tasks_per_s=1.49384e+07
Abort(0) on node 0 (rank 0 in comm 0): application called MPI_Abort(MPI_COMM_WORLD, 0) - process 0
Rank 0 aborted with code 0: application called MPI_Abort(MPI_COMM_WORLD, 0) - process 0
x4313c5s3b0n0.hsn.cm.aurora.alcf.anl.gov: rank 3 died from signal 15
