##### dist=naive fanout=-1 nodes=16 mode=uniform expected_us=10 duration_s=20 #####
RESULT distributor=naive mode=uniform expected_us=10 nodes=16 world_size=1632 max_upper_fanout=-1 total_tasks=8946748 elapsed_s=20.0028 throughput_tasks_per_s=447274
exit=0
##### dist=hierarchical fanout=0 nodes=16 mode=uniform expected_us=10 duration_s=20 #####
RESULT distributor=hierarchical mode=uniform expected_us=10 nodes=16 world_size=1632 max_upper_fanout=0 total_tasks=31443498 elapsed_s=20.2641 throughput_tasks_per_s=1.55168e+06
exit=0
##### dist=hierarchical fanout=-1 nodes=16 mode=uniform expected_us=10 duration_s=20 #####
RESULT distributor=hierarchical mode=uniform expected_us=10 nodes=16 world_size=1632 max_upper_fanout=-1 total_tasks=31656096 elapsed_s=20.179 throughput_tasks_per_s=1.56877e+06
exit=0
##### dist=lockfree_rma fanout=-1 nodes=16 mode=uniform expected_us=10 duration_s=20 #####
RESULT distributor=lockfree_rma mode=uniform expected_us=10 nodes=16 world_size=1632 max_upper_fanout=-1 total_tasks=4562679 elapsed_s=20.0055 throughput_tasks_per_s=228072
exit=0
##### dist=hierarchical_lockfree_rma fanout=0 nodes=16 mode=uniform expected_us=10 duration_s=20 #####
RESULT distributor=hierarchical_lockfree_rma mode=uniform expected_us=10 nodes=16 world_size=1632 max_upper_fanout=0 total_tasks=31507361 elapsed_s=20.0005 throughput_tasks_per_s=1.57533e+06
exit=0
##### dist=hierarchical_lockfree_rma fanout=-1 nodes=16 mode=uniform expected_us=10 duration_s=20 #####
RESULT distributor=hierarchical_lockfree_rma mode=uniform expected_us=10 nodes=16 world_size=1632 max_upper_fanout=-1 total_tasks=31364644 elapsed_s=20.0003 throughput_tasks_per_s=1.56821e+06
exit=0
##### dist=naive fanout=-1 nodes=16 mode=uniform expected_us=100 duration_s=20 #####
RESULT distributor=naive mode=uniform expected_us=100 nodes=16 world_size=1632 max_upper_fanout=-1 total_tasks=10521764 elapsed_s=20.0072 throughput_tasks_per_s=525900
exit=0
##### dist=hierarchical fanout=0 nodes=16 mode=uniform expected_us=100 duration_s=20 #####
RESULT distributor=hierarchical mode=uniform expected_us=100 nodes=16 world_size=1632 max_upper_fanout=0 total_tasks=33275652 elapsed_s=20.29 throughput_tasks_per_s=1.64e+06
exit=0
##### dist=hierarchical fanout=-1 nodes=16 mode=uniform expected_us=100 duration_s=20 #####
RESULT distributor=hierarchical mode=uniform expected_us=100 nodes=16 world_size=1632 max_upper_fanout=-1 total_tasks=33131416 elapsed_s=20.2724 throughput_tasks_per_s=1.63431e+06
exit=0
##### dist=lockfree_rma fanout=-1 nodes=16 mode=uniform expected_us=100 duration_s=20 #####
RESULT distributor=lockfree_rma mode=uniform expected_us=100 nodes=16 world_size=1632 max_upper_fanout=-1 total_tasks=4643273 elapsed_s=20.0017 throughput_tasks_per_s=232144
exit=0
##### dist=hierarchical_lockfree_rma fanout=0 nodes=16 mode=uniform expected_us=100 duration_s=20 #####
RESULT distributor=hierarchical_lockfree_rma mode=uniform expected_us=100 nodes=16 world_size=1632 max_upper_fanout=0 total_tasks=31474451 elapsed_s=20.0006 throughput_tasks_per_s=1.57368e+06
exit=0
##### dist=hierarchical_lockfree_rma fanout=-1 nodes=16 mode=uniform expected_us=100 duration_s=20 #####
RESULT distributor=hierarchical_lockfree_rma mode=uniform expected_us=100 nodes=16 world_size=1632 max_upper_fanout=-1 total_tasks=31316612 elapsed_s=20.0003 throughput_tasks_per_s=1.56581e+06
exit=0
##### dist=naive fanout=-1 nodes=16 mode=uniform expected_us=1000 duration_s=20 #####
RESULT distributor=naive mode=uniform expected_us=1000 nodes=16 world_size=1632 max_upper_fanout=-1 total_tasks=7667684 elapsed_s=20.01 throughput_tasks_per_s=383192
exit=0
##### dist=hierarchical fanout=0 nodes=16 mode=uniform expected_us=1000 duration_s=20 #####
RESULT distributor=hierarchical mode=uniform expected_us=1000 nodes=16 world_size=1632 max_upper_fanout=0 total_tasks=19896340 elapsed_s=20.1866 throughput_tasks_per_s=985620
exit=0
##### dist=hierarchical fanout=-1 nodes=16 mode=uniform expected_us=1000 duration_s=20 #####
RESULT distributor=hierarchical mode=uniform expected_us=1000 nodes=16 world_size=1632 max_upper_fanout=-1 total_tasks=19746328 elapsed_s=20.2424 throughput_tasks_per_s=975492
exit=0
##### dist=lockfree_rma fanout=-1 nodes=16 mode=uniform expected_us=1000 duration_s=20 #####
RESULT distributor=lockfree_rma mode=uniform expected_us=1000 nodes=16 world_size=1632 max_upper_fanout=-1 total_tasks=4515760 elapsed_s=20.0032 throughput_tasks_per_s=225752
exit=0
##### dist=hierarchical_lockfree_rma fanout=0 nodes=16 mode=uniform expected_us=1000 duration_s=20 #####
RESULT distributor=hierarchical_lockfree_rma mode=uniform expected_us=1000 nodes=16 world_size=1632 max_upper_fanout=0 total_tasks=27714972 elapsed_s=20.0015 throughput_tasks_per_s=1.38565e+06
exit=0
##### dist=hierarchical_lockfree_rma fanout=-1 nodes=16 mode=uniform expected_us=1000 duration_s=20 #####
RESULT distributor=hierarchical_lockfree_rma mode=uniform expected_us=1000 nodes=16 world_size=1632 max_upper_fanout=-1 total_tasks=27716064 elapsed_s=20.0014 throughput_tasks_per_s=1.3857e+06
exit=0
##### dist=naive fanout=-1 nodes=16 mode=uniform expected_us=10000 duration_s=20 #####
RESULT distributor=naive mode=uniform expected_us=10000 nodes=16 world_size=1632 max_upper_fanout=-1 total_tasks=2530812 elapsed_s=20.1821 throughput_tasks_per_s=125399
exit=0
##### dist=hierarchical fanout=0 nodes=16 mode=uniform expected_us=10000 duration_s=20 #####
RESULT distributor=hierarchical mode=uniform expected_us=10000 nodes=16 world_size=1632 max_upper_fanout=0 total_tasks=2208728 elapsed_s=20.1548 throughput_tasks_per_s=109588
exit=0
##### dist=hierarchical fanout=-1 nodes=16 mode=uniform expected_us=10000 duration_s=20 #####
RESULT distributor=hierarchical mode=uniform expected_us=10000 nodes=16 world_size=1632 max_upper_fanout=-1 total_tasks=2199896 elapsed_s=20.3376 throughput_tasks_per_s=108169
exit=0
##### dist=lockfree_rma fanout=-1 nodes=16 mode=uniform expected_us=10000 duration_s=20 #####
RESULT distributor=lockfree_rma mode=uniform expected_us=10000 nodes=16 world_size=1632 max_upper_fanout=-1 total_tasks=2913425 elapsed_s=20.0012 throughput_tasks_per_s=145662
exit=0
##### dist=hierarchical_lockfree_rma fanout=0 nodes=16 mode=uniform expected_us=10000 duration_s=20 #####
RESULT distributor=hierarchical_lockfree_rma mode=uniform expected_us=10000 nodes=16 world_size=1632 max_upper_fanout=0 total_tasks=3191792 elapsed_s=20.0015 throughput_tasks_per_s=159578
exit=0
##### dist=hierarchical_lockfree_rma fanout=-1 nodes=16 mode=uniform expected_us=10000 duration_s=20 #####
RESULT distributor=hierarchical_lockfree_rma mode=uniform expected_us=10000 nodes=16 world_size=1632 max_upper_fanout=-1 total_tasks=3191567 elapsed_s=20.0014 throughput_tasks_per_s=159567
exit=0
##### dist=naive fanout=-1 nodes=16 mode=uniform expected_us=100000 duration_s=20 #####
RESULT distributor=naive mode=uniform expected_us=100000 nodes=16 world_size=1632 max_upper_fanout=-1 total_tasks=293663 elapsed_s=20.6414 throughput_tasks_per_s=14226.9
exit=0
##### dist=hierarchical fanout=0 nodes=16 mode=uniform expected_us=100000 duration_s=20 #####
RESULT distributor=hierarchical mode=uniform expected_us=100000 nodes=16 world_size=1632 max_upper_fanout=0 total_tasks=308516 elapsed_s=21.1616 throughput_tasks_per_s=14579.1
exit=0
##### dist=hierarchical fanout=-1 nodes=16 mode=uniform expected_us=100000 duration_s=20 #####
RESULT distributor=hierarchical mode=uniform expected_us=100000 nodes=16 world_size=1632 max_upper_fanout=-1 total_tasks=308114 elapsed_s=21.0615 throughput_tasks_per_s=14629.3
exit=0
##### dist=lockfree_rma fanout=-1 nodes=16 mode=uniform expected_us=100000 duration_s=20 #####
x4612c2s5b0n0.hsn.cm.aurora.alcf.anl.gov: rank 990 died from signal 15
exit=124
##### dist=hierarchical_lockfree_rma fanout=0 nodes=16 mode=uniform expected_us=100000 duration_s=20 #####
x4612c0s0b0n0.hsn.cm.aurora.alcf.anl.gov: rank 55 died from signal 15
exit=124
##### dist=hierarchical_lockfree_rma fanout=-1 nodes=16 mode=uniform expected_us=100000 duration_s=20 #####
x4612c3s0b0n0.hsn.cm.aurora.alcf.anl.gov: rank 1084 died from signal 15
exit=124
##### dist=naive fanout=-1 nodes=16 mode=uniform expected_us=1000000 duration_s=20 #####
RESULT distributor=naive mode=uniform expected_us=1000000 nodes=16 world_size=1632 max_upper_fanout=-1 total_tasks=39454 elapsed_s=25.9643 throughput_tasks_per_s=1519.55
exit=0
##### dist=hierarchical fanout=0 nodes=16 mode=uniform expected_us=1000000 duration_s=20 #####
RESULT distributor=hierarchical mode=uniform expected_us=1000000 nodes=16 world_size=1632 max_upper_fanout=0 total_tasks=44476 elapsed_s=29.5572 throughput_tasks_per_s=1504.74
exit=0
##### dist=hierarchical fanout=-1 nodes=16 mode=uniform expected_us=1000000 duration_s=20 #####
RESULT distributor=hierarchical mode=uniform expected_us=1000000 nodes=16 world_size=1632 max_upper_fanout=-1 total_tasks=44072 elapsed_s=29.6995 throughput_tasks_per_s=1483.93
exit=0
##### dist=lockfree_rma fanout=-1 nodes=16 mode=uniform expected_us=1000000 duration_s=20 #####
x4612c1s7b0n0.hsn.cm.aurora.alcf.anl.gov: rank 636 died from signal 15
exit=124
##### dist=hierarchical_lockfree_rma fanout=0 nodes=16 mode=uniform expected_us=1000000 duration_s=20 #####
x4612c3s3b0n0.hsn.cm.aurora.alcf.anl.gov: rank 1177 died from signal 15
exit=124
##### dist=hierarchical_lockfree_rma fanout=-1 nodes=16 mode=uniform expected_us=1000000 duration_s=20 #####
x4612c0s0b0n0.hsn.cm.aurora.alcf.anl.gov: rank 66 died from signal 15
exit=124
##### dist=naive fanout=-1 nodes=32 mode=uniform expected_us=10 duration_s=20 #####
RESULT distributor=naive mode=uniform expected_us=10 nodes=32 world_size=3264 max_upper_fanout=-1 total_tasks=9189165 elapsed_s=20.0099 throughput_tasks_per_s=459231
exit=0
##### dist=hierarchical fanout=0 nodes=32 mode=uniform expected_us=10 duration_s=20 #####
RESULT distributor=hierarchical mode=uniform expected_us=10 nodes=32 world_size=3264 max_upper_fanout=0 total_tasks=31172706 elapsed_s=20.3205 throughput_tasks_per_s=1.53405e+06
exit=0
##### dist=hierarchical fanout=-1 nodes=32 mode=uniform expected_us=10 duration_s=20 #####
RESULT distributor=hierarchical mode=uniform expected_us=10 nodes=32 world_size=3264 max_upper_fanout=-1 total_tasks=30991402 elapsed_s=20.2868 throughput_tasks_per_s=1.52766e+06
exit=0
##### dist=lockfree_rma fanout=-1 nodes=32 mode=uniform expected_us=10 duration_s=20 #####
RESULT distributor=lockfree_rma mode=uniform expected_us=10 nodes=32 world_size=3264 max_upper_fanout=-1 total_tasks=4530134 elapsed_s=20.0035 throughput_tasks_per_s=226467
exit=0
##### dist=hierarchical_lockfree_rma fanout=0 nodes=32 mode=uniform expected_us=10 duration_s=20 #####
RESULT distributor=hierarchical_lockfree_rma mode=uniform expected_us=10 nodes=32 world_size=3264 max_upper_fanout=0 total_tasks=80480561 elapsed_s=20.0005 throughput_tasks_per_s=4.02393e+06
exit=0
##### dist=hierarchical_lockfree_rma fanout=-1 nodes=32 mode=uniform expected_us=10 duration_s=20 #####
RESULT distributor=hierarchical_lockfree_rma mode=uniform expected_us=10 nodes=32 world_size=3264 max_upper_fanout=-1 total_tasks=80375535 elapsed_s=20.0004 throughput_tasks_per_s=4.01869e+06
exit=0
##### dist=naive fanout=-1 nodes=32 mode=uniform expected_us=100 duration_s=20 #####
RESULT distributor=naive mode=uniform expected_us=100 nodes=32 world_size=3264 max_upper_fanout=-1 total_tasks=10970807 elapsed_s=20.1102 throughput_tasks_per_s=545534
exit=0
##### dist=hierarchical fanout=0 nodes=32 mode=uniform expected_us=100 duration_s=20 #####
RESULT distributor=hierarchical mode=uniform expected_us=100 nodes=32 world_size=3264 max_upper_fanout=0 total_tasks=32621568 elapsed_s=20.2417 throughput_tasks_per_s=1.6116e+06
exit=0
##### dist=hierarchical fanout=-1 nodes=32 mode=uniform expected_us=100 duration_s=20 #####
RESULT distributor=hierarchical mode=uniform expected_us=100 nodes=32 world_size=3264 max_upper_fanout=-1 total_tasks=32740264 elapsed_s=20.2259 throughput_tasks_per_s=1.61873e+06
exit=0
##### dist=lockfree_rma fanout=-1 nodes=32 mode=uniform expected_us=100 duration_s=20 #####
RESULT distributor=lockfree_rma mode=uniform expected_us=100 nodes=32 world_size=3264 max_upper_fanout=-1 total_tasks=4374744 elapsed_s=20.0058 throughput_tasks_per_s=218673
exit=0
##### dist=hierarchical_lockfree_rma fanout=0 nodes=32 mode=uniform expected_us=100 duration_s=20 #####
RESULT distributor=hierarchical_lockfree_rma mode=uniform expected_us=100 nodes=32 world_size=3264 max_upper_fanout=0 total_tasks=84067840 elapsed_s=20.0001 throughput_tasks_per_s=4.20338e+06
exit=0
##### dist=hierarchical_lockfree_rma fanout=-1 nodes=32 mode=uniform expected_us=100 duration_s=20 #####
RESULT distributor=hierarchical_lockfree_rma mode=uniform expected_us=100 nodes=32 world_size=3264 max_upper_fanout=-1 total_tasks=84723271 elapsed_s=20.0007 throughput_tasks_per_s=4.23601e+06
exit=0
##### dist=naive fanout=-1 nodes=32 mode=uniform expected_us=1000 duration_s=20 #####
RESULT distributor=naive mode=uniform expected_us=1000 nodes=32 world_size=3264 max_upper_fanout=-1 total_tasks=7668113 elapsed_s=20.0222 throughput_tasks_per_s=382980
exit=0
##### dist=hierarchical fanout=0 nodes=32 mode=uniform expected_us=1000 duration_s=20 #####
RESULT distributor=hierarchical mode=uniform expected_us=1000 nodes=32 world_size=3264 max_upper_fanout=0 total_tasks=23594032 elapsed_s=20.304 throughput_tasks_per_s=1.16204e+06
exit=0
##### dist=hierarchical fanout=-1 nodes=32 mode=uniform expected_us=1000 duration_s=20 #####
RESULT distributor=hierarchical mode=uniform expected_us=1000 nodes=32 world_size=3264 max_upper_fanout=-1 total_tasks=25782124 elapsed_s=20.1097 throughput_tasks_per_s=1.28207e+06
exit=0
##### dist=lockfree_rma fanout=-1 nodes=32 mode=uniform expected_us=1000 duration_s=20 #####
RESULT distributor=lockfree_rma mode=uniform expected_us=1000 nodes=32 world_size=3264 max_upper_fanout=-1 total_tasks=4267792 elapsed_s=20.0028 throughput_tasks_per_s=213360
exit=0
##### dist=hierarchical_lockfree_rma fanout=0 nodes=32 mode=uniform expected_us=1000 duration_s=20 #####
RESULT distributor=hierarchical_lockfree_rma mode=uniform expected_us=1000 nodes=32 world_size=3264 max_upper_fanout=0 total_tasks=59525038 elapsed_s=20.0014 throughput_tasks_per_s=2.97604e+06
exit=0
##### dist=hierarchical_lockfree_rma fanout=-1 nodes=32 mode=uniform expected_us=1000 duration_s=20 #####
RESULT distributor=hierarchical_lockfree_rma mode=uniform expected_us=1000 nodes=32 world_size=3264 max_upper_fanout=-1 total_tasks=59514435 elapsed_s=20.0014 throughput_tasks_per_s=2.97552e+06
exit=0
##### dist=naive fanout=-1 nodes=32 mode=uniform expected_us=10000 duration_s=20 #####
RESULT distributor=naive mode=uniform expected_us=10000 nodes=32 world_size=3264 max_upper_fanout=-1 total_tasks=5002932 elapsed_s=20.0547 throughput_tasks_per_s=249464
exit=0
##### dist=hierarchical fanout=0 nodes=32 mode=uniform expected_us=10000 duration_s=20 #####
RESULT distributor=hierarchical mode=uniform expected_us=10000 nodes=32 world_size=3264 max_upper_fanout=0 total_tasks=4402346 elapsed_s=20.4405 throughput_tasks_per_s=215374
exit=0
##### dist=hierarchical fanout=-1 nodes=32 mode=uniform expected_us=10000 duration_s=20 #####
RESULT distributor=hierarchical mode=uniform expected_us=10000 nodes=32 world_size=3264 max_upper_fanout=-1 total_tasks=4400804 elapsed_s=20.4449 throughput_tasks_per_s=215252
exit=0
##### dist=lockfree_rma fanout=-1 nodes=32 mode=uniform expected_us=10000 duration_s=20 #####
RESULT distributor=lockfree_rma mode=uniform expected_us=10000 nodes=32 world_size=3264 max_upper_fanout=-1 total_tasks=4140869 elapsed_s=20.0004 throughput_tasks_per_s=207039
exit=0
##### dist=hierarchical_lockfree_rma fanout=0 nodes=32 mode=uniform expected_us=10000 duration_s=20 #####
RESULT distributor=hierarchical_lockfree_rma mode=uniform expected_us=10000 nodes=32 world_size=3264 max_upper_fanout=0 total_tasks=6365602 elapsed_s=20.0004 throughput_tasks_per_s=318274
exit=0
##### dist=hierarchical_lockfree_rma fanout=-1 nodes=32 mode=uniform expected_us=10000 duration_s=20 #####
RESULT distributor=hierarchical_lockfree_rma mode=uniform expected_us=10000 nodes=32 world_size=3264 max_upper_fanout=-1 total_tasks=6364475 elapsed_s=20.0004 throughput_tasks_per_s=318217
exit=0
##### dist=naive fanout=-1 nodes=32 mode=uniform expected_us=100000 duration_s=20 #####
RESULT distributor=naive mode=uniform expected_us=100000 nodes=32 world_size=3264 max_upper_fanout=-1 total_tasks=590461 elapsed_s=20.5787 throughput_tasks_per_s=28692.9
exit=0
##### dist=hierarchical fanout=0 nodes=32 mode=uniform expected_us=100000 duration_s=20 #####
RESULT distributor=hierarchical mode=uniform expected_us=100000 nodes=32 world_size=3264 max_upper_fanout=0 total_tasks=613804 elapsed_s=20.9357 throughput_tasks_per_s=29318.5
exit=0
##### dist=hierarchical fanout=-1 nodes=32 mode=uniform expected_us=100000 duration_s=20 #####
RESULT distributor=hierarchical mode=uniform expected_us=100000 nodes=32 world_size=3264 max_upper_fanout=-1 total_tasks=613600 elapsed_s=21.0446 throughput_tasks_per_s=29157.1
exit=0
##### dist=lockfree_rma fanout=-1 nodes=32 mode=uniform expected_us=100000 duration_s=20 #####
RESULT distributor=lockfree_rma mode=uniform expected_us=100000 nodes=32 world_size=3264 max_upper_fanout=-1 total_tasks=646379 elapsed_s=20.0003 throughput_tasks_per_s=32318.4
exit=0
##### dist=hierarchical_lockfree_rma fanout=0 nodes=32 mode=uniform expected_us=100000 duration_s=20 #####
RESULT distributor=hierarchical_lockfree_rma mode=uniform expected_us=100000 nodes=32 world_size=3264 max_upper_fanout=0 total_tasks=638499 elapsed_s=20.0007 throughput_tasks_per_s=31923.8
exit=0
##### dist=hierarchical_lockfree_rma fanout=-1 nodes=32 mode=uniform expected_us=100000 duration_s=20 #####
RESULT distributor=hierarchical_lockfree_rma mode=uniform expected_us=100000 nodes=32 world_size=3264 max_upper_fanout=-1 total_tasks=639632 elapsed_s=20.0007 throughput_tasks_per_s=31980.5
exit=0
##### dist=naive fanout=-1 nodes=32 mode=uniform expected_us=1000000 duration_s=20 #####
RESULT distributor=naive mode=uniform expected_us=1000000 nodes=32 world_size=3264 max_upper_fanout=-1 total_tasks=78493 elapsed_s=26.0562 throughput_tasks_per_s=3012.45
exit=0
##### dist=hierarchical fanout=0 nodes=32 mode=uniform expected_us=1000000 duration_s=20 #####
RESULT distributor=hierarchical mode=uniform expected_us=1000000 nodes=32 world_size=3264 max_upper_fanout=0 total_tasks=89788 elapsed_s=29.9472 throughput_tasks_per_s=2998.21
exit=0
##### dist=hierarchical fanout=-1 nodes=32 mode=uniform expected_us=1000000 duration_s=20 #####
RESULT distributor=hierarchical mode=uniform expected_us=1000000 nodes=32 world_size=3264 max_upper_fanout=-1 total_tasks=89788 elapsed_s=29.992 throughput_tasks_per_s=2993.73
exit=0
##### dist=lockfree_rma fanout=-1 nodes=32 mode=uniform expected_us=1000000 duration_s=20 #####
x4410c6s1b0n0.hsn.cm.aurora.alcf.anl.gov: rank 2758 died from signal 15
exit=124
##### dist=hierarchical_lockfree_rma fanout=0 nodes=32 mode=uniform expected_us=1000000 duration_s=20 #####
x4612c0s4b0n0.hsn.cm.aurora.alcf.anl.gov: rank 160 died from signal 15
exit=124
##### dist=hierarchical_lockfree_rma fanout=-1 nodes=32 mode=uniform expected_us=1000000 duration_s=20 #####
x4411c0s0b0n0.hsn.cm.aurora.alcf.anl.gov: rank 2865 died from signal 15
exit=124
ALL DONE
