Direct write is requested for job: 8727101.aurora-pbs-0001.hostmgmt.cm.aurora.alcf.anl.gov, but the destination is not usecp-able from x4305c0s1b0n0.hostmgmt2305.cm.aurora.alcf.anl.gov
##### shutdown dist=naive fanout=-1 nodes=1024 rpn=102 #####
RESULT distributor=naive nodes=1024 max_upper_fanout=-1 world_size=104448 workers=104447 time_per_shutdown_us=352722 iterations=17
exit=0
##### shutdown dist=hierarchical fanout=0 nodes=1024 rpn=102 #####
RESULT distributor=hierarchical nodes=1024 max_upper_fanout=0 world_size=104448 workers=104447 time_per_shutdown_us=2752.17 iterations=23
exit=0
##### shutdown dist=hierarchical fanout=-1 nodes=1024 rpn=102 #####
RESULT distributor=hierarchical nodes=1024 max_upper_fanout=-1 world_size=104448 workers=104447 time_per_shutdown_us=89.8562 iterations=60
exit=0
##### shutdown dist=lockfree_rma fanout=-1 nodes=1024 rpn=102 #####
RESULT distributor=lockfree_rma nodes=1024 max_upper_fanout=-1 world_size=104448 workers=104447 time_per_shutdown_us=876979 iterations=11
exit=0
##### shutdown dist=hierarchical_lockfree_rma fanout=0 nodes=1024 rpn=102 #####
RESULT distributor=hierarchical_lockfree_rma nodes=1024 max_upper_fanout=0 world_size=104448 workers=104447 time_per_shutdown_us=23399.2 iterations=40
exit=0
##### shutdown dist=hierarchical_lockfree_rma fanout=-1 nodes=1024 rpn=102 #####
RESULT distributor=hierarchical_lockfree_rma nodes=1024 max_upper_fanout=-1 world_size=104448 workers=104447 time_per_shutdown_us=21663.6 iterations=41
exit=0
ALL DONE
