##### dist=naive fanout=-1 nodes=16 mode=uniform expected_us=10 rpn=7 #####
RESULT distributor=naive mode=uniform expected_us=10 nodes=16 world_size=112 max_upper_fanout=-1 total_tasks=15634414 elapsed_s=20.0006 throughput_tasks_per_s=781698
Abort(0) on node 0 (rank 0 in comm 0): application called MPI_Abort(MPI_COMM_WORLD, 0) - process 0
Rank 0 aborted with code 0: application called MPI_Abort(MPI_COMM_WORLD, 0) - process 0
x4404c4s4b0n0.hsn.cm.aurora.alcf.anl.gov: rank 2 died from signal 15
exit=143
##### dist=hierarchical fanout=0 nodes=16 mode=uniform expected_us=10 rpn=7 #####
RESULT distributor=hierarchical mode=uniform expected_us=10 nodes=16 world_size=112 max_upper_fanout=0 total_tasks=32913210 elapsed_s=20.0003 throughput_tasks_per_s=1.64563e+06
Abort(0) on node 0 (rank 0 in comm 0): application called MPI_Abort(MPI_COMM_WORLD, 0) - process 0
Rank 0 aborted with code 0: application called MPI_Abort(MPI_COMM_WORLD, 0) - process 0
x4404c4s4b0n0.hsn.cm.aurora.alcf.anl.gov: rank 6 died from signal 15
exit=143
##### dist=hierarchical fanout=-1 nodes=16 mode=uniform expected_us=10 rpn=7 #####
RESULT distributor=hierarchical mode=uniform expected_us=10 nodes=16 world_size=112 max_upper_fanout=-1 total_tasks=33139202 elapsed_s=20.0004 throughput_tasks_per_s=1.65693e+06
Abort(0) on node 0 (rank 0 in comm 0): application called MPI_Abort(MPI_COMM_WORLD, 0) - process 0
Rank 0 aborted with code 0: application called MPI_Abort(MPI_COMM_WORLD, 0) - process 0
x4404c4s4b0n0.hsn.cm.aurora.alcf.anl.gov: rank 1 died from signal 15
exit=143
##### dist=lockfree_rma fanout=-1 nodes=16 mode=uniform expected_us=10 rpn=7 #####
RESULT distributor=lockfree_rma mode=uniform expected_us=10 nodes=16 world_size=112 max_upper_fanout=-1 total_tasks=5031112 elapsed_s=20.0002 throughput_tasks_per_s=251553
Abort(0) on node 0 (rank 0 in comm 0): application called MPI_Abort(MPI_COMM_WORLD, 0) - process 0
Rank 0 aborted with code 0: application called MPI_Abort(MPI_COMM_WORLD, 0) - process 0
x4404c4s4b0n0.hsn.cm.aurora.alcf.anl.gov: rank 5 died from signal 15
exit=143
##### dist=hierarchical_lockfree_rma fanout=0 nodes=16 mode=uniform expected_us=10 rpn=7 #####
RESULT distributor=hierarchical_lockfree_rma mode=uniform expected_us=10 nodes=16 world_size=112 max_upper_fanout=0 total_tasks=12977000 elapsed_s=20.0001 throughput_tasks_per_s=648847
Abort(0) on node 0 (rank 0 in comm 0): application called MPI_Abort(MPI_COMM_WORLD, 0) - process 0
Rank 0 aborted with code 0: application called MPI_Abort(MPI_COMM_WORLD, 0) - process 0
x4404c4s4b0n0.hsn.cm.aurora.alcf.anl.gov: rank 4 died from signal 15
exit=143
##### dist=hierarchical_lockfree_rma fanout=-1 nodes=16 mode=uniform expected_us=10 rpn=7 #####
RESULT distributor=hierarchical_lockfree_rma mode=uniform expected_us=10 nodes=16 world_size=112 max_upper_fanout=-1 total_tasks=12961786 elapsed_s=20.0001 throughput_tasks_per_s=648086
Abort(0) on node 0 (rank 0 in comm 0): application called MPI_Abort(MPI_COMM_WORLD, 0) - process 0
Rank 0 aborted with code 0: application called MPI_Abort(MPI_COMM_WORLD, 0) - process 0
x4404c4s4b0n0.hsn.cm.aurora.alcf.anl.gov: rank 5 died from signal 15
exit=143
##### dist=naive fanout=-1 nodes=16 mode=uniform expected_us=100 rpn=7 #####
RESULT distributor=naive mode=uniform expected_us=100 nodes=16 world_size=112 max_upper_fanout=-1 total_tasks=14137368 elapsed_s=20.0007 throughput_tasks_per_s=706844
Abort(0) on node 0 (rank 0 in comm 0): application called MPI_Abort(MPI_COMM_WORLD, 0) - process 0
Rank 0 aborted with code 0: application called MPI_Abort(MPI_COMM_WORLD, 0) - process 0
x4404c4s4b0n0.hsn.cm.aurora.alcf.anl.gov: rank 3 died from signal 15
exit=143
##### dist=hierarchical fanout=0 nodes=16 mode=uniform expected_us=100 rpn=7 #####
RESULT distributor=hierarchical mode=uniform expected_us=100 nodes=16 world_size=112 max_upper_fanout=0 total_tasks=18616848 elapsed_s=20.001 throughput_tasks_per_s=930797
Abort(0) on node 0 (rank 0 in comm 0): application called MPI_Abort(MPI_COMM_WORLD, 0) - process 0
Rank 0 aborted with code 0: application called MPI_Abort(MPI_COMM_WORLD, 0) - process 0
x4404c4s4b0n0.hsn.cm.aurora.alcf.anl.gov: rank 2 died from signal 15
exit=143
##### dist=hierarchical fanout=-1 nodes=16 mode=uniform expected_us=100 rpn=7 #####
RESULT distributor=hierarchical mode=uniform expected_us=100 nodes=16 world_size=112 max_upper_fanout=-1 total_tasks=18620094 elapsed_s=20.0008 throughput_tasks_per_s=930966
Abort(0) on node 0 (rank 0 in comm 0): application called MPI_Abort(MPI_COMM_WORLD, 0) - process 0
Rank 0 aborted with code 0: application called MPI_Abort(MPI_COMM_WORLD, 0) - process 0
x4404c4s4b0n0.hsn.cm.aurora.alcf.anl.gov: rank 4 died from signal 15
exit=143
##### dist=lockfree_rma fanout=-1 nodes=16 mode=uniform expected_us=100 rpn=7 #####
RESULT distributor=lockfree_rma mode=uniform expected_us=100 nodes=16 world_size=112 max_upper_fanout=-1 total_tasks=4601941 elapsed_s=20 throughput_tasks_per_s=230097
Abort(0) on node 0 (rank 0 in comm 0): application called MPI_Abort(MPI_COMM_WORLD, 0) - process 0
Rank 0 aborted with code 0: application called MPI_Abort(MPI_COMM_WORLD, 0) - process 0
x4404c4s4b0n0.hsn.cm.aurora.alcf.anl.gov: rank 5 died from signal 15
exit=143
##### dist=hierarchical_lockfree_rma fanout=0 nodes=16 mode=uniform expected_us=100 rpn=7 #####
RESULT distributor=hierarchical_lockfree_rma mode=uniform expected_us=100 nodes=16 world_size=112 max_upper_fanout=0 total_tasks=12013456 elapsed_s=20.0001 throughput_tasks_per_s=600671
Abort(0) on node 0 (rank 0 in comm 0): application called MPI_Abort(MPI_COMM_WORLD, 0) - process 0
Rank 0 aborted with code 0: application called MPI_Abort(MPI_COMM_WORLD, 0) - process 0
x4404c4s4b0n0.hsn.cm.aurora.alcf.anl.gov: rank 6 died from signal 15
exit=143
##### dist=hierarchical_lockfree_rma fanout=-1 nodes=16 mode=uniform expected_us=100 rpn=7 #####
RESULT distributor=hierarchical_lockfree_rma mode=uniform expected_us=100 nodes=16 world_size=112 max_upper_fanout=-1 total_tasks=12010549 elapsed_s=20.0001 throughput_tasks_per_s=600525
Abort(0) on node 0 (rank 0 in comm 0): application called MPI_Abort(MPI_COMM_WORLD, 0) - process 0
Rank 0 aborted with code 0: application called MPI_Abort(MPI_COMM_WORLD, 0) - process 0
x4404c4s4b0n0.hsn.cm.aurora.alcf.anl.gov: rank 5 died from signal 15
exit=143
##### dist=naive fanout=-1 nodes=16 mode=uniform expected_us=1000 rpn=7 #####
RESULT distributor=naive mode=uniform expected_us=1000 nodes=16 world_size=112 max_upper_fanout=-1 total_tasks=2199125 elapsed_s=20.004 throughput_tasks_per_s=109934
Abort(0) on node 0 (rank 0 in comm 0): application called MPI_Abort(MPI_COMM_WORLD, 0) - process 0
Rank 0 aborted with code 0: application called MPI_Abort(MPI_COMM_WORLD, 0) - process 0
x4404c4s4b0n0.hsn.cm.aurora.alcf.anl.gov: rank 6 died from signal 15
exit=143
##### dist=hierarchical fanout=0 nodes=16 mode=uniform expected_us=1000 rpn=7 #####
RESULT distributor=hierarchical mode=uniform expected_us=1000 nodes=16 world_size=112 max_upper_fanout=0 total_tasks=1896838 elapsed_s=20.0095 throughput_tasks_per_s=94796.9
Abort(0) on node 0 (rank 0 in comm 0): application called MPI_Abort(MPI_COMM_WORLD, 0) - process 0
Rank 0 aborted with code 0: application called MPI_Abort(MPI_COMM_WORLD, 0) - process 0
x4404c4s4b0n0.hsn.cm.aurora.alcf.anl.gov: rank 4 died from signal 15
exit=143
##### dist=hierarchical fanout=-1 nodes=16 mode=uniform expected_us=1000 rpn=7 #####
RESULT distributor=hierarchical mode=uniform expected_us=1000 nodes=16 world_size=112 max_upper_fanout=-1 total_tasks=1895466 elapsed_s=20.0109 throughput_tasks_per_s=94721.7
Abort(0) on node 0 (rank 0 in comm 0): application called MPI_Abort(MPI_COMM_WORLD, 0) - process 0
Rank 0 aborted with code 0: application called MPI_Abort(MPI_COMM_WORLD, 0) - process 0
x4404c4s4b0n0.hsn.cm.aurora.alcf.anl.gov: rank 4 died from signal 15
exit=143
##### dist=lockfree_rma fanout=-1 nodes=16 mode=uniform expected_us=1000 rpn=7 #####
RESULT distributor=lockfree_rma mode=uniform expected_us=1000 nodes=16 world_size=112 max_upper_fanout=-1 total_tasks=1905083 elapsed_s=20.0001 throughput_tasks_per_s=95253.5
Abort(0) on node 0 (rank 0 in comm 0): application called MPI_Abort(MPI_COMM_WORLD, 0) - process 0
Rank 0 aborted with code 0: application called MPI_Abort(MPI_COMM_WORLD, 0) - process 0
x4404c4s4b0n0.hsn.cm.aurora.alcf.anl.gov: rank 5 died from signal 15
exit=143
##### dist=hierarchical_lockfree_rma fanout=0 nodes=16 mode=uniform expected_us=1000 rpn=7 #####
RESULT distributor=hierarchical_lockfree_rma mode=uniform expected_us=1000 nodes=16 world_size=112 max_upper_fanout=0 total_tasks=1803636 elapsed_s=20.0001 throughput_tasks_per_s=90181.2
Abort(0) on node 0 (rank 0 in comm 0): application called MPI_Abort(MPI_COMM_WORLD, 0) - process 0
Rank 0 aborted with code 0: application called MPI_Abort(MPI_COMM_WORLD, 0) - process 0
x4404c4s4b0n0.hsn.cm.aurora.alcf.anl.gov: rank 3 died from signal 15
exit=143
##### dist=hierarchical_lockfree_rma fanout=-1 nodes=16 mode=uniform expected_us=1000 rpn=7 #####
RESULT distributor=hierarchical_lockfree_rma mode=uniform expected_us=1000 nodes=16 world_size=112 max_upper_fanout=-1 total_tasks=1804227 elapsed_s=20.0001 throughput_tasks_per_s=90210.8
Abort(0) on node 0 (rank 0 in comm 0): application called MPI_Abort(MPI_COMM_WORLD, 0) - process 0
Rank 0 aborted with code 0: application called MPI_Abort(MPI_COMM_WORLD, 0) - process 0
x4404c4s4b0n0.hsn.cm.aurora.alcf.anl.gov: rank 2 died from signal 15
exit=143
##### dist=naive fanout=-1 nodes=16 mode=uniform expected_us=10000 rpn=7 #####
RESULT distributor=naive mode=uniform expected_us=10000 nodes=16 world_size=112 max_upper_fanout=-1 total_tasks=222061 elapsed_s=20.0505 throughput_tasks_per_s=11075.1
Abort(0) on node 0 (rank 0 in comm 0): application called MPI_Abort(MPI_COMM_WORLD, 0) - process 0
Rank 0 aborted with code 0: application called MPI_Abort(MPI_COMM_WORLD, 0) - process 0
x4404c4s4b0n0.hsn.cm.aurora.alcf.anl.gov: rank 6 died from signal 15
exit=143
##### dist=hierarchical fanout=0 nodes=16 mode=uniform expected_us=10000 rpn=7 #####
RESULT distributor=hierarchical mode=uniform expected_us=10000 nodes=16 world_size=112 max_upper_fanout=0 total_tasks=190880 elapsed_s=20.0891 throughput_tasks_per_s=9501.68
Abort(0) on node 0 (rank 0 in comm 0): application called MPI_Abort(MPI_COMM_WORLD, 0) - process 0
Rank 0 aborted with code 0: application called MPI_Abort(MPI_COMM_WORLD, 0) - process 0
x4404c4s4b0n0.hsn.cm.aurora.alcf.anl.gov: rank 6 died from signal 15
exit=143
##### dist=hierarchical fanout=-1 nodes=16 mode=uniform expected_us=10000 rpn=7 #####
RESULT distributor=hierarchical mode=uniform expected_us=10000 nodes=16 world_size=112 max_upper_fanout=-1 total_tasks=190662 elapsed_s=20.093 throughput_tasks_per_s=9488.99
Abort(0) on node 0 (rank 0 in comm 0): application called MPI_Abort(MPI_COMM_WORLD, 0) - process 0
Rank 0 aborted with code 0: application called MPI_Abort(MPI_COMM_WORLD, 0) - process 0
x4404c4s4b0n0.hsn.cm.aurora.alcf.anl.gov: rank 4 died from signal 15
exit=143
##### dist=lockfree_rma fanout=-1 nodes=16 mode=uniform expected_us=10000 rpn=7 #####
RESULT distributor=lockfree_rma mode=uniform expected_us=10000 nodes=16 world_size=112 max_upper_fanout=-1 total_tasks=218179 elapsed_s=20.0002 throughput_tasks_per_s=10908.9
Abort(0) on node 0 (rank 0 in comm 0): application called MPI_Abort(MPI_COMM_WORLD, 0) - process 0
Rank 0 aborted with code 0: application called MPI_Abort(MPI_COMM_WORLD, 0) - process 0
x4404c4s4b0n0.hsn.cm.aurora.alcf.anl.gov: rank 2 died from signal 15
exit=143
##### dist=hierarchical_lockfree_rma fanout=0 nodes=16 mode=uniform expected_us=10000 rpn=7 #####
RESULT distributor=hierarchical_lockfree_rma mode=uniform expected_us=10000 nodes=16 world_size=112 max_upper_fanout=0 total_tasks=188323 elapsed_s=20.0001 throughput_tasks_per_s=9416.08
Abort(0) on node 0 (rank 0 in comm 0): application called MPI_Abort(MPI_COMM_WORLD, 0) - process 0
Rank 0 aborted with code 0: application called MPI_Abort(MPI_COMM_WORLD, 0) - process 0
x4404c4s4b0n0.hsn.cm.aurora.alcf.anl.gov: rank 2 died from signal 15
exit=143
##### dist=hierarchical_lockfree_rma fanout=-1 nodes=16 mode=uniform expected_us=10000 rpn=7 #####
RESULT distributor=hierarchical_lockfree_rma mode=uniform expected_us=10000 nodes=16 world_size=112 max_upper_fanout=-1 total_tasks=188724 elapsed_s=20.0001 throughput_tasks_per_s=9436.15
Abort(0) on node 0 (rank 0 in comm 0): application called MPI_Abort(MPI_COMM_WORLD, 0) - process 0
Rank 0 aborted with code 0: application called MPI_Abort(MPI_COMM_WORLD, 0) - process 0
x4404c4s4b0n0.hsn.cm.aurora.alcf.anl.gov: rank 6 died from signal 15
exit=143
##### dist=naive fanout=-1 nodes=16 mode=uniform expected_us=100000 rpn=7 #####
RESULT distributor=naive mode=uniform expected_us=100000 nodes=16 world_size=112 max_upper_fanout=-1 total_tasks=22694 elapsed_s=20.5461 throughput_tasks_per_s=1104.54
Abort(0) on node 0 (rank 0 in comm 0): application called MPI_Abort(MPI_COMM_WORLD, 0) - process 0
Rank 0 aborted with code 0: application called MPI_Abort(MPI_COMM_WORLD, 0) - process 0
x4404c4s4b0n0.hsn.cm.aurora.alcf.anl.gov: rank 6 died from signal 15
exit=143
##### dist=hierarchical fanout=0 nodes=16 mode=uniform expected_us=100000 rpn=7 #####
RESULT distributor=hierarchical mode=uniform expected_us=100000 nodes=16 world_size=112 max_upper_fanout=0 total_tasks=19848 elapsed_s=21.0772 throughput_tasks_per_s=941.679
Abort(0) on node 0 (rank 0 in comm 0): application called MPI_Abort(MPI_COMM_WORLD, 0) - process 0
Rank 0 aborted with code 0: application called MPI_Abort(MPI_COMM_WORLD, 0) - process 0
x4404c4s4b0n0.hsn.cm.aurora.alcf.anl.gov: rank 2 died from signal 15
exit=143
##### dist=hierarchical fanout=-1 nodes=16 mode=uniform expected_us=100000 rpn=7 #####
RESULT distributor=hierarchical mode=uniform expected_us=100000 nodes=16 world_size=112 max_upper_fanout=-1 total_tasks=19770 elapsed_s=20.9241 throughput_tasks_per_s=944.842
Abort(0) on node 0 (rank 0 in comm 0): application called MPI_Abort(MPI_COMM_WORLD, 0) - process 0
Rank 0 aborted with code 0: application called MPI_Abort(MPI_COMM_WORLD, 0) - process 0
x4404c4s4b0n0.hsn.cm.aurora.alcf.anl.gov: rank 0 died from signal 15
exit=143
##### dist=lockfree_rma fanout=-1 nodes=16 mode=uniform expected_us=100000 rpn=7 #####
RESULT distributor=lockfree_rma mode=uniform expected_us=100000 nodes=16 world_size=112 max_upper_fanout=-1 total_tasks=22038 elapsed_s=20 throughput_tasks_per_s=1101.9
Abort(0) on node 0 (rank 0 in comm 0): application called MPI_Abort(MPI_COMM_WORLD, 0) - process 0
Rank 0 aborted with code 0: application called MPI_Abort(MPI_COMM_WORLD, 0) - process 0
Abort(15) on node 72: Fatal error in internal_Win_flush: Other MPI error
Abort(15) on node 21: Fatal error in internal_Win_flush: Other MPI error
x4404c4s4b0n0.hsn.cm.aurora.alcf.anl.gov: rank 2 died from signal 15
Abort(15) on node 13: Fatal error in internal_Win_flush: Other MPI error
Abort(15) on node 51: Fatal error in internal_Win_flush: Other MPI error
Abort(15) on node 36: Fatal error in internal_Win_flush: Other MPI error
Abort(15) on node 63: Fatal error in internal_Win_flush: Other MPI error
exit=143
##### dist=hierarchical_lockfree_rma fanout=0 nodes=16 mode=uniform expected_us=100000 rpn=7 #####
RESULT distributor=hierarchical_lockfree_rma mode=uniform expected_us=100000 nodes=16 world_size=112 max_upper_fanout=0 total_tasks=18524 elapsed_s=20.0001 throughput_tasks_per_s=926.194
Abort(0) on node 0 (rank 0 in comm 0): application called MPI_Abort(MPI_COMM_WORLD, 0) - process 0
Rank 0 aborted with code 0: application called MPI_Abort(MPI_COMM_WORLD, 0) - process 0
x4404c4s4b0n0.hsn.cm.aurora.alcf.anl.gov: rank 2 died from signal 15
exit=143
##### dist=hierarchical_lockfree_rma fanout=-1 nodes=16 mode=uniform expected_us=100000 rpn=7 #####
RESULT distributor=hierarchical_lockfree_rma mode=uniform expected_us=100000 nodes=16 world_size=112 max_upper_fanout=-1 total_tasks=18879 elapsed_s=20 throughput_tasks_per_s=943.949
Abort(0) on node 0 (rank 0 in comm 0): application called MPI_Abort(MPI_COMM_WORLD, 0) - process 0
Rank 0 aborted with code 0: application called MPI_Abort(MPI_COMM_WORLD, 0) - process 0
x4404c4s4b0n0.hsn.cm.aurora.alcf.anl.gov: rank 6 died from signal 15
exit=143
##### dist=naive fanout=-1 nodes=16 mode=uniform expected_us=1000000 rpn=7 #####
RESULT distributor=naive mode=uniform expected_us=1000000 nodes=16 world_size=112 max_upper_fanout=-1 total_tasks=2764 elapsed_s=25.7264 throughput_tasks_per_s=107.438
Abort(0) on node 0 (rank 0 in comm 0): application called MPI_Abort(MPI_COMM_WORLD, 0) - process 0
Rank 0 aborted with code 0: application called MPI_Abort(MPI_COMM_WORLD, 0) - process 0
x4404c4s4b0n0.hsn.cm.aurora.alcf.anl.gov: rank 4 died from signal 15
exit=143
##### dist=hierarchical fanout=0 nodes=16 mode=uniform expected_us=1000000 rpn=7 #####
RESULT distributor=hierarchical mode=uniform expected_us=1000000 nodes=16 world_size=112 max_upper_fanout=0 total_tasks=2666 elapsed_s=30.1456 throughput_tasks_per_s=88.4375
Abort(0) on node 0 (rank 0 in comm 0): application called MPI_Abort(MPI_COMM_WORLD, 0) - process 0
Rank 0 aborted with code 0: application called MPI_Abort(MPI_COMM_WORLD, 0) - process 0
x4404c4s4b0n0.hsn.cm.aurora.alcf.anl.gov: rank 6 died from signal 15
exit=143
##### dist=hierarchical fanout=-1 nodes=16 mode=uniform expected_us=1000000 rpn=7 #####
RESULT distributor=hierarchical mode=uniform expected_us=1000000 nodes=16 world_size=112 max_upper_fanout=-1 total_tasks=2690 elapsed_s=29.9351 throughput_tasks_per_s=89.8609
Abort(0) on node 0 (rank 0 in comm 0): application called MPI_Abort(MPI_COMM_WORLD, 0) - process 0
Rank 0 aborted with code 0: application called MPI_Abort(MPI_COMM_WORLD, 0) - process 0
x4404c4s4b0n0.hsn.cm.aurora.alcf.anl.gov: rank 6 died from signal 15
exit=143
##### dist=lockfree_rma fanout=-1 nodes=16 mode=uniform expected_us=1000000 rpn=7 #####
RESULT distributor=lockfree_rma mode=uniform expected_us=1000000 nodes=16 world_size=112 max_upper_fanout=-1 total_tasks=2106 elapsed_s=20.0001 throughput_tasks_per_s=105.299
Abort(0) on node 0 (rank 0 in comm 0): application called MPI_Abort(MPI_COMM_WORLD, 0) - process 0
Rank 0 aborted with code 0: application called MPI_Abort(MPI_COMM_WORLD, 0) - process 0
x4404c4s4b0n0.hsn.cm.aurora.alcf.anl.gov: rank 4 died from signal 15
exit=143
##### dist=hierarchical_lockfree_rma fanout=0 nodes=16 mode=uniform expected_us=1000000 rpn=7 #####
RESULT distributor=hierarchical_lockfree_rma mode=uniform expected_us=1000000 nodes=16 world_size=112 max_upper_fanout=0 total_tasks=1805 elapsed_s=20.0001 throughput_tasks_per_s=90.2496
Abort(0) on node 0 (rank 0 in comm 0): application called MPI_Abort(MPI_COMM_WORLD, 0) - process 0
Rank 0 aborted with code 0: application called MPI_Abort(MPI_COMM_WORLD, 0) - process 0
x4404c4s4b0n0.hsn.cm.aurora.alcf.anl.gov: rank 6 died from signal 15
exit=143
##### dist=hierarchical_lockfree_rma fanout=-1 nodes=16 mode=uniform expected_us=1000000 rpn=7 #####
RESULT distributor=hierarchical_lockfree_rma mode=uniform expected_us=1000000 nodes=16 world_size=112 max_upper_fanout=-1 total_tasks=1745 elapsed_s=20.0001 throughput_tasks_per_s=87.2498
Abort(0) on node 0 (rank 0 in comm 0): application called MPI_Abort(MPI_COMM_WORLD, 0) - process 0
Rank 0 aborted with code 0: application called MPI_Abort(MPI_COMM_WORLD, 0) - process 0
x4404c4s4b0n0.hsn.cm.aurora.alcf.anl.gov: rank 6 died from signal 15
exit=143
##### dist=naive fanout=-1 nodes=32 mode=uniform expected_us=10 rpn=7 #####
RESULT distributor=naive mode=uniform expected_us=10 nodes=32 world_size=224 max_upper_fanout=-1 total_tasks=15560546 elapsed_s=20.0013 throughput_tasks_per_s=777978
Abort(0) on node 0 (rank 0 in comm 0): application called MPI_Abort(MPI_COMM_WORLD, 0) - process 0
Rank 0 aborted with code 0: application called MPI_Abort(MPI_COMM_WORLD, 0) - process 0
x4404c4s4b0n0.hsn.cm.aurora.alcf.anl.gov: rank 5 died from signal 15
exit=143
##### dist=hierarchical fanout=0 nodes=32 mode=uniform expected_us=10 rpn=7 #####
RESULT distributor=hierarchical mode=uniform expected_us=10 nodes=32 world_size=224 max_upper_fanout=0 total_tasks=32784070 elapsed_s=20.0006 throughput_tasks_per_s=1.63915e+06
Abort(0) on node 0 (rank 0 in comm 0): application called MPI_Abort(MPI_COMM_WORLD, 0) - process 0
Rank 0 aborted with code 0: application called MPI_Abort(MPI_COMM_WORLD, 0) - process 0
x4404c4s4b0n0.hsn.cm.aurora.alcf.anl.gov: rank 4 died from signal 15
exit=143
##### dist=hierarchical fanout=-1 nodes=32 mode=uniform expected_us=10 rpn=7 #####
RESULT distributor=hierarchical mode=uniform expected_us=10 nodes=32 world_size=224 max_upper_fanout=-1 total_tasks=32677778 elapsed_s=20.0008 throughput_tasks_per_s=1.63383e+06
Abort(0) on node 0 (rank 0 in comm 0): application called MPI_Abort(MPI_COMM_WORLD, 0) - process 0
Rank 0 aborted with code 0: application called MPI_Abort(MPI_COMM_WORLD, 0) - process 0
x4404c4s4b0n0.hsn.cm.aurora.alcf.anl.gov: rank 1 died from signal 15
exit=143
##### dist=lockfree_rma fanout=-1 nodes=32 mode=uniform expected_us=10 rpn=7 #####
RESULT distributor=lockfree_rma mode=uniform expected_us=10 nodes=32 world_size=224 max_upper_fanout=-1 total_tasks=6456781 elapsed_s=20.0004 throughput_tasks_per_s=322833
Abort(0) on node 0 (rank 0 in comm 0): application called MPI_Abort(MPI_COMM_WORLD, 0) - process 0
Rank 0 aborted with code 0: application called MPI_Abort(MPI_COMM_WORLD, 0) - process 0
x4404c4s4b0n0.hsn.cm.aurora.alcf.anl.gov: rank 1 died from signal 15
exit=143
##### dist=hierarchical_lockfree_rma fanout=0 nodes=32 mode=uniform expected_us=10 rpn=7 #####
RESULT distributor=hierarchical_lockfree_rma mode=uniform expected_us=10 nodes=32 world_size=224 max_upper_fanout=0 total_tasks=14127665 elapsed_s=20.0001 throughput_tasks_per_s=706381
Abort(0) on node 0 (rank 0 in comm 0): application called MPI_Abort(MPI_COMM_WORLD, 0) - process 0
Rank 0 aborted with code 0: application called MPI_Abort(MPI_COMM_WORLD, 0) - process 0
x4404c4s4b0n0.hsn.cm.aurora.alcf.anl.gov: rank 6 died from signal 15
exit=143
##### dist=hierarchical_lockfree_rma fanout=-1 nodes=32 mode=uniform expected_us=10 rpn=7 #####
RESULT distributor=hierarchical_lockfree_rma mode=uniform expected_us=10 nodes=32 world_size=224 max_upper_fanout=-1 total_tasks=14058941 elapsed_s=20 throughput_tasks_per_s=702946
Abort(0) on node 0 (rank 0 in comm 0): application called MPI_Abort(MPI_COMM_WORLD, 0) - process 0
Rank 0 aborted with code 0: application called MPI_Abort(MPI_COMM_WORLD, 0) - process 0
x4404c4s4b0n0.hsn.cm.aurora.alcf.anl.gov: rank 3 died from signal 15
exit=143
##### dist=naive fanout=-1 nodes=32 mode=uniform expected_us=100 rpn=7 #####
RESULT distributor=naive mode=uniform expected_us=100 nodes=32 world_size=224 max_upper_fanout=-1 total_tasks=14015445 elapsed_s=20.0011 throughput_tasks_per_s=700733
Abort(0) on node 0 (rank 0 in comm 0): application called MPI_Abort(MPI_COMM_WORLD, 0) - process 0
Rank 0 aborted with code 0: application called MPI_Abort(MPI_COMM_WORLD, 0) - process 0
x4404c4s4b0n0.hsn.cm.aurora.alcf.anl.gov: rank 3 died from signal 15
exit=143
##### dist=hierarchical fanout=0 nodes=32 mode=uniform expected_us=100 rpn=7 #####
RESULT distributor=hierarchical mode=uniform expected_us=100 nodes=32 world_size=224 max_upper_fanout=0 total_tasks=37419550 elapsed_s=20.0009 throughput_tasks_per_s=1.87089e+06
Abort(0) on node 0 (rank 0 in comm 0): application called MPI_Abort(MPI_COMM_WORLD, 0) - process 0
Rank 0 aborted with code 0: application called MPI_Abort(MPI_COMM_WORLD, 0) - process 0
x4404c4s4b0n0.hsn.cm.aurora.alcf.anl.gov: rank 1 died from signal 15
exit=143
##### dist=hierarchical fanout=-1 nodes=32 mode=uniform expected_us=100 rpn=7 #####
RESULT distributor=hierarchical mode=uniform expected_us=100 nodes=32 world_size=224 max_upper_fanout=-1 total_tasks=37419464 elapsed_s=20.001 throughput_tasks_per_s=1.87088e+06
Abort(0) on node 0 (rank 0 in comm 0): application called MPI_Abort(MPI_COMM_WORLD, 0) - process 0
Rank 0 aborted with code 0: application called MPI_Abort(MPI_COMM_WORLD, 0) - process 0
x4404c4s4b0n0.hsn.cm.aurora.alcf.anl.gov: rank 0 died from signal 15
exit=143
##### dist=lockfree_rma fanout=-1 nodes=32 mode=uniform expected_us=100 rpn=7 #####
RESULT distributor=lockfree_rma mode=uniform expected_us=100 nodes=32 world_size=224 max_upper_fanout=-1 total_tasks=6358033 elapsed_s=20.0003 throughput_tasks_per_s=317897
Abort(0) on node 0 (rank 0 in comm 0): application called MPI_Abort(MPI_COMM_WORLD, 0) - process 0
Rank 0 aborted with code 0: application called MPI_Abort(MPI_COMM_WORLD, 0) - process 0
x4404c4s4b0n0.hsn.cm.aurora.alcf.anl.gov: rank 2 died from signal 15
exit=143
##### dist=hierarchical_lockfree_rma fanout=0 nodes=32 mode=uniform expected_us=100 rpn=7 #####
RESULT distributor=hierarchical_lockfree_rma mode=uniform expected_us=100 nodes=32 world_size=224 max_upper_fanout=0 total_tasks=14455565 elapsed_s=20.0001 throughput_tasks_per_s=722773
Abort(0) on node 0 (rank 0 in comm 0): application called MPI_Abort(MPI_COMM_WORLD, 0) - process 0
Rank 0 aborted with code 0: application called MPI_Abort(MPI_COMM_WORLD, 0) - process 0
x4404c4s4b0n0.hsn.cm.aurora.alcf.anl.gov: rank 2 died from signal 15
exit=143
##### dist=hierarchical_lockfree_rma fanout=-1 nodes=32 mode=uniform expected_us=100 rpn=7 #####
RESULT distributor=hierarchical_lockfree_rma mode=uniform expected_us=100 nodes=32 world_size=224 max_upper_fanout=-1 total_tasks=14477013 elapsed_s=20.0001 throughput_tasks_per_s=723846
Abort(0) on node 0 (rank 0 in comm 0): application called MPI_Abort(MPI_COMM_WORLD, 0) - process 0
Rank 0 aborted with code 0: application called MPI_Abort(MPI_COMM_WORLD, 0) - process 0
x4404c4s4b0n0.hsn.cm.aurora.alcf.anl.gov: rank 2 died from signal 15
exit=143
##### dist=naive fanout=-1 nodes=32 mode=uniform expected_us=1000 rpn=7 #####
RESULT distributor=naive mode=uniform expected_us=1000 nodes=32 world_size=224 max_upper_fanout=-1 total_tasks=4416741 elapsed_s=20.0058 throughput_tasks_per_s=220773
Abort(0) on node 0 (rank 0 in comm 0): application called MPI_Abort(MPI_COMM_WORLD, 0) - process 0
Rank 0 aborted with code 0: application called MPI_Abort(MPI_COMM_WORLD, 0) - process 0
x4404c4s4b0n0.hsn.cm.aurora.alcf.anl.gov: rank 6 died from signal 15
exit=143
##### dist=hierarchical fanout=0 nodes=32 mode=uniform expected_us=1000 rpn=7 #####
RESULT distributor=hierarchical mode=uniform expected_us=1000 nodes=32 world_size=224 max_upper_fanout=0 total_tasks=3813562 elapsed_s=20.0107 throughput_tasks_per_s=190576
Abort(0) on node 0 (rank 0 in comm 0): application called MPI_Abort(MPI_COMM_WORLD, 0) - process 0
Rank 0 aborted with code 0: application called MPI_Abort(MPI_COMM_WORLD, 0) - process 0
x4404c4s4b0n0.hsn.cm.aurora.alcf.anl.gov: rank 3 died from signal 15
exit=143
##### dist=hierarchical fanout=-1 nodes=32 mode=uniform expected_us=1000 rpn=7 #####
RESULT distributor=hierarchical mode=uniform expected_us=1000 nodes=32 world_size=224 max_upper_fanout=-1 total_tasks=3812326 elapsed_s=20.0087 throughput_tasks_per_s=190534
Abort(0) on node 0 (rank 0 in comm 0): application called MPI_Abort(MPI_COMM_WORLD, 0) - process 0
Rank 0 aborted with code 0: application called MPI_Abort(MPI_COMM_WORLD, 0) - process 0
x4404c4s4b0n0.hsn.cm.aurora.alcf.anl.gov: rank 3 died from signal 15
exit=143
##### dist=lockfree_rma fanout=-1 nodes=32 mode=uniform expected_us=1000 rpn=7 #####
RESULT distributor=lockfree_rma mode=uniform expected_us=1000 nodes=32 world_size=224 max_upper_fanout=-1 total_tasks=3433069 elapsed_s=20.0001 throughput_tasks_per_s=171653
Abort(0) on node 0 (rank 0 in comm 0): application called MPI_Abort(MPI_COMM_WORLD, 0) - process 0
Rank 0 aborted with code 0: application called MPI_Abort(MPI_COMM_WORLD, 0) - process 0
x4404c4s4b0n0.hsn.cm.aurora.alcf.anl.gov: rank 3 died from signal 15
exit=143
##### dist=hierarchical_lockfree_rma fanout=0 nodes=32 mode=uniform expected_us=1000 rpn=7 #####
RESULT distributor=hierarchical_lockfree_rma mode=uniform expected_us=1000 nodes=32 world_size=224 max_upper_fanout=0 total_tasks=3648763 elapsed_s=20.0002 throughput_tasks_per_s=182436
Abort(0) on node 0 (rank 0 in comm 0): application called MPI_Abort(MPI_COMM_WORLD, 0) - process 0
Rank 0 aborted with code 0: application called MPI_Abort(MPI_COMM_WORLD, 0) - process 0
x4404c4s4b0n0.hsn.cm.aurora.alcf.anl.gov: rank 3 died from signal 15
exit=143
##### dist=hierarchical_lockfree_rma fanout=-1 nodes=32 mode=uniform expected_us=1000 rpn=7 #####
RESULT distributor=hierarchical_lockfree_rma mode=uniform expected_us=1000 nodes=32 world_size=224 max_upper_fanout=-1 total_tasks=3648458 elapsed_s=20.0002 throughput_tasks_per_s=182421
Abort(0) on node 0 (rank 0 in comm 0): application called MPI_Abort(MPI_COMM_WORLD, 0) - process 0
Rank 0 aborted with code 0: application called MPI_Abort(MPI_COMM_WORLD, 0) - process 0
x4404c4s4b0n0.hsn.cm.aurora.alcf.anl.gov: rank 2 died from signal 15
exit=143
##### dist=naive fanout=-1 nodes=32 mode=uniform expected_us=10000 rpn=7 #####
RESULT distributor=naive mode=uniform expected_us=10000 nodes=32 world_size=224 max_upper_fanout=-1 total_tasks=446573 elapsed_s=20.0518 throughput_tasks_per_s=22271
Abort(0) on node 0 (rank 0 in comm 0): application called MPI_Abort(MPI_COMM_WORLD, 0) - process 0
Rank 0 aborted with code 0: application called MPI_Abort(MPI_COMM_WORLD, 0) - process 0
x4404c4s4b0n0.hsn.cm.aurora.alcf.anl.gov: rank 3 died from signal 15
exit=143
##### dist=hierarchical fanout=0 nodes=32 mode=uniform expected_us=10000 rpn=7 #####
RESULT distributor=hierarchical mode=uniform expected_us=10000 nodes=32 world_size=224 max_upper_fanout=0 total_tasks=383292 elapsed_s=20.097 throughput_tasks_per_s=19072.1
Abort(0) on node 0 (rank 0 in comm 0): application called MPI_Abort(MPI_COMM_WORLD, 0) - process 0
Rank 0 aborted with code 0: application called MPI_Abort(MPI_COMM_WORLD, 0) - process 0
x4404c4s4b0n0.hsn.cm.aurora.alcf.anl.gov: rank 2 died from signal 15
exit=143
##### dist=hierarchical fanout=-1 nodes=32 mode=uniform expected_us=10000 rpn=7 #####
RESULT distributor=hierarchical mode=uniform expected_us=10000 nodes=32 world_size=224 max_upper_fanout=-1 total_tasks=382880 elapsed_s=20.0917 throughput_tasks_per_s=19056.6
Abort(0) on node 0 (rank 0 in comm 0): application called MPI_Abort(MPI_COMM_WORLD, 0) - process 0
Rank 0 aborted with code 0: application called MPI_Abort(MPI_COMM_WORLD, 0) - process 0
x4404c4s4b0n0.hsn.cm.aurora.alcf.anl.gov: rank 4 died from signal 15
exit=143
##### dist=lockfree_rma fanout=-1 nodes=32 mode=uniform expected_us=10000 rpn=7 #####
RESULT distributor=lockfree_rma mode=uniform expected_us=10000 nodes=32 world_size=224 max_upper_fanout=-1 total_tasks=436643 elapsed_s=20.0002 throughput_tasks_per_s=21831.9
Abort(0) on node 0 (rank 0 in comm 0): application called MPI_Abort(MPI_COMM_WORLD, 0) - process 0
Rank 0 aborted with code 0: application called MPI_Abort(MPI_COMM_WORLD, 0) - process 0
x4404c4s4b0n0.hsn.cm.aurora.alcf.anl.gov: rank 6 died from signal 15
exit=143
##### dist=hierarchical_lockfree_rma fanout=0 nodes=32 mode=uniform expected_us=10000 rpn=7 #####
RESULT distributor=hierarchical_lockfree_rma mode=uniform expected_us=10000 nodes=32 world_size=224 max_upper_fanout=0 total_tasks=378187 elapsed_s=20.0002 throughput_tasks_per_s=18909.1
Abort(0) on node 0 (rank 0 in comm 0): application called MPI_Abort(MPI_COMM_WORLD, 0) - process 0
Rank 0 aborted with code 0: application called MPI_Abort(MPI_COMM_WORLD, 0) - process 0
x4404c4s4b0n0.hsn.cm.aurora.alcf.anl.gov: rank 5 died from signal 15
exit=143
##### dist=hierarchical_lockfree_rma fanout=-1 nodes=32 mode=uniform expected_us=10000 rpn=7 #####
RESULT distributor=hierarchical_lockfree_rma mode=uniform expected_us=10000 nodes=32 world_size=224 max_upper_fanout=-1 total_tasks=378441 elapsed_s=20.0002 throughput_tasks_per_s=18921.9
Abort(0) on node 0 (rank 0 in comm 0): application called MPI_Abort(MPI_COMM_WORLD, 0) - process 0
Rank 0 aborted with code 0: application called MPI_Abort(MPI_COMM_WORLD, 0) - process 0
x4404c4s4b0n0.hsn.cm.aurora.alcf.anl.gov: rank 6 died from signal 15
exit=143
##### dist=naive fanout=-1 nodes=32 mode=uniform expected_us=100000 rpn=7 #####
RESULT distributor=naive mode=uniform expected_us=100000 nodes=32 world_size=224 max_upper_fanout=-1 total_tasks=45787 elapsed_s=20.5665 throughput_tasks_per_s=2226.29
Abort(0) on node 0 (rank 0 in comm 0): application called MPI_Abort(MPI_COMM_WORLD, 0) - process 0
Rank 0 aborted with code 0: application called MPI_Abort(MPI_COMM_WORLD, 0) - process 0
x4404c4s4b0n0.hsn.cm.aurora.alcf.anl.gov: rank 6 died from signal 15
exit=143
##### dist=hierarchical fanout=0 nodes=32 mode=uniform expected_us=100000 rpn=7 #####
RESULT distributor=hierarchical mode=uniform expected_us=100000 nodes=32 world_size=224 max_upper_fanout=0 total_tasks=39636 elapsed_s=20.9535 throughput_tasks_per_s=1891.61
Abort(0) on node 0 (rank 0 in comm 0): application called MPI_Abort(MPI_COMM_WORLD, 0) - process 0
Rank 0 aborted with code 0: application called MPI_Abort(MPI_COMM_WORLD, 0) - process 0
x4404c4s4b0n0.hsn.cm.aurora.alcf.anl.gov: rank 2 died from signal 15
exit=143
##### dist=hierarchical fanout=-1 nodes=32 mode=uniform expected_us=100000 rpn=7 #####
RESULT distributor=hierarchical mode=uniform expected_us=100000 nodes=32 world_size=224 max_upper_fanout=-1 total_tasks=39370 elapsed_s=20.9668 throughput_tasks_per_s=1877.73
Abort(0) on node 0 (rank 0 in comm 0): application called MPI_Abort(MPI_COMM_WORLD, 0) - process 0
Rank 0 aborted with code 0: application called MPI_Abort(MPI_COMM_WORLD, 0) - process 0
x4404c4s4b0n0.hsn.cm.aurora.alcf.anl.gov: rank 3 died from signal 15
exit=143
##### dist=lockfree_rma fanout=-1 nodes=32 mode=uniform expected_us=100000 rpn=7 #####
RESULT distributor=lockfree_rma mode=uniform expected_us=100000 nodes=32 world_size=224 max_upper_fanout=-1 total_tasks=44260 elapsed_s=20 throughput_tasks_per_s=2213
Abort(0) on node 0 (rank 0 in comm 0): application called MPI_Abort(MPI_COMM_WORLD, 0) - process 0
Rank 0 aborted with code 0: application called MPI_Abort(MPI_COMM_WORLD, 0) - process 0
x4404c4s4b0n0.hsn.cm.aurora.alcf.anl.gov: rank 1 died from signal 15
exit=143
##### dist=hierarchical_lockfree_rma fanout=0 nodes=32 mode=uniform expected_us=100000 rpn=7 #####
RESULT distributor=hierarchical_lockfree_rma mode=uniform expected_us=100000 nodes=32 world_size=224 max_upper_fanout=0 total_tasks=37861 elapsed_s=20.0002 throughput_tasks_per_s=1893.03
Abort(0) on node 0 (rank 0 in comm 0): application called MPI_Abort(MPI_COMM_WORLD, 0) - process 0
Rank 0 aborted with code 0: application called MPI_Abort(MPI_COMM_WORLD, 0) - process 0
x4404c4s4b0n0.hsn.cm.aurora.alcf.anl.gov: rank 4 died from signal 15
exit=143
##### dist=hierarchical_lockfree_rma fanout=-1 nodes=32 mode=uniform expected_us=100000 rpn=7 #####
RESULT distributor=hierarchical_lockfree_rma mode=uniform expected_us=100000 nodes=32 world_size=224 max_upper_fanout=-1 total_tasks=37543 elapsed_s=20.0001 throughput_tasks_per_s=1877.14
Abort(0) on node 0 (rank 0 in comm 0): application called MPI_Abort(MPI_COMM_WORLD, 0) - process 0
Rank 0 aborted with code 0: application called MPI_Abort(MPI_COMM_WORLD, 0) - process 0
x4404c4s4b0n0.hsn.cm.aurora.alcf.anl.gov: rank 2 died from signal 15
exit=143
##### dist=naive fanout=-1 nodes=32 mode=uniform expected_us=1000000 rpn=7 #####
RESULT distributor=naive mode=uniform expected_us=1000000 nodes=32 world_size=224 max_upper_fanout=-1 total_tasks=5484 elapsed_s=25.9189 throughput_tasks_per_s=211.583
Abort(0) on node 0 (rank 0 in comm 0): application called MPI_Abort(MPI_COMM_WORLD, 0) - process 0
Rank 0 aborted with code 0: application called MPI_Abort(MPI_COMM_WORLD, 0) - process 0
x4404c4s4b0n0.hsn.cm.aurora.alcf.anl.gov: rank 6 died from signal 15
exit=143
##### dist=hierarchical fanout=0 nodes=32 mode=uniform expected_us=1000000 rpn=7 #####
RESULT distributor=hierarchical mode=uniform expected_us=1000000 nodes=32 world_size=224 max_upper_fanout=0 total_tasks=5308 elapsed_s=30.0137 throughput_tasks_per_s=176.853
Abort(0) on node 0 (rank 0 in comm 0): application called MPI_Abort(MPI_COMM_WORLD, 0) - process 0
Rank 0 aborted with code 0: application called MPI_Abort(MPI_COMM_WORLD, 0) - process 0
x4404c4s4b0n0.hsn.cm.aurora.alcf.anl.gov: rank 5 died from signal 15
exit=143
##### dist=hierarchical fanout=-1 nodes=32 mode=uniform expected_us=1000000 rpn=7 #####
RESULT distributor=hierarchical mode=uniform expected_us=1000000 nodes=32 world_size=224 max_upper_fanout=-1 total_tasks=5344 elapsed_s=30.3125 throughput_tasks_per_s=176.297
Abort(0) on node 0 (rank 0 in comm 0): application called MPI_Abort(MPI_COMM_WORLD, 0) - process 0
Rank 0 aborted with code 0: application called MPI_Abort(MPI_COMM_WORLD, 0) - process 0
x4404c4s4b0n0.hsn.cm.aurora.alcf.anl.gov: rank 5 died from signal 15
exit=143
##### dist=lockfree_rma fanout=-1 nodes=32 mode=uniform expected_us=1000000 rpn=7 #####
RESULT distributor=lockfree_rma mode=uniform expected_us=1000000 nodes=32 world_size=224 max_upper_fanout=-1 total_tasks=4202 elapsed_s=20 throughput_tasks_per_s=210.1
Abort(0) on node 0 (rank 0 in comm 0): application called MPI_Abort(MPI_COMM_WORLD, 0) - process 0
Rank 0 aborted with code 0: application called MPI_Abort(MPI_COMM_WORLD, 0) - process 0
x4404c4s4b0n0.hsn.cm.aurora.alcf.anl.gov: rank 6 died from signal 15
exit=143
##### dist=hierarchical_lockfree_rma fanout=0 nodes=32 mode=uniform expected_us=1000000 rpn=7 #####
RESULT distributor=hierarchical_lockfree_rma mode=uniform expected_us=1000000 nodes=32 world_size=224 max_upper_fanout=0 total_tasks=3335 elapsed_s=20.0001 throughput_tasks_per_s=166.749
Abort(0) on node 0 (rank 0 in comm 0): application called MPI_Abort(MPI_COMM_WORLD, 0) - process 0
Rank 0 aborted with code 0: application called MPI_Abort(MPI_COMM_WORLD, 0) - process 0
x4404c4s4b0n0.hsn.cm.aurora.alcf.anl.gov: rank 4 died from signal 15
exit=143
##### dist=hierarchical_lockfree_rma fanout=-1 nodes=32 mode=uniform expected_us=1000000 rpn=7 #####
RESULT distributor=hierarchical_lockfree_rma mode=uniform expected_us=1000000 nodes=32 world_size=224 max_upper_fanout=-1 total_tasks=3421 elapsed_s=20 throughput_tasks_per_s=171.05
Abort(0) on node 0 (rank 0 in comm 0): application called MPI_Abort(MPI_COMM_WORLD, 0) - process 0
Rank 0 aborted with code 0: application called MPI_Abort(MPI_COMM_WORLD, 0) - process 0
x4404c4s4b0n0.hsn.cm.aurora.alcf.anl.gov: rank 5 died from signal 15
exit=143
ALL DONE
