##### dist=hierarchical fanout=-1 nodes=256 mode=uniform expected_us=10 #####
RESULT distributor=hierarchical mode=uniform expected_us=10 nodes=256 world_size=26112 max_upper_fanout=-1 total_tasks=23489020 elapsed_s=20.2708 throughput_tasks_per_s=1.15876e+06
Abort(0) on node 0 (rank 0 in comm 0): application called MPI_Abort(MPI_COMM_WORLD, 0) - process 0
Rank 0 aborted with code 0: application called MPI_Abort(MPI_COMM_WORLD, 0) - process 0
x4305c0s1b0n0.hsn.cm.aurora.alcf.anl.gov: rank 22 died from signal 15
exit=143
##### dist=lockfree_rma fanout=-1 nodes=256 mode=uniform expected_us=10 #####
RESULT distributor=lockfree_rma mode=uniform expected_us=10 nodes=256 world_size=26112 max_upper_fanout=-1 total_tasks=2026238 elapsed_s=20.041 throughput_tasks_per_s=101105
Abort(0) on node 0 (rank 0 in comm 0): application called MPI_Abort(MPI_COMM_WORLD, 0) - process 0
Rank 0 aborted with code 0: application called MPI_Abort(MPI_COMM_WORLD, 0) - process 0
x4305c0s1b0n0.hsn.cm.aurora.alcf.anl.gov: rank 4 died from signal 15
exit=143
##### dist=hierarchical_lockfree_rma fanout=0 nodes=256 mode=uniform expected_us=10 #####
RESULT distributor=hierarchical_lockfree_rma mode=uniform expected_us=10 nodes=256 world_size=26112 max_upper_fanout=0 total_tasks=322695227 elapsed_s=20.001 throughput_tasks_per_s=1.6134e+07
Abort(0) on node 0 (rank 0 in comm 0): application called MPI_Abort(MPI_COMM_WORLD, 0) - process 0
Rank 0 aborted with code 0: application called MPI_Abort(MPI_COMM_WORLD, 0) - process 0
x4305c0s1b0n0.hsn.cm.aurora.alcf.anl.gov: rank 20 died from signal 15
exit=143
##### dist=hierarchical_lockfree_rma fanout=-1 nodes=256 mode=uniform expected_us=10 #####
RESULT distributor=hierarchical_lockfree_rma mode=uniform expected_us=10 nodes=256 world_size=26112 max_upper_fanout=-1 total_tasks=122681366 elapsed_s=20.0007 throughput_tasks_per_s=6.13384e+06
Abort(0) on node 0 (rank 0 in comm 0): application called MPI_Abort(MPI_COMM_WORLD, 0) - process 0
Rank 0 aborted with code 0: application called MPI_Abort(MPI_COMM_WORLD, 0) - process 0
x4305c0s1b0n0.hsn.cm.aurora.alcf.anl.gov: rank 14 died from signal 15
exit=143
##### dist=naive fanout=-1 nodes=256 mode=uniform expected_us=100 #####
RESULT distributor=naive mode=uniform expected_us=100 nodes=256 world_size=26112 max_upper_fanout=-1 total_tasks=10487779 elapsed_s=20.191 throughput_tasks_per_s=519428
Abort(0) on node 0 (rank 0 in comm 0): application called MPI_Abort(MPI_COMM_WORLD, 0) - process 0
Rank 0 aborted with code 0: application called MPI_Abort(MPI_COMM_WORLD, 0) - process 0
x4305c0s1b0n0.hsn.cm.aurora.alcf.anl.gov: rank 2 died from signal 15
exit=143
##### dist=hierarchical fanout=0 nodes=256 mode=uniform expected_us=100 #####
RESULT distributor=hierarchical mode=uniform expected_us=100 nodes=256 world_size=26112 max_upper_fanout=0 total_tasks=28621722 elapsed_s=20.5882 throughput_tasks_per_s=1.3902e+06
Abort(0) on node 0 (rank 0 in comm 0): application called MPI_Abort(MPI_COMM_WORLD, 0) - process 0
Rank 0 aborted with code 0: application called MPI_Abort(MPI_COMM_WORLD, 0) - process 0
x4305c0s1b0n0.hsn.cm.aurora.alcf.anl.gov: rank 22 died from signal 15
exit=143
##### dist=hierarchical fanout=-1 nodes=256 mode=uniform expected_us=100 #####
RESULT distributor=hierarchical mode=uniform expected_us=100 nodes=256 world_size=26112 max_upper_fanout=-1 total_tasks=26441058 elapsed_s=20.2559 throughput_tasks_per_s=1.30535e+06
Abort(0) on node 0 (rank 0 in comm 0): application called MPI_Abort(MPI_COMM_WORLD, 0) - process 0
Rank 0 aborted with code 0: application called MPI_Abort(MPI_COMM_WORLD, 0) - process 0
x4305c0s1b0n0.hsn.cm.aurora.alcf.anl.gov: rank 10 died from signal 15
exit=143
##### dist=lockfree_rma fanout=-1 nodes=256 mode=uniform expected_us=100 #####
RESULT distributor=lockfree_rma mode=uniform expected_us=100 nodes=256 world_size=26112 max_upper_fanout=-1 total_tasks=2114698 elapsed_s=20.1001 throughput_tasks_per_s=105208
Abort(0) on node 0 (rank 0 in comm 0): application called MPI_Abort(MPI_COMM_WORLD, 0) - process 0
Rank 0 aborted with code 0: application called MPI_Abort(MPI_COMM_WORLD, 0) - process 0
x4305c0s1b0n0.hsn.cm.aurora.alcf.anl.gov: rank 1 died from signal 15
exit=143
##### dist=hierarchical_lockfree_rma fanout=0 nodes=256 mode=uniform expected_us=100 #####
RESULT distributor=hierarchical_lockfree_rma mode=uniform expected_us=100 nodes=256 world_size=26112 max_upper_fanout=0 total_tasks=321856103 elapsed_s=20.0016 throughput_tasks_per_s=1.60915e+07
Abort(0) on node 0 (rank 0 in comm 0): application called MPI_Abort(MPI_COMM_WORLD, 0) - process 0
Rank 0 aborted with code 0: application called MPI_Abort(MPI_COMM_WORLD, 0) - process 0
x4305c0s1b0n0.hsn.cm.aurora.alcf.anl.gov: rank 87 died from signal 15
exit=143
##### dist=hierarchical_lockfree_rma fanout=-1 nodes=256 mode=uniform expected_us=100 #####
RESULT distributor=hierarchical_lockfree_rma mode=uniform expected_us=100 nodes=256 world_size=26112 max_upper_fanout=-1 total_tasks=122873650 elapsed_s=20.0009 throughput_tasks_per_s=6.14341e+06
Abort(0) on node 0 (rank 0 in comm 0): application called MPI_Abort(MPI_COMM_WORLD, 0) - process 0
Rank 0 aborted with code 0: application called MPI_Abort(MPI_COMM_WORLD, 0) - process 0
x4305c0s1b0n0.hsn.cm.aurora.alcf.anl.gov: rank 69 died from signal 15
exit=143
##### dist=naive fanout=-1 nodes=256 mode=uniform expected_us=1000 #####
RESULT distributor=naive mode=uniform expected_us=1000 nodes=256 world_size=26112 max_upper_fanout=-1 total_tasks=6779090 elapsed_s=20.635 throughput_tasks_per_s=328523
Abort(0) on node 0 (rank 0 in comm 0): application called MPI_Abort(MPI_COMM_WORLD, 0) - process 0
Rank 0 aborted with code 0: application called MPI_Abort(MPI_COMM_WORLD, 0) - process 0
x4305c0s1b0n0.hsn.cm.aurora.alcf.anl.gov: rank 6 died from signal 15
exit=143
##### dist=hierarchical fanout=0 nodes=256 mode=uniform expected_us=1000 #####
RESULT distributor=hierarchical mode=uniform expected_us=1000 nodes=256 world_size=26112 max_upper_fanout=0 total_tasks=18444242 elapsed_s=20.3328 throughput_tasks_per_s=907118
Abort(0) on node 0 (rank 0 in comm 0): application called MPI_Abort(MPI_COMM_WORLD, 0) - process 0
Rank 0 aborted with code 0: application called MPI_Abort(MPI_COMM_WORLD, 0) - process 0
x4305c0s1b0n0.hsn.cm.aurora.alcf.anl.gov: rank 4 died from signal 15
exit=143
##### dist=hierarchical fanout=-1 nodes=256 mode=uniform expected_us=1000 #####
RESULT distributor=hierarchical mode=uniform expected_us=1000 nodes=256 world_size=26112 max_upper_fanout=-1 total_tasks=37987040 elapsed_s=20.4594 throughput_tasks_per_s=1.8567e+06
Abort(0) on node 0 (rank 0 in comm 0): application called MPI_Abort(MPI_COMM_WORLD, 0) - process 0
Rank 0 aborted with code 0: application called MPI_Abort(MPI_COMM_WORLD, 0) - process 0
x4305c0s1b0n0.hsn.cm.aurora.alcf.anl.gov: rank 18 died from signal 15
exit=143
##### dist=lockfree_rma fanout=-1 nodes=256 mode=uniform expected_us=1000 #####
RESULT distributor=lockfree_rma mode=uniform expected_us=1000 nodes=256 world_size=26112 max_upper_fanout=-1 total_tasks=2143825 elapsed_s=20.0182 throughput_tasks_per_s=107094
Abort(0) on node 0 (rank 0 in comm 0): application called MPI_Abort(MPI_COMM_WORLD, 0) - process 0
Rank 0 aborted with code 0: application called MPI_Abort(MPI_COMM_WORLD, 0) - process 0
x4305c0s1b0n0.hsn.cm.aurora.alcf.anl.gov: rank 6 died from signal 15
exit=143
##### dist=hierarchical_lockfree_rma fanout=0 nodes=256 mode=uniform expected_us=1000 #####
RESULT distributor=hierarchical_lockfree_rma mode=uniform expected_us=1000 nodes=256 world_size=26112 max_upper_fanout=0 total_tasks=242666906 elapsed_s=20.0007 throughput_tasks_per_s=1.21329e+07
Abort(0) on node 0 (rank 0 in comm 0): application called MPI_Abort(MPI_COMM_WORLD, 0) - process 0
Rank 0 aborted with code 0: application called MPI_Abort(MPI_COMM_WORLD, 0) - process 0
x4305c0s1b0n0.hsn.cm.aurora.alcf.anl.gov: rank 14 died from signal 15
exit=143
##### dist=hierarchical_lockfree_rma fanout=-1 nodes=256 mode=uniform expected_us=1000 #####
RESULT distributor=hierarchical_lockfree_rma mode=uniform expected_us=1000 nodes=256 world_size=26112 max_upper_fanout=-1 total_tasks=114219174 elapsed_s=20.0005 throughput_tasks_per_s=5.71082e+06
Abort(0) on node 0 (rank 0 in comm 0): application called MPI_Abort(MPI_COMM_WORLD, 0) - process 0
Rank 0 aborted with code 0: application called MPI_Abort(MPI_COMM_WORLD, 0) - process 0
x4305c0s1b0n0.hsn.cm.aurora.alcf.anl.gov: rank 13 died from signal 15
exit=143
##### dist=naive fanout=-1 nodes=256 mode=uniform expected_us=10000 #####
RESULT distributor=naive mode=uniform expected_us=10000 nodes=256 world_size=26112 max_upper_fanout=-1 total_tasks=6632700 elapsed_s=20.2218 throughput_tasks_per_s=327998
Abort(0) on node 0 (rank 0 in comm 0): application called MPI_Abort(MPI_COMM_WORLD, 0) - process 0
Rank 0 aborted with code 0: application called MPI_Abort(MPI_COMM_WORLD, 0) - process 0
x4305c0s1b0n0.hsn.cm.aurora.alcf.anl.gov: rank 24 died from signal 15
exit=143
##### dist=hierarchical fanout=0 nodes=256 mode=uniform expected_us=10000 #####
RESULT distributor=hierarchical mode=uniform expected_us=10000 nodes=256 world_size=26112 max_upper_fanout=0 total_tasks=25060720 elapsed_s=20.5368 throughput_tasks_per_s=1.22028e+06
Abort(0) on node 0 (rank 0 in comm 0): application called MPI_Abort(MPI_COMM_WORLD, 0) - process 0
Rank 0 aborted with code 0: application called MPI_Abort(MPI_COMM_WORLD, 0) - process 0
x4305c0s1b0n0.hsn.cm.aurora.alcf.anl.gov: rank 10 died from signal 15
exit=143
##### dist=hierarchical fanout=-1 nodes=256 mode=uniform expected_us=10000 #####
RESULT distributor=hierarchical mode=uniform expected_us=10000 nodes=256 world_size=26112 max_upper_fanout=-1 total_tasks=25592546 elapsed_s=20.5167 throughput_tasks_per_s=1.2474e+06
Abort(0) on node 0 (rank 0 in comm 0): application called MPI_Abort(MPI_COMM_WORLD, 0) - process 0
Rank 0 aborted with code 0: application called MPI_Abort(MPI_COMM_WORLD, 0) - process 0
x4305c0s1b0n0.hsn.cm.aurora.alcf.anl.gov: rank 4 died from signal 15
exit=143
##### dist=lockfree_rma fanout=-1 nodes=256 mode=uniform expected_us=10000 #####
RESULT distributor=lockfree_rma mode=uniform expected_us=10000 nodes=256 world_size=26112 max_upper_fanout=-1 total_tasks=2130082 elapsed_s=20.1426 throughput_tasks_per_s=105750
Abort(0) on node 0 (rank 0 in comm 0): application called MPI_Abort(MPI_COMM_WORLD, 0) - process 0
Rank 0 aborted with code 0: application called MPI_Abort(MPI_COMM_WORLD, 0) - process 0
x4305c0s1b0n0.hsn.cm.aurora.alcf.anl.gov: rank 2 died from signal 15
exit=143
##### dist=hierarchical_lockfree_rma fanout=0 nodes=256 mode=uniform expected_us=10000 #####
RESULT distributor=hierarchical_lockfree_rma mode=uniform expected_us=10000 nodes=256 world_size=26112 max_upper_fanout=0 total_tasks=48699088 elapsed_s=20.0008 throughput_tasks_per_s=2.43486e+06
Abort(0) on node 0 (rank 0 in comm 0): application called MPI_Abort(MPI_COMM_WORLD, 0) - process 0
Rank 0 aborted with code 0: application called MPI_Abort(MPI_COMM_WORLD, 0) - process 0
x4305c0s1b0n0.hsn.cm.aurora.alcf.anl.gov: rank 14 died from signal 15
exit=143
##### dist=hierarchical_lockfree_rma fanout=-1 nodes=256 mode=uniform expected_us=10000 #####
RESULT distributor=hierarchical_lockfree_rma mode=uniform expected_us=10000 nodes=256 world_size=26112 max_upper_fanout=-1 total_tasks=47787500 elapsed_s=20.0016 throughput_tasks_per_s=2.38918e+06
Abort(0) on node 0 (rank 0 in comm 0): application called MPI_Abort(MPI_COMM_WORLD, 0) - process 0
Rank 0 aborted with code 0: application called MPI_Abort(MPI_COMM_WORLD, 0) - process 0
x4305c0s1b0n0.hsn.cm.aurora.alcf.anl.gov: rank 38 died from signal 15
exit=143
##### dist=naive fanout=-1 nodes=256 mode=uniform expected_us=100000 #####
RESULT distributor=naive mode=uniform expected_us=100000 nodes=256 world_size=26112 max_upper_fanout=-1 total_tasks=3799064 elapsed_s=20.8188 throughput_tasks_per_s=182483
Abort(0) on node 0 (rank 0 in comm 0): application called MPI_Abort(MPI_COMM_WORLD, 0) - process 0
Rank 0 aborted with code 0: application called MPI_Abort(MPI_COMM_WORLD, 0) - process 0
x4305c0s1b0n0.hsn.cm.aurora.alcf.anl.gov: rank 53 died from signal 15
exit=143
##### dist=hierarchical fanout=0 nodes=256 mode=uniform expected_us=100000 #####
RESULT distributor=hierarchical mode=uniform expected_us=100000 nodes=256 world_size=26112 max_upper_fanout=0 total_tasks=4798124 elapsed_s=21.1931 throughput_tasks_per_s=226400
Abort(0) on node 0 (rank 0 in comm 0): application called MPI_Abort(MPI_COMM_WORLD, 0) - process 0
Rank 0 aborted with code 0: application called MPI_Abort(MPI_COMM_WORLD, 0) - process 0
x4305c0s1b0n0.hsn.cm.aurora.alcf.anl.gov: rank 12 died from signal 15
exit=143
##### dist=hierarchical fanout=-1 nodes=256 mode=uniform expected_us=100000 #####
RESULT distributor=hierarchical mode=uniform expected_us=100000 nodes=256 world_size=26112 max_upper_fanout=-1 total_tasks=4248460 elapsed_s=21.5864 throughput_tasks_per_s=196812
Abort(0) on node 0 (rank 0 in comm 0): application called MPI_Abort(MPI_COMM_WORLD, 0) - process 0
Rank 0 aborted with code 0: application called MPI_Abort(MPI_COMM_WORLD, 0) - process 0
x4305c0s1b0n0.hsn.cm.aurora.alcf.anl.gov: rank 64 died from signal 15
exit=143
##### dist=lockfree_rma fanout=-1 nodes=256 mode=uniform expected_us=100000 #####
RESULT distributor=lockfree_rma mode=uniform expected_us=100000 nodes=256 world_size=26112 max_upper_fanout=-1 total_tasks=2829131 elapsed_s=20.0189 throughput_tasks_per_s=141323
Abort(0) on node 0 (rank 0 in comm 0): application called MPI_Abort(MPI_COMM_WORLD, 0) - process 0
Rank 0 aborted with code 0: application called MPI_Abort(MPI_COMM_WORLD, 0) - process 0
x4305c0s1b0n0.hsn.cm.aurora.alcf.anl.gov: rank 11 died from signal 15
exit=143
##### dist=hierarchical_lockfree_rma fanout=0 nodes=256 mode=uniform expected_us=100000 #####
RESULT distributor=hierarchical_lockfree_rma mode=uniform expected_us=100000 nodes=256 world_size=26112 max_upper_fanout=0 total_tasks=4991149 elapsed_s=20.0014 throughput_tasks_per_s=249539
Abort(0) on node 0 (rank 0 in comm 0): application called MPI_Abort(MPI_COMM_WORLD, 0) - process 0
Rank 0 aborted with code 0: application called MPI_Abort(MPI_COMM_WORLD, 0) - process 0
x4305c0s1b0n0.hsn.cm.aurora.alcf.anl.gov: rank 70 died from signal 15
exit=143
##### dist=hierarchical_lockfree_rma fanout=-1 nodes=256 mode=uniform expected_us=100000 #####
RESULT distributor=hierarchical_lockfree_rma mode=uniform expected_us=100000 nodes=256 world_size=26112 max_upper_fanout=-1 total_tasks=4944663 elapsed_s=20.0011 throughput_tasks_per_s=247220
Abort(0) on node 0 (rank 0 in comm 0): application called MPI_Abort(MPI_COMM_WORLD, 0) - process 0
Rank 0 aborted with code 0: application called MPI_Abort(MPI_COMM_WORLD, 0) - process 0
x4305c0s1b0n0.hsn.cm.aurora.alcf.anl.gov: rank 20 died from signal 15
exit=143
##### dist=naive fanout=-1 nodes=256 mode=uniform expected_us=1000000 #####
RESULT distributor=naive mode=uniform expected_us=1000000 nodes=256 world_size=26112 max_upper_fanout=-1 total_tasks=605871 elapsed_s=26.3979 throughput_tasks_per_s=22951.5
Abort(0) on node 0 (rank 0 in comm 0): application called MPI_Abort(MPI_COMM_WORLD, 0) - process 0
Rank 0 aborted with code 0: application called MPI_Abort(MPI_COMM_WORLD, 0) - process 0
x4305c0s1b0n0.hsn.cm.aurora.alcf.anl.gov: rank 12 died from signal 15
exit=143
##### dist=hierarchical fanout=0 nodes=256 mode=uniform expected_us=1000000 #####
RESULT distributor=hierarchical mode=uniform expected_us=1000000 nodes=256 world_size=26112 max_upper_fanout=0 total_tasks=723146 elapsed_s=30.2903 throughput_tasks_per_s=23873.8
Abort(0) on node 0 (rank 0 in comm 0): application called MPI_Abort(MPI_COMM_WORLD, 0) - process 0
Rank 0 aborted with code 0: application called MPI_Abort(MPI_COMM_WORLD, 0) - process 0
x4305c0s1b0n0.hsn.cm.aurora.alcf.anl.gov: rank 14 died from signal 15
exit=143
##### dist=hierarchical fanout=-1 nodes=256 mode=uniform expected_us=1000000 #####
RESULT distributor=hierarchical mode=uniform expected_us=1000000 nodes=256 world_size=26112 max_upper_fanout=-1 total_tasks=678794 elapsed_s=29.7876 throughput_tasks_per_s=22787.8
Abort(0) on node 0 (rank 0 in comm 0): application called MPI_Abort(MPI_COMM_WORLD, 0) - process 0
Rank 0 aborted with code 0: application called MPI_Abort(MPI_COMM_WORLD, 0) - process 0
x4305c0s1b0n0.hsn.cm.aurora.alcf.anl.gov: rank 11 died from signal 15
exit=143
##### dist=lockfree_rma fanout=-1 nodes=256 mode=uniform expected_us=1000000 #####
RESULT distributor=lockfree_rma mode=uniform expected_us=1000000 nodes=256 world_size=26112 max_upper_fanout=-1 total_tasks=469432 elapsed_s=20.0003 throughput_tasks_per_s=23471.3
Abort(0) on node 0 (rank 0 in comm 0): application called MPI_Abort(MPI_COMM_WORLD, 0) - process 0
Rank 0 aborted with code 0: application called MPI_Abort(MPI_COMM_WORLD, 0) - process 0
Abort(15) on node 394: Fatal error in internal_Win_flush: Other MPI error
Abort(15) on node 22284: Fatal error in internal_Win_flush: Other MPI error
Abort(15) on node 759: Fatal error in internal_Win_flush: Other MPI error
Abort(15) on node 7103: Fatal error in internal_Win_flush: Other MPI error
Abort(15) on node 18265: Fatal error in internal_Win_flush: Other MPI error
Abort(15) on node 18269: Fatal error in internal_Win_flush: Other MPI error
Abort(15) on node 1249: Fatal error in internal_Win_flush: Other MPI error
Abort(15) on node 19480: Fatal error in internal_Win_flush: Other MPI error
Abort(15) on node 12250: Fatal error in internal_Win_flush: Other MPI error
Abort(15) on node 18274: Fatal error in internal_Win_flush: Other MPI error
Abort(15) on node 1533: Fatal error in internal_Win_flush: Other MPI error
Abort(15) on node 16467: Fatal error in internal_Win_flush: Other MPI error
Abort(15) on node 18285: Fatal error in internal_Win_flush: Other MPI error
Abort(15) on node 22975: Fatal error in internal_Win_flush: Other MPI error
Abort(15) on node 24510: Fatal error in internal_Win_flush: Other MPI error
Abort(15) on node 25965: Fatal error in internal_Win_flush: Other MPI error
Abort(15) on node 594: Fatal error in internal_Win_flush: Other MPI error
Abort(15) on node 18295: Fatal error in internal_Win_flush: Other MPI error
Abort(15) on node 22991: Fatal error in internal_Win_flush: Other MPI error
Abort(15) on node 23784: Fatal error in internal_Win_flush: Other MPI error
Abort(15) on node 24526: Fatal error in internal_Win_flush: Other MPI error
Abort(15) on node 25123: Fatal error in internal_Win_flush: Other MPI error
Abort(15) on node 6339: Fatal error in internal_Win_flush: Other MPI error
Abort(15) on node 15352: Fatal error in internal_Win_flush: Other MPI error
Abort(15) on node 18319: Fatal error in internal_Win_flush: Other MPI error
Abort(15) on node 24533: Fatal error in internal_Win_flush: Other MPI error
Abort(15) on node 1742: Fatal error in internal_Win_flush: Other MPI error
Abort(15) on node 18332: Fatal error in internal_Win_flush: Other MPI error
Abort(15) on node 24534: Fatal error in internal_Win_flush: Other MPI error
Abort(15) on node 5678: Fatal error in internal_Win_flush: Other MPI error
Abort(15) on node 18343: Fatal error in internal_Win_flush: Other MPI error
Abort(15) on node 22210: Fatal error in internal_Win_flush: Other MPI error
Abort(15) on node 24536: Fatal error in internal_Win_flush: Other MPI error
Abort(15) on node 18346: Fatal error in internal_Win_flush: Other MPI error
Abort(15) on node 21544: Fatal error in internal_Win_flush: Other MPI error
Abort(15) on node 22160: Fatal error in internal_Win_flush: Other MPI error
Abort(15) on node 24452: Fatal error in internal_Win_flush: Other MPI error
Abort(15) on node 5112: Fatal error in internal_Win_flush: Other MPI error
Abort(15) on node 15279: Fatal error in internal_Win_flush: Other MPI error
Abort(15) on node 18356: Fatal error in internal_Win_flush: Other MPI error
Abort(15) on node 24482: Fatal error in internal_Win_flush: Other MPI error
Abort(15) on node 3813: Fatal error in internal_Win_flush: Other MPI error
Abort(15) on node 6521: Fatal error in internal_Win_flush: Other MPI error
Abort(15) on node 14275: Fatal error in internal_Win_flush: Other MPI error
Abort(15) on node 3482: Fatal error in internal_Win_flush: Other MPI error
Abort(15) on node 19280: Fatal error in internal_Win_flush: Other MPI error
Abort(15) on node 3483: Fatal error in internal_Win_flush: Other MPI error
Abort(15) on node 4912: Fatal error in internal_Win_flush: Other MPI error
Abort(15) on node 26068: Fatal error in internal_Win_flush: Other MPI error
Abort(15) on node 14073: Fatal error in internal_Win_flush: Other MPI error
Abort(15) on node 13586: Fatal error in internal_Win_flush: Other MPI error
Abort(15) on node 6413: Fatal error in internal_Win_flush: Other MPI error
Abort(15) on node 12866: Fatal error in internal_Win_flush: Other MPI error
Abort(15) on node 13605: Fatal error in internal_Win_flush: Other MPI error
Abort(15) on node 7147: Fatal error in internal_Win_flush: Other MPI error
Abort(15) on node 1312: Fatal error in internal_Win_flush: Other MPI error
Abort(15) on node 23944: Fatal error in internal_Win_flush: Other MPI error
Abort(15) on node 317: Fatal error in internal_Win_flush: Other MPI error
Abort(15) on node 19879: Fatal error in internal_Win_flush: Other MPI error
Abort(15) on node 21828: Fatal error in internal_Win_flush: Other MPI error
Abort(15) on node 14766: Fatal error in internal_Win_flush: Other MPI error
Abort(15) on node 24414: Fatal error in internal_Win_flush: Other MPI error
Abort(15) on node 16452: Fatal error in internal_Win_flush: Other MPI error
Abort(15) on node 21737: Fatal error in internal_Win_flush: Other MPI error
Abort(15) on node 19007: Fatal error in internal_Win_flush: Other MPI error
Abort(15) on node 2277: Fatal error in internal_Win_flush: Other MPI error
Abort(15) on node 21894: Fatal error in internal_Win_flush: Other MPI error
Abort(15) on node 7929: Fatal error in internal_Win_flush: Other MPI error
Abort(15) on node 567: Fatal error in internal_Win_flush: Other MPI error
Abort(15) on node 18945: Fatal error in internal_Win_flush: Other MPI error
Abort(15) on node 21673: Fatal error in internal_Win_flush: Other MPI error
Abort(15) on node 25285: Fatal error in internal_Win_flush: Other MPI error
Abort(15) on node 17959: Fatal error in internal_Win_flush: Other MPI error
Abort(15) on node 5611: Fatal error in internal_Win_flush: Other MPI error
Abort(15) on node 5567: Fatal error in internal_Win_flush: Other MPI error
Abort(15) on node 12678: Fatal error in internal_Win_flush: Other MPI error
Abort(15) on node 14185: Fatal error in internal_Win_flush: Other MPI error
Abort(15) on node 8941: Fatal error in internal_Win_flush: Other MPI error
Abort(15) on node 10796: Fatal error in internal_Win_flush: Other MPI error
Abort(15) on node 8958: Fatal error in internal_Win_flush: Other MPI error
Abort(15) on node 10900: Fatal error in internal_Win_flush: Other MPI error
Abort(15) on node 11728: Fatal error in internal_Win_flush: Other MPI error
Abort(15) on node 13117: Fatal error in internal_Win_flush: Other MPI error
Abort(15) on node 15253: Fatal error in internal_Win_flush: Other MPI error
Abort(15) on node 20577: Fatal error in internal_Win_flush: Other MPI error
Abort(15) on node 1097: Fatal error in internal_Win_flush: Other MPI error
Abort(15) on node 3668: Fatal error in internal_Win_flush: Other MPI error
Abort(15) on node 846: Fatal error in internal_Win_flush: Other MPI error
Abort(15) on node 14436: Fatal error in internal_Win_flush: Other MPI error
Abort(15) on node 5723: Fatal error in internal_Win_flush: Other MPI error
Abort(15) on node 5714: Fatal error in internal_Win_flush: Other MPI error
Abort(15) on node 24371: Fatal error in internal_Win_flush: Other MPI error
Abort(15) on node 19283: Fatal error in internal_Win_flush: Other MPI error
Abort(15) on node 24290: Fatal error in internal_Win_flush: Other MPI error
Abort(15) on node 21449: Fatal error in internal_Win_flush: Other MPI error
Abort(15) on node 13824: Fatal error in internal_Win_flush: Other MPI error
Abort(15) on node 107: Fatal error in internal_Win_flush: Other MPI error
Abort(15) on node 8775: Fatal error in internal_Win_flush: Other MPI error
Abort(15) on node 19290: Fatal error in internal_Win_flush: Other MPI error
Abort(15) on node 19813: Fatal error in internal_Win_flush: Other MPI error
Abort(15) on node 8064: Fatal error in internal_Win_flush: Other MPI error
Abort(15) on node 23627: Fatal error in internal_Win_flush: Other MPI error
Abort(15) on node 8066: Fatal error in internal_Win_flush: Other MPI error
Abort(15) on node 21664: Fatal error in internal_Win_flush: Other MPI error
Abort(15) on node 5244: Fatal error in internal_Win_flush: Other MPI error
Abort(15) on node 8081: Fatal error in internal_Win_flush: Other MPI error
Abort(15) on node 9510: Fatal error in internal_Win_flush: Other MPI error
Abort(15) on node 6444: Fatal error in internal_Win_flush: Other MPI error
Abort(15) on node 8124: Fatal error in internal_Win_flush: Other MPI error
Abort(15) on node 9506: Fatal error in internal_Win_flush: Other MPI error
Abort(15) on node 13070: Fatal error in internal_Win_flush: Other MPI error
Abort(15) on node 2220: Fatal error in internal_Win_flush: Other MPI error
Abort(15) on node 16541: Fatal error in internal_Win_flush: Other MPI error
Abort(15) on node 1389: Fatal error in internal_Win_flush: Other MPI error
Abort(15) on node 18254: Fatal error in internal_Win_flush: Other MPI error
Abort(15) on node 22605: Fatal error in internal_Win_flush: Other MPI error
Abort(15) on node 23725: Fatal error in internal_Win_flush: Other MPI error
Abort(15) on node 8520: Fatal error in internal_Win_flush: Other MPI error
Abort(15) on node 17749: Fatal error in internal_Win_flush: Other MPI error
Abort(15) on node 17768: Fatal error in internal_Win_flush: Other MPI error
Abort(15) on node 17804: Fatal error in internal_Win_flush: Other MPI error
Abort(15) on node 23521: Fatal error in internal_Win_flush: Other MPI error
Abort(15) on node 17809: Fatal error in internal_Win_flush: Other MPI error
Abort(15) on node 17823: Fatal error in internal_Win_flush: Other MPI error
Abort(15) on node 13783: Fatal error in internal_Win_flush: Other MPI error
Abort(15) on node 9094: Fatal error in internal_Win_flush: Other MPI error
Abort(15) on node 7117: Fatal error in internal_Win_flush: Other MPI error
Abort(15) on node 9240: Fatal error in internal_Win_flush: Other MPI error
Abort(15) on node 17834: Fatal error in internal_Win_flush: Other MPI error
Abort(15) on node 7429: Fatal error in internal_Win_flush: Other MPI error
Abort(15) on node 17839: Fatal error in internal_Win_flush: Other MPI error
Abort(15) on node 19204: Fatal error in internal_Win_flush: Other MPI error
Abort(15) on node 2669: Fatal error in internal_Win_flush: Other MPI error
Abort(15) on node 17840: Fatal error in internal_Win_flush: Other MPI error
Abort(15) on node 16088: Fatal error in internal_Win_flush: Other MPI error
Abort(15) on node 3060: Fatal error in internal_Win_flush: Other MPI error
Abort(15) on node 10936: Fatal error in internal_Win_flush: Other MPI error
Abort(15) on node 13573: Fatal error in internal_Win_flush: Other MPI error
Abort(15) on node 17844: Fatal error in internal_Win_flush: Other MPI error
Abort(15) on node 18557: Fatal error in internal_Win_flush: Other MPI error
Abort(15) on node 5413: Fatal error in internal_Win_flush: Other MPI error
Abort(15) on node 9807: Fatal error in internal_Win_flush: Other MPI error
Abort(15) on node 6037: Fatal error in internal_Win_flush: Other MPI error
Abort(15) on node 23962: Fatal error in internal_Win_flush: Other MPI error
Abort(15) on node 5120: Fatal error in internal_Win_flush: Other MPI error
Abort(15) on node 15445: Fatal error in internal_Win_flush: Other MPI error
Abort(15) on node 22084: Fatal error in internal_Win_flush: Other MPI error
Abort(15) on node 517: Fatal error in internal_Win_flush: Other MPI error
Abort(15) on node 16593: Fatal error in internal_Win_flush: Other MPI error
Abort(15) on node 11505: Fatal error in internal_Win_flush: Other MPI error
Abort(15) on node 6307: Fatal error in internal_Win_flush: Other MPI error
Abort(15) on node 5251: Fatal error in internal_Win_flush: Other MPI error
Abort(15) on node 12696: Fatal error in internal_Win_flush: Other MPI error
Abort(15) on node 25472: Fatal error in internal_Win_flush: Other MPI error
Abort(15) on node 25413: Fatal error in internal_Win_flush: Other MPI error
Abort(15) on node 12039: Fatal error in internal_Win_flush: Other MPI error
Abort(15) on node 18379: Fatal error in internal_Win_flush: Other MPI error
Abort(15) on node 11770: Fatal error in internal_Win_flush: Other MPI error
Abort(15) on node 7003: Fatal error in internal_Win_flush: Other MPI error
Abort(15) on node 3538: Fatal error in internal_Win_flush: Other MPI error
Abort(15) on node 8962: Fatal error in internal_Win_flush: Other MPI error
Abort(15) on node 9519: Fatal error in internal_Win_flush: Other MPI error
Abort(15) on node 18397: Fatal error in internal_Win_flush: Other MPI error
Abort(15) on node 1220: Fatal error in internal_Win_flush: Other MPI error
Abort(15) on node 22545: Fatal error in internal_Win_flush: Other MPI error
Abort(15) on node 18037: Fatal error in internal_Win_flush: Other MPI error
Abort(15) on node 11005: Fatal error in internal_Win_flush: Other MPI error
Abort(15) on node 23008: Fatal error in internal_Win_flush: Other MPI error
Abort(15) on node 1203: Fatal error in internal_Win_flush: Other MPI error
Abort(15) on node 12733: Fatal error in internal_Win_flush: Other MPI error
Abort(15) on node 4662: Fatal error in internal_Win_flush: Other MPI error
Abort(15) on node 5658: Fatal error in internal_Win_flush: Other MPI error
Abort(15) on node 24201: Fatal error in internal_Win_flush: Other MPI error
Abort(15) on node 12150: Fatal error in internal_Win_flush: Other MPI error
Abort(15) on node 24458: Fatal error in internal_Win_flush: Other MPI error
Abort(15) on node 25231: Fatal error in internal_Win_flush: Other MPI error
Abort(15) on node 10784: Fatal error in internal_Win_flush: Other MPI error
Abort(15) on node 8659: Fatal error in internal_Win_flush: Other MPI error
Abort(15) on node 14130: Fatal error in internal_Win_flush: Other MPI error
Abort(15) on node 14447: Fatal error in internal_Win_flush: Other MPI error
Abort(15) on node 23556: Fatal error in internal_Win_flush: Other MPI error
Abort(15) on node 14695: Fatal error in internal_Win_flush: Other MPI error
Abort(15) on node 20058: Fatal error in internal_Win_flush: Other MPI error
Abort(15) on node 10201: Fatal error in internal_Win_flush: Other MPI error
Abort(15) on node 22296: Fatal error in internal_Win_flush: Other MPI error
Abort(15) on node 22969: Fatal error in internal_Win_flush: Other MPI error
Abort(15) on node 12667: Fatal error in internal_Win_flush: Other MPI error
Abort(15) on node 17709: Fatal error in internal_Win_flush: Other MPI error
Abort(15) on node 5261: Fatal error in internal_Win_flush: Other MPI error
Abort(15) on node 13829: Fatal error in internal_Win_flush: Other MPI error
Abort(15) on node 13582: Fatal error in internal_Win_flush: Other MPI error
Abort(15) on node 10743: Fatal error in internal_Win_flush: Other MPI error
Abort(15) on node 17652: Fatal error in internal_Win_flush: Other MPI error
Abort(15) on node 24764: Fatal error in internal_Win_flush: Other MPI error
Abort(15) on node 3606: Fatal error in internal_Win_flush: Other MPI error
Abort(15) on node 13284: Fatal error in internal_Win_flush: Other MPI error
Abort(15) on node 7079: Fatal error in internal_Win_flush: Other MPI error
Abort(15) on node 18022: Fatal error in internal_Win_flush: Other MPI error
Abort(15) on node 2891: Fatal error in internal_Win_flush: Other MPI error
Abort(15) on node 22591: Fatal error in internal_Win_flush: Other MPI error
Abort(15) on node 3587: Fatal error in internal_Win_flush: Other MPI error
Abort(15) on node 21718: Fatal error in internal_Win_flush: Other MPI error
Abort(15) on node 4174: Fatal error in internal_Win_flush: Other MPI error
Abort(15) on node 22569: Fatal error in internal_Win_flush: Other MPI error
Abort(15) on node 2004: Fatal error in internal_Win_flush: Other MPI error
Abort(15) on node 21677: Fatal error in internal_Win_flush: Other MPI error
Abort(15) on node 8336: Fatal error in internal_Win_flush: Other MPI error
Abort(15) on node 2490: Fatal error in internal_Win_flush: Other MPI error
Abort(15) on node 25452: Fatal error in internal_Win_flush: Other MPI error
Abort(15) on node 17188: Fatal error in internal_Win_flush: Other MPI error
Abort(15) on node 18741: Fatal error in internal_Win_flush: Other MPI error
Abort(15) on node 19124: Fatal error in internal_Win_flush: Other MPI error
Abort(15) on node 3400: Fatal error in internal_Win_flush: Other MPI error
Abort(15) on node 1499: Fatal error in internal_Win_flush: Other MPI error
Abort(15) on node 7615: Fatal error in internal_Win_flush: Other MPI error
Abort(15) on node 15037: Fatal error in internal_Win_flush: Other MPI error
Abort(15) on node 17213: Fatal error in internal_Win_flush: Other MPI error
Abort(15) on node 15444: Fatal error in internal_Win_flush: Other MPI error
Abort(15) on node 23632: Fatal error in internal_Win_flush: Other MPI error
Abort(15) on node 13185: Fatal error in internal_Win_flush: Other MPI error
Abort(15) on node 8654: Fatal error in internal_Win_flush: Other MPI error
Abort(15) on node 16267: Fatal error in internal_Win_flush: Other MPI error
Abort(15) on node 2310: Fatal error in internal_Win_flush: Other MPI error
Abort(15) on node 2723: Fatal error in internal_Win_flush: Other MPI error
Abort(15) on node 22353: Fatal error in internal_Win_flush: Other MPI error
Abort(15) on node 13168: Fatal error in internal_Win_flush: Other MPI error
Abort(15) on node 22383: Fatal error in internal_Win_flush: Other MPI error
Abort(15) on node 23323: Fatal error in internal_Win_flush: Other MPI error
Abort(15) on node 6341: Fatal error in internal_Win_flush: Other MPI error
Abort(15) on node 14251: Fatal error in internal_Win_flush: Other MPI error
Abort(15) on node 6732: Fatal error in internal_Win_flush: Other MPI error
Abort(15) on node 18480: Fatal error in internal_Win_flush: Other MPI error
Abort(15) on node 2680: Fatal error in internal_Win_flush: Other MPI error
Abort(15) on node 6750: Fatal error in internal_Win_flush: Other MPI error
Abort(15) on node 10987: Fatal error in internal_Win_flush: Other MPI error
Abort(15) on node 6752: Fatal error in internal_Win_flush: Other MPI error
Abort(15) on node 25652: Fatal error in internal_Win_flush: Other MPI error
Abort(15) on node 17468: Fatal error in internal_Win_flush: Other MPI error
Abort(15) on node 22693: Fatal error in internal_Win_flush: Other MPI error
Abort(15) on node 6783: Fatal error in internal_Win_flush: Other MPI error
Abort(15) on node 17481: Fatal error in internal_Win_flush: Other MPI error
Abort(15) on node 17501: Fatal error in internal_Win_flush: Other MPI error
Abort(15) on node 265: Fatal error in internal_Win_flush: Other MPI error
Abort(15) on node 6784: Fatal error in internal_Win_flush: Other MPI error
Abort(15) on node 17543: Fatal error in internal_Win_flush: Other MPI error
Abort(15) on node 6803: Fatal error in internal_Win_flush: Other MPI error
Abort(15) on node 9265: Fatal error in internal_Win_flush: Other MPI error
Abort(15) on node 11588: Fatal error in internal_Win_flush: Other MPI error
Abort(15) on node 1848: Fatal error in internal_Win_flush: Other MPI error
Abort(15) on node 6828: Fatal error in internal_Win_flush: Other MPI error
Abort(15) on node 820: Fatal error in internal_Win_flush: Other MPI error
Abort(15) on node 24736: Fatal error in internal_Win_flush: Other MPI error
Abort(15) on node 16443: Fatal error in internal_Win_flush: Other MPI error
Abort(15) on node 17458: Fatal error in internal_Win_flush: Other MPI error
Abort(15) on node 5726: Fatal error in internal_Win_flush: Other MPI error
Abort(15) on node 6811: Fatal error in internal_Win_flush: Other MPI error
Abort(15) on node 7175: Fatal error in internal_Win_flush: Other MPI error
Abort(15) on node 18999: Fatal error in internal_Win_flush: Other MPI error
Abort(15) on node 9670: Fatal error in internal_Win_flush: Other MPI error
Abort(15) on node 14298: Fatal error in internal_Win_flush: Other MPI error
Abort(15) on node 7502: Fatal error in internal_Win_flush: Other MPI error
Abort(15) on node 7492: Fatal error in internal_Win_flush: Other MPI error
Abort(15) on node 18228: Fatal error in internal_Win_flush: Other MPI error
Abort(15) on node 25297: Fatal error in internal_Win_flush: Other MPI error
Abort(15) on node 13107: Fatal error in internal_Win_flush: Other MPI error
Abort(15) on node 10265: Fatal error in internal_Win_flush: Other MPI error
Abort(15) on node 11396: Fatal error in internal_Win_flush: Other MPI error
Abort(15) on node 18820: Fatal error in internal_Win_flush: Other MPI error
Abort(15) on node 996: Fatal error in internal_Win_flush: Other MPI error
Abort(15) on node 23395: Fatal error in internal_Win_flush: Other MPI error
Abort(15) on node 20222: Fatal error in internal_Win_flush: Other MPI error
Abort(15) on node 963: Fatal error in internal_Win_flush: Other MPI error
Abort(15) on node 13327: Fatal error in internal_Win_flush: Other MPI error
Abort(15) on node 15755: Fatal error in internal_Win_flush: Other MPI error
Abort(15) on node 8865: Fatal error in internal_Win_flush: Other MPI error
Abort(15) on node 2942: Fatal error in internal_Win_flush: Other MPI error
Abort(15) on node 3389: Fatal error in internal_Win_flush: Other MPI error
Abort(15) on node 14134: Fatal error in internal_Win_flush: Other MPI error
Abort(15) on node 16464: Fatal error in internal_Win_flush: Other MPI error
Abort(15) on node 10144: Fatal error in internal_Win_flush: Other MPI error
Abort(15) on node 15875: Fatal error in internal_Win_flush: Other MPI error
Abort(15) on node 2498: Fatal error in internal_Win_flush: Other MPI error
Abort(15) on node 10196: Fatal error in internal_Win_flush: Other MPI error
Abort(15) on node 19072: Fatal error in internal_Win_flush: Other MPI error
Abort(15) on node 8913: Fatal error in internal_Win_flush: Other MPI error
Abort(15) on node 25007: Fatal error in internal_Win_flush: Other MPI error
Abort(15) on node 14930: Fatal error in internal_Win_flush: Other MPI error
Abort(15) on node 21911: Fatal error in internal_Win_flush: Other MPI error
Abort(15) on node 7970: Fatal error in internal_Win_flush: Other MPI error
Abort(15) on node 536: Fatal error in internal_Win_flush: Other MPI error
Abort(15) on node 17679: Fatal error in internal_Win_flush: Other MPI error
Abort(15) on node 5934: Fatal error in internal_Win_flush: Other MPI error
Abort(15) on node 254: Fatal error in internal_Win_flush: Other MPI error
Abort(15) on node 6238: Fatal error in internal_Win_flush: Other MPI error
Abort(15) on node 739: Fatal error in internal_Win_flush: Other MPI error
Abort(15) on node 1488: Fatal error in internal_Win_flush: Other MPI error
Abort(15) on node 24915: Fatal error in internal_Win_flush: Other MPI error
Abort(15) on node 17498: Fatal error in internal_Win_flush: Other MPI error
Abort(15) on node 25189: Fatal error in internal_Win_flush: Other MPI error
Abort(15) on node 19745: Fatal error in internal_Win_flush: Other MPI error
Abort(15) on node 14353: Fatal error in internal_Win_flush: Other MPI error
Abort(15) on node 20497: Fatal error in internal_Win_flush: Other MPI error
Abort(15) on node 4254: Fatal error in internal_Win_flush: Other MPI error
Abort(15) on node 2388: Fatal error in internal_Win_flush: Other MPI error
Abort(15) on node 2499: Fatal error in internal_Win_flush: Other MPI error
Abort(15) on node 4273: Fatal error in internal_Win_flush: Other MPI error
Abort(15) on node 17246: Fatal error in internal_Win_flush: Other MPI error
Abort(15) on node 8247: Fatal error in internal_Win_flush: Other MPI error
Abort(15) on node 8774: Fatal error in internal_Win_flush: Other MPI error
Abort(15) on node 17849: Fatal error in internal_Win_flush: Other MPI error
Abort(15) on node 24353: Fatal error in internal_Win_flush: Other MPI error
Abort(15) on node 16024: Fatal error in internal_Win_flush: Other MPI error
Abort(15) on node 22883: Fatal error in internal_Win_flush: Other MPI error
Abort(15) on node 25161: Fatal error in internal_Win_flush: Other MPI error
Abort(15) on node 1933: Fatal error in internal_Win_flush: Other MPI error
Abort(15) on node 19229: Fatal error in internal_Win_flush: Other MPI error
Abort(15) on node 2734: Fatal error in internal_Win_flush: Other MPI error
Abort(15) on node 5877: Fatal error in internal_Win_flush: Other MPI error
Abort(15) on node 876: Fatal error in internal_Win_flush: Other MPI error
Abort(15) on node 9627: Fatal error in internal_Win_flush: Other MPI error
Abort(15) on node 10399: Fatal error in internal_Win_flush: Other MPI error
Abort(15) on node 14192: Fatal error in internal_Win_flush: Other MPI error
Abort(15) on node 15181: Fatal error in internal_Win_flush: Other MPI error
Abort(15) on node 4233: Fatal error in internal_Win_flush: Other MPI error
Abort(15) on node 16277: Fatal error in internal_Win_flush: Other MPI error
Abort(15) on node 12322: Fatal error in internal_Win_flush: Other MPI error
Abort(15) on node 23593: Fatal error in internal_Win_flush: Other MPI error
Abort(15) on node 5931: Fatal error in internal_Win_flush: Other MPI error
Abort(15) on node 17461: Fatal error in internal_Win_flush: Other MPI error
Abort(15) on node 23589: Fatal error in internal_Win_flush: Other MPI error
Abort(15) on node 14172: Fatal error in internal_Win_flush: Other MPI error
Abort(15) on node 19914: Fatal error in internal_Win_flush: Other MPI error
Abort(15) on node 4748: Fatal error in internal_Win_flush: Other MPI error
Abort(15) on node 23927: Fatal error in internal_Win_flush: Other MPI error
Abort(15) on node 12621: Fatal error in internal_Win_flush: Other MPI error
Abort(15) on node 13222: Fatal error in internal_Win_flush: Other MPI error
Abort(15) on node 19937: Fatal error in internal_Win_flush: Other MPI error
Abort(15) on node 3037: Fatal error in internal_Win_flush: Other MPI error
Abort(15) on node 24253: Fatal error in internal_Win_flush: Other MPI error
Abort(15) on node 6832: Fatal error in internal_Win_flush: Other MPI error
Abort(15) on node 21826: Fatal error in internal_Win_flush: Other MPI error
Abort(15) on node 12103: Fatal error in internal_Win_flush: Other MPI error
Abort(15) on node 19764: Fatal error in internal_Win_flush: Other MPI error
Abort(15) on node 20771: Fatal error in internal_Win_flush: Other MPI error
Abort(15) on node 8498: Fatal error in internal_Win_flush: Other MPI error
Abort(15) on node 13767: Fatal error in internal_Win_flush: Other MPI error
Abort(15) on node 1941: Fatal error in internal_Win_flush: Other MPI error
Abort(15) on node 24777: Fatal error in internal_Win_flush: Other MPI error
Abort(15) on node 16924: Fatal error in internal_Win_flush: Other MPI error
Abort(15) on node 20508: Fatal error in internal_Win_flush: Other MPI error
Abort(15) on node 18709: Fatal error in internal_Win_flush: Other MPI error
Abort(15) on node 171: Fatal error in internal_Win_flush: Other MPI error
Abort(15) on node 18491: Fatal error in internal_Win_flush: Other MPI error
Abort(15) on node 23843: Fatal error in internal_Win_flush: Other MPI error
Abort(15) on node 15459: Fatal error in internal_Win_flush: Other MPI error
Abort(15) on node 7483: Fatal error in internal_Win_flush: Other MPI error
Abort(15) on node 17358: Fatal error in internal_Win_flush: Other MPI error
Abort(15) on node 2949: Fatal error in internal_Win_flush: Other MPI error
Abort(15) on node 22859: Fatal error in internal_Win_flush: Other MPI error
Abort(15) on node 3769: Fatal error in internal_Win_flush: Other MPI error
Abort(15) on node 1093: Fatal error in internal_Win_flush: Other MPI error
Abort(15) on node 16902: Fatal error in internal_Win_flush: Other MPI error
Abort(15) on node 7719: Fatal error in internal_Win_flush: Other MPI error
Abort(15) on node 12822: Fatal error in internal_Win_flush: Other MPI error
Abort(15) on node 21593: Fatal error in internal_Win_flush: Other MPI error
Abort(15) on node 19607: Fatal error in internal_Win_flush: Other MPI error
Abort(15) on node 19753: Fatal error in internal_Win_flush: Other MPI error
Abort(15) on node 6104: Fatal error in internal_Win_flush: Other MPI error
Abort(15) on node 16925: Fatal error in internal_Win_flush: Other MPI error
Abort(15) on node 9640: Fatal error in internal_Win_flush: Other MPI error
Abort(15) on node 11397: Fatal error in internal_Win_flush: Other MPI error
Abort(15) on node 13922: Fatal error in internal_Win_flush: Other MPI error
Abort(15) on node 16458: Fatal error in internal_Win_flush: Other MPI error
Abort(15) on node 7888: Fatal error in internal_Win_flush: Other MPI error
Abort(15) on node 13366: Fatal error in internal_Win_flush: Other MPI error
Abort(15) on node 6467: Fatal error in internal_Win_flush: Other MPI error
Abort(15) on node 13399: Fatal error in internal_Win_flush: Other MPI error
Abort(15) on node 13404: Fatal error in internal_Win_flush: Other MPI error
Abort(15) on node 19196: Fatal error in internal_Win_flush: Other MPI error
Abort(15) on node 1550: Fatal error in internal_Win_flush: Other MPI error
Abort(15) on node 19687: Fatal error in internal_Win_flush: Other MPI error
Abort(15) on node 22927: Fatal error in internal_Win_flush: Other MPI error
Abort(15) on node 1001: Fatal error in internal_Win_flush: Other MPI error
Abort(15) on node 13414: Fatal error in internal_Win_flush: Other MPI error
Abort(15) on node 13432: Fatal error in internal_Win_flush: Other MPI error
Abort(15) on node 1983: Fatal error in internal_Win_flush: Other MPI error
Abort(15) on node 541: Fatal error in internal_Win_flush: Other MPI error
Abort(15) on node 13438: Fatal error in internal_Win_flush: Other MPI error
Abort(15) on node 13444: Fatal error in internal_Win_flush: Other MPI error
Abort(15) on node 14106: Fatal error in internal_Win_flush: Other MPI error
Abort(15) on node 1485: Fatal error in internal_Win_flush: Other MPI error
Abort(15) on node 21816: Fatal error in internal_Win_flush: Other MPI error
Abort(15) on node 13453: Fatal error in internal_Win_flush: Other MPI error
Abort(15) on node 26058: Fatal error in internal_Win_flush: Other MPI error
Abort(15) on node 700: Fatal error in internal_Win_flush: Other MPI error
Abort(15) on node 13455: Fatal error in internal_Win_flush: Other MPI error
Abort(15) on node 16891: Fatal error in internal_Win_flush: Other MPI error
Abort(15) on node 7022: Fatal error in internal_Win_flush: Other MPI error
Abort(15) on node 13409: Fatal error in internal_Win_flush: Other MPI error
Abort(15) on node 13017: Fatal error in internal_Win_flush: Other MPI error
Abort(15) on node 705: Fatal error in internal_Win_flush: Other MPI error
Abort(15) on node 13035: Fatal error in internal_Win_flush: Other MPI error
Abort(15) on node 5649: Fatal error in internal_Win_flush: Other MPI error
Abort(15) on node 13038: Fatal error in internal_Win_flush: Other MPI error
Abort(15) on node 12959: Fatal error in internal_Win_flush: Other MPI error
Abort(15) on node 13308: Fatal error in internal_Win_flush: Other MPI error
Abort(15) on node 12977: Fatal error in internal_Win_flush: Other MPI error
Abort(15) on node 12208: Fatal error in internal_Win_flush: Other MPI error
Abort(15) on node 12981: Fatal error in internal_Win_flush: Other MPI error
Abort(15) on node 12994: Fatal error in internal_Win_flush: Other MPI error
Abort(15) on node 19301: Fatal error in internal_Win_flush: Other MPI error
Abort(15) on node 18092: Fatal error in internal_Win_flush: Other MPI error
Abort(15) on node 19365: Fatal error in internal_Win_flush: Other MPI error
Abort(15) on node 12998: Fatal error in internal_Win_flush: Other MPI error
Abort(15) on node 23334: Fatal error in internal_Win_flush: Other MPI error
Abort(15) on node 13003: Fatal error in internal_Win_flush: Other MPI error
Abort(15) on node 17469: Fatal error in internal_Win_flush: Other MPI error
Abort(15) on node 19299: Fatal error in internal_Win_flush: Other MPI error
Abort(15) on node 24075: Fatal error in internal_Win_flush: Other MPI error
Abort(15) on node 19257: Fatal error in internal_Win_flush: Other MPI error
Abort(15) on node 20549: Fatal error in internal_Win_flush: Other MPI error
Abort(15) on node 22418: Fatal error in internal_Win_flush: Other MPI error
Abort(15) on node 24818: Fatal error in internal_Win_flush: Other MPI error
Abort(15) on node 11985: Fatal error in internal_Win_flush: Other MPI error
Abort(15) on node 2495: Fatal error in internal_Win_flush: Other MPI error
Abort(15) on node 11433: Fatal error in internal_Win_flush: Other MPI error
Abort(15) on node 16784: Fatal error in internal_Win_flush: Other MPI error
Abort(15) on node 7638: Fatal error in internal_Win_flush: Other MPI error
Abort(15) on node 14019: Fatal error in internal_Win_flush: Other MPI error
Abort(15) on node 24858: Fatal error in internal_Win_flush: Other MPI error
Abort(15) on node 24886: Fatal error in internal_Win_flush: Other MPI error
Abort(15) on node 21893: Fatal error in internal_Win_flush: Other MPI error
Abort(15) on node 14611: Fatal error in internal_Win_flush: Other MPI error
Abort(15) on node 15604: Fatal error in internal_Win_flush: Other MPI error
Abort(15) on node 11084: Fatal error in internal_Win_flush: Other MPI error
Abort(15) on node 16165: Fatal error in internal_Win_flush: Other MPI error
Abort(15) on node 23427: Fatal error in internal_Win_flush: Other MPI error
Abort(15) on node 18278: Fatal error in internal_Win_flush: Other MPI error
Abort(15) on node 25105: Fatal error in internal_Win_flush: Other MPI error
Abort(15) on node 1323: Fatal error in internal_Win_flush: Other MPI error
Abort(15) on node 22303: Fatal error in internal_Win_flush: Other MPI error
Abort(15) on node 2426: Fatal error in internal_Win_flush: Other MPI error
Abort(15) on node 12129: Fatal error in internal_Win_flush: Other MPI error
Abort(15) on node 21218: Fatal error in internal_Win_flush: Other MPI error
Abort(15) on node 19209: Fatal error in internal_Win_flush: Other MPI error
Abort(15) on node 21258: Fatal error in internal_Win_flush: Other MPI error
Abort(15) on node 24442: Fatal error in internal_Win_flush: Other MPI error
Abort(15) on node 24356: Fatal error in internal_Win_flush: Other MPI error
Abort(15) on node 1588: Fatal error in internal_Win_flush: Other MPI error
Abort(15) on node 15948: Fatal error in internal_Win_flush: Other MPI error
Abort(15) on node 21227: Fatal error in internal_Win_flush: Other MPI error
Abort(15) on node 5873: Fatal error in internal_Win_flush: Other MPI error
Abort(15) on node 21229: Fatal error in internal_Win_flush: Other MPI error
Abort(15) on node 11499: Fatal error in internal_Win_flush: Other MPI error
Abort(15) on node 21242: Fatal error in internal_Win_flush: Other MPI error
Abort(15) on node 9344: Fatal error in internal_Win_flush: Other MPI error
Abort(15) on node 16809: Fatal error in internal_Win_flush: Other MPI error
Abort(15) on node 21256: Fatal error in internal_Win_flush: Other MPI error
Abort(15) on node 5361: Fatal error in internal_Win_flush: Other MPI error
Abort(15) on node 12566: Fatal error in internal_Win_flush: Other MPI error
Abort(15) on node 13961: Fatal error in internal_Win_flush: Other MPI error
Abort(15) on node 21285: Fatal error in internal_Win_flush: Other MPI error
Abort(15) on node 21290: Fatal error in internal_Win_flush: Other MPI error
Abort(15) on node 25639: Fatal error in internal_Win_flush: Other MPI error
Abort(15) on node 5789: Fatal error in internal_Win_flush: Other MPI error
Abort(15) on node 21291: Fatal error in internal_Win_flush: Other MPI error
Abort(15) on node 21296: Fatal error in internal_Win_flush: Other MPI error
Abort(15) on node 17912: Fatal error in internal_Win_flush: Other MPI error
Abort(15) on node 21299: Fatal error in internal_Win_flush: Other MPI error
Abort(15) on node 5469: Fatal error in internal_Win_flush: Other MPI error
Abort(15) on node 20491: Fatal error in internal_Win_flush: Other MPI error
Abort(15) on node 23510: Fatal error in internal_Win_flush: Other MPI error
Abort(15) on node 10480: Fatal error in internal_Win_flush: Other MPI error
Abort(15) on node 21303: Fatal error in internal_Win_flush: Other MPI error
Abort(15) on node 3594: Fatal error in internal_Win_flush: Other MPI error
Abort(15) on node 21304: Fatal error in internal_Win_flush: Other MPI error
Abort(15) on node 23788: Fatal error in internal_Win_flush: Other MPI error
Abort(15) on node 21306: Fatal error in internal_Win_flush: Other MPI error
Abort(15) on node 2997: Fatal error in internal_Win_flush: Other MPI error
Abort(15) on node 24383: Fatal error in internal_Win_flush: Other MPI error
Abort(15) on node 21308: Fatal error in internal_Win_flush: Other MPI error
Abort(15) on node 11452: Fatal error in internal_Win_flush: Other MPI error
Abort(15) on node 17165: Fatal error in internal_Win_flush: Other MPI error
Abort(15) on node 21317: Fatal error in internal_Win_flush: Other MPI error
Abort(15) on node 4968: Fatal error in internal_Win_flush: Other MPI error
Abort(15) on node 23862: Fatal error in internal_Win_flush: Other MPI error
Abort(15) on node 25695: Fatal error in internal_Win_flush: Other MPI error
Abort(15) on node 24112: Fatal error in internal_Win_flush: Other MPI error
Abort(15) on node 9228: Fatal error in internal_Win_flush: Other MPI error
Abort(15) on node 24667: Fatal error in internal_Win_flush: Other MPI error
Abort(15) on node 20915: Fatal error in internal_Win_flush: Other MPI error
Abort(15) on node 20930: Fatal error in internal_Win_flush: Other MPI error
Abort(15) on node 23786: Fatal error in internal_Win_flush: Other MPI error
Abort(15) on node 25701: Fatal error in internal_Win_flush: Other MPI error
Abort(15) on node 20933: Fatal error in internal_Win_flush: Other MPI error
Abort(15) on node 16861: Fatal error in internal_Win_flush: Other MPI error
Abort(15) on node 15415: Fatal error in internal_Win_flush: Other MPI error
Abort(15) on node 20965: Fatal error in internal_Win_flush: Other MPI error
Abort(15) on node 23353: Fatal error in internal_Win_flush: Other MPI error
Abort(15) on node 6140: Fatal error in internal_Win_flush: Other MPI error
Abort(15) on node 17811: Fatal error in internal_Win_flush: Other MPI error
Abort(15) on node 1955: Fatal error in internal_Win_flush: Other MPI error
Abort(15) on node 16099: Fatal error in internal_Win_flush: Other MPI error
Abort(15) on node 2039: Fatal error in internal_Win_flush: Other MPI error
Abort(15) on node 3513: Fatal error in internal_Win_flush: Other MPI error
Abort(15) on node 17010: Fatal error in internal_Win_flush: Other MPI error
Abort(15) on node 19021: Fatal error in internal_Win_flush: Other MPI error
Abort(15) on node 25859: Fatal error in internal_Win_flush: Other MPI error
Abort(15) on node 5027: Fatal error in internal_Win_flush: Other MPI error
Abort(15) on node 7264: Fatal error in internal_Win_flush: Other MPI error
Abort(15) on node 10926: Fatal error in internal_Win_flush: Other MPI error
Abort(15) on node 7392: Fatal error in internal_Win_flush: Other MPI error
Abort(15) on node 16184: Fatal error in internal_Win_flush: Other MPI error
x4305c0s1b0n0.hsn.cm.aurora.alcf.anl.gov: rank 12 died from signal 15
Abort(15) on node 5530: Fatal error in internal_Win_flush: Other MPI error
Abort(15) on node 16839: Fatal error in internal_Win_flush: Other MPI error
Abort(15) on node 23655: Fatal error in internal_Win_flush: Other MPI error
Abort(15) on node 25627: Fatal error in internal_Win_flush: Other MPI error
Abort(15) on node 26040: Fatal error in internal_Win_flush: Other MPI error
Abort(15) on node 11117: Fatal error in internal_Win_flush: Other MPI error
Abort(15) on node 2509: Fatal error in internal_Win_flush: Other MPI error
Abort(15) on node 2972: Fatal error in internal_Win_flush: Other MPI error
Abort(15) on node 2864: Fatal error in internal_Win_flush: Other MPI error
Abort(15) on node 8705: Fatal error in internal_Win_flush: Other MPI error
Abort(15) on node 8719: Fatal error in internal_Win_flush: Other MPI error
Abort(15) on node 8770: Fatal error in internal_Win_flush: Other MPI error
Abort(15) on node 8676: Fatal error in internal_Win_flush: Other MPI error
Abort(15) on node 14408: Fatal error in internal_Win_flush: Other MPI error
Abort(15) on node 8699: Fatal error in internal_Win_flush: Other MPI error
Abort(15) on node 8735: Fatal error in internal_Win_flush: Other MPI error
Abort(15) on node 17004: Fatal error in internal_Win_flush: Other MPI error
Abort(15) on node 20832: Fatal error in internal_Win_flush: Other MPI error
Abort(15) on node 14898: Fatal error in internal_Win_flush: Other MPI error
Abort(15) on node 20982: Fatal error in internal_Win_flush: Other MPI error
Abort(15) on node 24469: Fatal error in internal_Win_flush: Other MPI error
Abort(15) on node 15582: Fatal error in internal_Win_flush: Other MPI error
Abort(15) on node 21253: Fatal error in internal_Win_flush: Other MPI error
Abort(15) on node 14526: Fatal error in internal_Win_flush: Other MPI error
Abort(15) on node 24778: Fatal error in internal_Win_flush: Other MPI error
Abort(15) on node 10458: Fatal error in internal_Win_flush: Other MPI error
Abort(15) on node 17880: Fatal error in internal_Win_flush: Other MPI error
Abort(15) on node 14561: Fatal error in internal_Win_flush: Other MPI error
Abort(15) on node 3950: Fatal error in internal_Win_flush: Other MPI error
Abort(15) on node 4354: Fatal error in internal_Win_flush: Other MPI error
Abort(15) on node 8729: Fatal error in internal_Win_flush: Other MPI error
Abort(15) on node 20386: Fatal error in internal_Win_flush: Other MPI error
Abort(15) on node 133: Fatal error in internal_Win_flush: Other MPI error
Abort(15) on node 268: Fatal error in internal_Win_flush: Other MPI error
x4206c4s3b0n0.hsn.cm.aurora.alcf.anl.gov: rank 14073 exited with code 15
Abort(15) on node 12153: Fatal error in internal_Win_flush: Other MPI error
Abort(15) on node 11683: Fatal error in internal_Win_flush: Other MPI error
Abort(15) on node 19170: Fatal error in internal_Win_flush: Other MPI error
Abort(15) on node 23364: Fatal error in internal_Win_flush: Other MPI error
Abort(15) on node 23537: Fatal error in internal_Win_flush: Other MPI error
Abort(15) on node 12484: Fatal error in internal_Win_flush: Other MPI error
Abort(15) on node 18496: Fatal error in internal_Win_flush: Other MPI error
Abort(15) on node 9962: Fatal error in internal_Win_flush: Other MPI error
Abort(15) on node 18718: Fatal error in internal_Win_flush: Other MPI error
Abort(15) on node 12482: Fatal error in internal_Win_flush: Other MPI error
Abort(15) on node 6323: Fatal error in internal_Win_flush: Other MPI error
Abort(15) on node 8207: Fatal error in internal_Win_flush: Other MPI error
Abort(15) on node 22937: Fatal error in internal_Win_flush: Other MPI error
Abort(15) on node 13990: Fatal error in internal_Win_flush: Other MPI error
Abort(15) on node 21865: Fatal error in internal_Win_flush: Other MPI error
Abort(15) on node 7902: Fatal error in internal_Win_flush: Other MPI error
Abort(15) on node 23852: Fatal error in internal_Win_flush: Other MPI error
exit=143
##### dist=hierarchical_lockfree_rma fanout=0 nodes=256 mode=uniform expected_us=1000000 #####
RESULT distributor=hierarchical_lockfree_rma mode=uniform expected_us=1000000 nodes=256 world_size=26112 max_upper_fanout=0 total_tasks=456802 elapsed_s=20.001 throughput_tasks_per_s=22839
Abort(0) on node 0 (rank 0 in comm 0): application called MPI_Abort(MPI_COMM_WORLD, 0) - process 0
Rank 0 aborted with code 0: application called MPI_Abort(MPI_COMM_WORLD, 0) - process 0
x4305c0s1b0n0.hsn.cm.aurora.alcf.anl.gov: rank 74 died from signal 15
exit=143
##### dist=hierarchical_lockfree_rma fanout=-1 nodes=256 mode=uniform expected_us=1000000 #####
RESULT distributor=hierarchical_lockfree_rma mode=uniform expected_us=1000000 nodes=256 world_size=26112 max_upper_fanout=-1 total_tasks=457031 elapsed_s=20.0006 throughput_tasks_per_s=22850.9
Abort(0) on node 0 (rank 0 in comm 0): application called MPI_Abort(MPI_COMM_WORLD, 0) - process 0
Rank 0 aborted with code 0: application called MPI_Abort(MPI_COMM_WORLD, 0) - process 0
x4305c0s1b0n0.hsn.cm.aurora.alcf.anl.gov: rank 2 died from signal 15
exit=143
ALL DONE
